<html>
<body>
<pre>
<h1>µVision Build Log</h1>
<h2>Tool Versions:</h2>
IDE-Version: µVision V5.35.0.0
Copyright (C) 2021 ARM Ltd and ARM Germany GmbH. All rights reserved.
License Information: A A A Flex license: error obtaining information 
Tool Versions:
Toolchain:       MDK-Lite  Version: 5.35.0.2
Toolchain Path:  C:\Keil_v5\ARM\ARMCC\Bin
C Compiler:      Armcc.exe V5.06 update 6 (build 750)
Assembler:       Armasm.exe V5.06 update 6 (build 750)
Linker/Locator:  ArmLink.exe V5.06 update 6 (build 750)
Library Manager: ArmAr.exe V5.06 update 6 (build 750)
Hex Converter:   FromElf.exe V5.06 update 6 (build 750)
CPU DLL:         
Dialog DLL:      
Target DLL:      Segger\JL2CM3.dll V2.99.40.0
Dialog DLL:      TCM.DLL V1.53.0.0
 
<h2>Project:</h2>
D:\01-work\01-Exploration\02-MPP\nRF5_SDK_17.1.0_ddde560\examples\peripheral\01-PWM-uart\pca10040\blank\arm5_no_packs\uart_pca10040.uvprojx
Project File Date:  10/25/2022

<h2>Output:</h2>
*** Using Compiler 'V5.06 update 6 (build 750)', folder: 'C:\Keil_v5\ARM\ARMCC\Bin'
Build target 'nrf52832_xxaa'
compiling app_error.c...
compiling nrfx_atomic.c...
compiling nrf_drv_uart.c...
compiling nrfx_prs.c...
compiling boards.c...
compiling data.c...
compiling nrfx_uart.c...
compiling nrfx_timer.c...
compiling nrfx_pwm.c...
compiling nrfx_uarte.c...
compiling main.c...
..\..\..\main.c(341): warning:  #177-D: function "demoBPSK"  was declared but never referenced
  static void demoBPSK(void)
..\..\..\main.c: 1 warning, 0 errors
compiling app_error_handler_keil.c...
compiling nrf_ringbuf.c...
compiling nrf_assert.c...
compiling app_util_platform.c...
compiling nrf_atomic.c...
compiling nrf_fprintf_format.c...
compiling nrf_fprintf.c...
compiling nrf_balloc.c...
assembling arm_startup_nrf52.s...
compiling nrf_memobj.c...
compiling app_fifo.c...
compiling app_error_weak.c...
compiling app_uart_fifo.c...
compiling nrf_strerror.c...
compiling retarget.c...
compiling nrf_log_frontend.c...
compiling nrf_log_str_formatter.c...
compiling system_nrf52.c...
linking...
Program Size: Code=6188 RO-data=752 RW-data=156 ZI-data=8852  
FromELF: creating hex file...
".\_build\nrf52832_xxaa.axf" - 0 Error(s), 1 Warning(s).

<h2>Software Packages used:</h2>

Package Vendor: ARM
                http://www.keil.com/pack/ARM.CMSIS.5.6.0.pack
                ARM.CMSIS.5.6.0
                CMSIS (Cortex Microcontroller Software Interface Standard)
   * Component: CORE Version: 5.3.0

Package Vendor: NordicSemiconductor
                http://developer.nordicsemi.com/nRF5_SDK/pieces/nRF_DeviceFamilyPack/NordicSemiconductor.nRF_DeviceFamilyPack.8.40.3.pack
                NordicSemiconductor.nRF_DeviceFamilyPack.8.40.3
                Nordic Semiconductor nRF ARM devices Device Family Pack with BSD license.
   * Component: Startup Version: 8.40.3

<h2>Collection of Component include folders:</h2>
  .\RTE\_nrf52832_xxaa
  C:\Users\v-rockyxiang\AppData\Local\Arm\Packs\ARM\CMSIS\5.6.0\CMSIS\Core\Include
  C:\Users\v-rockyxiang\AppData\Local\Arm\Packs\NordicSemiconductor\nRF_DeviceFamilyPack\8.40.3\Device\Include

<h2>Collection of Component Files used:</h2>

   * Component: ARM::CMSIS:CORE:5.3.0

   * Component: NordicSemiconductor::Device:Startup:8.40.3
      Source file:   Device\Source\system_nrf52.c
      Include file:  Device\Include\system_nrf52.h
      Source file:   Device\Source\arm\arm_startup_nrf52.s
      Include file:  Device\Include\system_nrf.h
Build Time Elapsed:  00:00:13
</pre>
</body>
</html>
