Component: ARM Compiler 5.06 update 6 (build 750) Tool: armlink [4d3601]

==============================================================================

Section Cross References

    main.o(i.RingHandler) refers to main.o(.data) for .data
    main.o(i.RingHandler) refers to data.o(.constdata) for seq_values_Ring
    main.o(i.RingHandler) refers to data.o(.data) for number_Ring
    main.o(i.TipHandler) refers to main.o(.data) for .data
    main.o(i.TipHandler) refers to data.o(.constdata) for seq_values_Tip
    main.o(i.TipHandler) refers to data.o(.data) for number_Tip
    main.o(i.TipRing0) refers to nrfx_pwm.o(i.nrfx_pwm_uninit) for nrfx_pwm_uninit
    main.o(i.TipRing0) refers to nrfx_pwm.o(i.nrfx_pwm_init) for nrfx_pwm_init
    main.o(i.TipRing0) refers to app_error.o(i.app_error_handler_bare) for app_error_handler_bare
    main.o(i.TipRing0) refers to nrfx_pwm.o(i.nrfx_pwm_complex_playback) for nrfx_pwm_complex_playback
    main.o(i.TipRing0) refers to data.o(.constdata) for seq_values_Tip
    main.o(i.TipRing0) refers to main.o(.data) for .data
    main.o(i.TipRing0) refers to data.o(.constdata) for seq_values_Ring
    main.o(i.TipRing0) refers to main.o(.constdata) for .constdata
    main.o(i.TipRing0) refers to data.o(.data) for number_Tip
    main.o(i.TipRing0) refers to data.o(.data) for number_Ring
    main.o(i.TipRing0) refers to main.o(i.TipHandler) for TipHandler
    main.o(i.TipRing0) refers to main.o(i.RingHandler) for RingHandler
    main.o(i.main) refers to memcpya.o(.text) for __aeabi_memcpy4
    main.o(i.main) refers to app_uart_fifo.o(i.app_uart_init) for app_uart_init
    main.o(i.main) refers to app_error.o(i.app_error_handler_bare) for app_error_handler_bare
    main.o(i.main) refers to printfb.o(i.__0printf$bare) for __2printf
    main.o(i.main) refers to main.o(i.TipRing0) for TipRing0
    main.o(i.main) refers to main.o(.constdata) for .constdata
    main.o(i.main) refers to main.o(.bss) for .bss
    main.o(i.main) refers to main.o(i.uart_error_handle) for uart_error_handle
    main.o(i.uart_error_handle) refers to app_error.o(i.app_error_handler_bare) for app_error_handler_bare
    main.o(.constdata) refers to main.o(.data) for seq_values_Tip0
    boards.o(i.bsp_board_button_idx_to_pin) refers to boards.o(.constdata) for .constdata
    boards.o(i.bsp_board_button_state_get) refers to boards.o(.constdata) for .constdata
    boards.o(i.bsp_board_init) refers to boards.o(i.nrf_gpio_cfg) for nrf_gpio_cfg
    boards.o(i.bsp_board_init) refers to boards.o(i.bsp_board_leds_off) for bsp_board_leds_off
    boards.o(i.bsp_board_init) refers to boards.o(.constdata) for .constdata
    boards.o(i.bsp_board_led_idx_to_pin) refers to boards.o(.constdata) for .constdata
    boards.o(i.bsp_board_led_invert) refers to boards.o(.constdata) for .constdata
    boards.o(i.bsp_board_led_off) refers to boards.o(i.nrf_gpio_pin_write) for nrf_gpio_pin_write
    boards.o(i.bsp_board_led_off) refers to boards.o(.constdata) for .constdata
    boards.o(i.bsp_board_led_on) refers to boards.o(i.nrf_gpio_pin_write) for nrf_gpio_pin_write
    boards.o(i.bsp_board_led_on) refers to boards.o(.constdata) for .constdata
    boards.o(i.bsp_board_led_state_get) refers to boards.o(.constdata) for .constdata
    boards.o(i.bsp_board_leds_off) refers to boards.o(i.bsp_board_led_off) for bsp_board_led_off
    boards.o(i.bsp_board_leds_on) refers to boards.o(i.bsp_board_led_on) for bsp_board_led_on
    boards.o(i.bsp_board_pin_to_button_idx) refers to boards.o(.constdata) for .constdata
    boards.o(i.bsp_board_pin_to_led_idx) refers to boards.o(.constdata) for .constdata
    nrf_drv_uart.o(i.nrf_drv_uart_init) refers to memcpya.o(.text) for __aeabi_memcpy4
    nrf_drv_uart.o(i.nrf_drv_uart_init) refers to nrfx_uarte.o(i.nrfx_uarte_init) for nrfx_uarte_init
    nrf_drv_uart.o(i.nrf_drv_uart_init) refers to nrfx_uart.o(i.nrfx_uart_init) for nrfx_uart_init
    nrf_drv_uart.o(i.nrf_drv_uart_init) refers to nrf_drv_uart.o(.data) for .data
    nrf_drv_uart.o(i.nrf_drv_uart_init) refers to nrf_drv_uart.o(i.uarte_evt_handler) for uarte_evt_handler
    nrf_drv_uart.o(i.nrf_drv_uart_init) refers to nrf_drv_uart.o(i.uart_evt_handler) for uart_evt_handler
    nrf_drv_uart.o(i.uart_evt_handler) refers to nrf_drv_uart.o(.data) for .data
    nrf_drv_uart.o(i.uarte_evt_handler) refers to nrf_drv_uart.o(.data) for .data
    nrfx_atomic.o(i.nrfx_atomic_flag_clear) refers to nrfx_atomic.o(i.nrfx_atomic_u32_and) for nrfx_atomic_u32_and
    nrfx_atomic.o(i.nrfx_atomic_flag_clear_fetch) refers to nrfx_atomic.o(i.nrfx_atomic_u32_fetch_and) for nrfx_atomic_u32_fetch_and
    nrfx_atomic.o(i.nrfx_atomic_flag_set) refers to nrfx_atomic.o(i.nrfx_atomic_u32_or) for nrfx_atomic_u32_or
    nrfx_atomic.o(i.nrfx_atomic_flag_set_fetch) refers to nrfx_atomic.o(i.nrfx_atomic_u32_fetch_or) for nrfx_atomic_u32_fetch_or
    nrfx_atomic.o(i.nrfx_atomic_u32_add) refers to nrfx_atomic.o(.emb_text) for __asm___13_nrfx_atomic_c_3bd32246__nrfx_atomic_internal_add
[...]
    entry.o(.ARM.Collect$$$$00000000) refers (Special) to entry5.o(.ARM.Collect$$$$00000004) for _main_scatterload
    entry.o(.ARM.Collect$$$$00000000) refers (Special) to entry2.o(.ARM.Collect$$$$00000001) for _main_stk
    printfb.o(i.__0fprintf$bare) refers to printfb.o(i._printf_core) for _printf_core
    printfb.o(i.__0fprintf$bare) refers to retarget.o(i.fputc) for fputc
    printfb.o(i.__0printf$bare) refers to printfb.o(i._printf_core) for _printf_core
    printfb.o(i.__0printf$bare) refers to retarget.o(i.fputc) for fputc
    printfb.o(i.__0printf$bare) refers to retarget.o(.data) for __stdout
    printfb.o(i.__0snprintf$bare) refers to printfb.o(i._printf_core) for _printf_core
    printfb.o(i.__0snprintf$bare) refers to printfb.o(i._snputc) for _snputc
    printfb.o(i.__0sprintf$bare) refers to printfb.o(i._printf_core) for _printf_core
    printfb.o(i.__0sprintf$bare) refers to printfb.o(i._sputc) for _sputc
    printfb.o(i.__0vfprintf$bare) refers to printfb.o(i._printf_core) for _printf_core
    printfb.o(i.__0vfprintf$bare) refers to retarget.o(i.fputc) for fputc
    printfb.o(i.__0vprintf$bare) refers to printfb.o(i._printf_core) for _printf_core
    printfb.o(i.__0vprintf$bare) refers to retarget.o(i.fputc) for fputc
    printfb.o(i.__0vprintf$bare) refers to retarget.o(.data) for __stdout
    printfb.o(i.__0vsnprintf$bare) refers to printfb.o(i._printf_core) for _printf_core
    printfb.o(i.__0vsnprintf$bare) refers to printfb.o(i._snputc) for _snputc
    printfb.o(i.__0vsprintf$bare) refers to printfb.o(i._printf_core) for _printf_core
    printfb.o(i.__0vsprintf$bare) refers to printfb.o(i._sputc) for _sputc
    printf0.o(i.__0fprintf$0) refers to printf0.o(i._printf_core) for _printf_core
    printf0.o(i.__0fprintf$0) refers to retarget.o(i.fputc) for fputc
    printf0.o(i.__0printf$0) refers to printf0.o(i._printf_core) for _printf_core
    printf0.o(i.__0printf$0) refers to retarget.o(i.fputc) for fputc
    printf0.o(i.__0printf$0) refers to retarget.o(.data) for __stdout
    printf0.o(i.__0snprintf$0) refers to printf0.o(i._printf_core) for _printf_core
    printf0.o(i.__0snprintf$0) refers to printf0.o(i._snputc) for _snputc
    printf0.o(i.__0sprintf$0) refers to printf0.o(i._printf_core) for _printf_core
    printf0.o(i.__0sprintf$0) refers to printf0.o(i._sputc) for _sputc
    printf0.o(i.__0vfprintf$0) refers to printf0.o(i._printf_core) for _printf_core
    printf0.o(i.__0vfprintf$0) refers to retarget.o(i.fputc) for fputc
    printf0.o(i.__0vprintf$0) refers to printf0.o(i._printf_core) for _printf_core
    printf0.o(i.__0vprintf$0) refers to retarget.o(i.fputc) for fputc
    printf0.o(i.__0vprintf$0) refers to retarget.o(.data) for __stdout
    printf0.o(i.__0vsnprintf$0) refers to printf0.o(i._printf_core) for _printf_core
    printf0.o(i.__0vsnprintf$0) refers to printf0.o(i._snputc) for _snputc
    printf0.o(i.__0vsprintf$0) refers to printf0.o(i._printf_core) for _printf_core
    printf0.o(i.__0vsprintf$0) refers to printf0.o(i._sputc) for _sputc
    printf1.o(i.__0fprintf$1) refers to printf1.o(i._printf_core) for _printf_core
    printf1.o(i.__0fprintf$1) refers to retarget.o(i.fputc) for fputc
    printf1.o(i.__0printf$1) refers to printf1.o(i._printf_core) for _printf_core
    printf1.o(i.__0printf$1) refers to retarget.o(i.fputc) for fputc
    printf1.o(i.__0printf$1) refers to retarget.o(.data) for __stdout
    printf1.o(i.__0snprintf$1) refers to printf1.o(i._printf_core) for _printf_core
    printf1.o(i.__0snprintf$1) refers to printf1.o(i._snputc) for _snputc
    printf1.o(i.__0sprintf$1) refers to printf1.o(i._printf_core) for _printf_core
    printf1.o(i.__0sprintf$1) refers to printf1.o(i._sputc) for _sputc
    printf1.o(i.__0vfprintf$1) refers to printf1.o(i._printf_core) for _printf_core
    printf1.o(i.__0vfprintf$1) refers to retarget.o(i.fputc) for fputc
    printf1.o(i.__0vprintf$1) refers to printf1.o(i._printf_core) for _printf_core
    printf1.o(i.__0vprintf$1) refers to retarget.o(i.fputc) for fputc
    printf1.o(i.__0vprintf$1) refers to retarget.o(.data) for __stdout
    printf1.o(i.__0vsnprintf$1) refers to printf1.o(i._printf_core) for _printf_core
    printf1.o(i.__0vsnprintf$1) refers to printf1.o(i._snputc) for _snputc
    printf1.o(i.__0vsprintf$1) refers to printf1.o(i._printf_core) for _printf_core
    printf1.o(i.__0vsprintf$1) refers to printf1.o(i._sputc) for _sputc
    printf1.o(i._printf_core) refers to uidiv.o(.text) for __aeabi_uidivmod
    printf2.o(i.__0fprintf$2) refers to printf2.o(i._printf_core) for _printf_core
    printf2.o(i.__0fprintf$2) refers to retarget.o(i.fputc) for fputc
    printf2.o(i.__0printf$2) refers to printf2.o(i._printf_core) for _printf_core
    printf2.o(i.__0printf$2) refers to retarget.o(i.fputc) for fputc
    printf2.o(i.__0printf$2) refers to retarget.o(.data) for __stdout
    printf2.o(i.__0snprintf$2) refers to printf2.o(i._printf_core) for _printf_core
    printf2.o(i.__0snprintf$2) refers to printf2.o(i._snputc) for _snputc
    printf2.o(i.__0sprintf$2) refers to printf2.o(i._printf_core) for _printf_core
    printf2.o(i.__0sprintf$2) refers to printf2.o(i._sputc) for _sputc
    printf2.o(i.__0vfprintf$2) refers to printf2.o(i._printf_core) for _printf_core
    printf2.o(i.__0vfprintf$2) refers to retarget.o(i.fputc) for fputc
    printf2.o(i.__0vprintf$2) refers to printf2.o(i._printf_core) for _printf_core
    printf2.o(i.__0vprintf$2) refers to retarget.o(i.fputc) for fputc
    printf2.o(i.__0vprintf$2) refers to retarget.o(.data) for __stdout
    printf2.o(i.__0vsnprintf$2) refers to printf2.o(i._printf_core) for _printf_core
    printf2.o(i.__0vsnprintf$2) refers to printf2.o(i._snputc) for _snputc
    printf2.o(i.__0vsprintf$2) refers to printf2.o(i._printf_core) for _printf_core
    printf2.o(i.__0vsprintf$2) refers to printf2.o(i._sputc) for _sputc
    printf3.o(i.__0fprintf$3) refers to printf3.o(i._printf_core) for _printf_core
    printf3.o(i.__0fprintf$3) refers to retarget.o(i.fputc) for fputc
    printf3.o(i.__0printf$3) refers to printf3.o(i._printf_core) for _printf_core
    printf3.o(i.__0printf$3) refers to retarget.o(i.fputc) for fputc
    printf3.o(i.__0printf$3) refers to retarget.o(.data) for __stdout
    printf3.o(i.__0snprintf$3) refers to printf3.o(i._printf_core) for _printf_core
    printf3.o(i.__0snprintf$3) refers to printf3.o(i._snputc) for _snputc
    printf3.o(i.__0sprintf$3) refers to printf3.o(i._printf_core) for _printf_core
    printf3.o(i.__0sprintf$3) refers to printf3.o(i._sputc) for _sputc
    printf3.o(i.__0vfprintf$3) refers to printf3.o(i._printf_core) for _printf_core
    printf3.o(i.__0vfprintf$3) refers to retarget.o(i.fputc) for fputc
    printf3.o(i.__0vprintf$3) refers to printf3.o(i._printf_core) for _printf_core
    printf3.o(i.__0vprintf$3) refers to retarget.o(i.fputc) for fputc
    printf3.o(i.__0vprintf$3) refers to retarget.o(.data) for __stdout
    printf3.o(i.__0vsnprintf$3) refers to printf3.o(i._printf_core) for _printf_core
    printf3.o(i.__0vsnprintf$3) refers to printf3.o(i._snputc) for _snputc
    printf3.o(i.__0vsprintf$3) refers to printf3.o(i._printf_core) for _printf_core
    printf3.o(i.__0vsprintf$3) refers to printf3.o(i._sputc) for _sputc
    printf3.o(i._printf_core) refers to uidiv.o(.text) for __aeabi_uidivmod
    printf4.o(i.__0fprintf$4) refers to printf4.o(i._printf_core) for _printf_core
    printf4.o(i.__0fprintf$4) refers to retarget.o(i.fputc) for fputc
    printf4.o(i.__0printf$4) refers to printf4.o(i._printf_core) for _printf_core
    printf4.o(i.__0printf$4) refers to retarget.o(i.fputc) for fputc
    printf4.o(i.__0printf$4) refers to retarget.o(.data) for __stdout
    printf4.o(i.__0snprintf$4) refers to printf4.o(i._printf_core) for _printf_core
    printf4.o(i.__0snprintf$4) refers to printf4.o(i._snputc) for _snputc
    printf4.o(i.__0sprintf$4) refers to printf4.o(i._printf_core) for _printf_core
    printf4.o(i.__0sprintf$4) refers to printf4.o(i._sputc) for _sputc
    printf4.o(i.__0vfprintf$4) refers to printf4.o(i._printf_core) for _printf_core
    printf4.o(i.__0vfprintf$4) refers to retarget.o(i.fputc) for fputc
    printf4.o(i.__0vprintf$4) refers to printf4.o(i._printf_core) for _printf_core
    printf4.o(i.__0vprintf$4) refers to retarget.o(i.fputc) for fputc
    printf4.o(i.__0vprintf$4) refers to retarget.o(.data) for __stdout
    printf4.o(i.__0vsnprintf$4) refers to printf4.o(i._printf_core) for _printf_core
    printf4.o(i.__0vsnprintf$4) refers to printf4.o(i._snputc) for _snputc
    printf4.o(i.__0vsprintf$4) refers to printf4.o(i._printf_core) for _printf_core
    printf4.o(i.__0vsprintf$4) refers to printf4.o(i._sputc) for _sputc
    printf4.o(i._printf_core) refers to uldiv.o(.text) for __aeabi_uldivmod
    printf5.o(i.__0fprintf$5) refers to printf5.o(i._printf_core) for _printf_core
    printf5.o(i.__0fprintf$5) refers to retarget.o(i.fputc) for fputc
    printf5.o(i.__0printf$5) refers to printf5.o(i._printf_core) for _printf_core
    printf5.o(i.__0printf$5) refers to retarget.o(i.fputc) for fputc
    printf5.o(i.__0printf$5) refers to retarget.o(.data) for __stdout
    printf5.o(i.__0snprintf$5) refers to printf5.o(i._printf_core) for _printf_core
    printf5.o(i.__0snprintf$5) refers to printf5.o(i._snputc) for _snputc
    printf5.o(i.__0sprintf$5) refers to printf5.o(i._printf_core) for _printf_core
    printf5.o(i.__0sprintf$5) refers to printf5.o(i._sputc) for _sputc
    printf5.o(i.__0vfprintf$5) refers to printf5.o(i._printf_core) for _printf_core
    printf5.o(i.__0vfprintf$5) refers to retarget.o(i.fputc) for fputc
    printf5.o(i.__0vprintf$5) refers to printf5.o(i._printf_core) for _printf_core
    printf5.o(i.__0vprintf$5) refers to retarget.o(i.fputc) for fputc
    printf5.o(i.__0vprintf$5) refers to retarget.o(.data) for __stdout
    printf5.o(i.__0vsnprintf$5) refers to printf5.o(i._printf_core) for _printf_core
    printf5.o(i.__0vsnprintf$5) refers to printf5.o(i._snputc) for _snputc
    printf5.o(i.__0vsprintf$5) refers to printf5.o(i._printf_core) for _printf_core
    printf5.o(i.__0vsprintf$5) refers to printf5.o(i._sputc) for _sputc
    printf5.o(i._printf_core) refers to uldiv.o(.text) for __aeabi_uldivmod
    printf6.o(i.__0fprintf$6) refers to printf6.o(i._printf_core) for _printf_core
    printf6.o(i.__0fprintf$6) refers to retarget.o(i.fputc) for fputc
    printf6.o(i.__0printf$6) refers to printf6.o(i._printf_core) for _printf_core
    printf6.o(i.__0printf$6) refers to retarget.o(i.fputc) for fputc
    printf6.o(i.__0printf$6) refers to retarget.o(.data) for __stdout
    printf6.o(i.__0snprintf$6) refers to printf6.o(i._printf_core) for _printf_core
    printf6.o(i.__0snprintf$6) refers to printf6.o(i._snputc) for _snputc
    printf6.o(i.__0sprintf$6) refers to printf6.o(i._printf_core) for _printf_core
    printf6.o(i.__0sprintf$6) refers to printf6.o(i._sputc) for _sputc
    printf6.o(i.__0vfprintf$6) refers to printf6.o(i._printf_core) for _printf_core
    printf6.o(i.__0vfprintf$6) refers to retarget.o(i.fputc) for fputc
    printf6.o(i.__0vprintf$6) refers to printf6.o(i._printf_core) for _printf_core
    printf6.o(i.__0vprintf$6) refers to retarget.o(i.fputc) for fputc
    printf6.o(i.__0vprintf$6) refers to retarget.o(.data) for __stdout
    printf6.o(i.__0vsnprintf$6) refers to printf6.o(i._printf_core) for _printf_core
    printf6.o(i.__0vsnprintf$6) refers to printf6.o(i._snputc) for _snputc
    printf6.o(i.__0vsprintf$6) refers to printf6.o(i._printf_core) for _printf_core
    printf6.o(i.__0vsprintf$6) refers to printf6.o(i._sputc) for _sputc
    printf6.o(i._printf_core) refers to printf6.o(i._printf_pre_padding) for _printf_pre_padding
    printf6.o(i._printf_core) refers to uidiv.o(.text) for __aeabi_uidivmod
    printf6.o(i._printf_core) refers to printf6.o(i._printf_post_padding) for _printf_post_padding
    printf7.o(i.__0fprintf$7) refers to printf7.o(i._printf_core) for _printf_core
    printf7.o(i.__0fprintf$7) refers to retarget.o(i.fputc) for fputc
    printf7.o(i.__0printf$7) refers to printf7.o(i._printf_core) for _printf_core
    printf7.o(i.__0printf$7) refers to retarget.o(i.fputc) for fputc
    printf7.o(i.__0printf$7) refers to retarget.o(.data) for __stdout
    printf7.o(i.__0snprintf$7) refers to printf7.o(i._printf_core) for _printf_core
    printf7.o(i.__0snprintf$7) refers to printf7.o(i._snputc) for _snputc
    printf7.o(i.__0sprintf$7) refers to printf7.o(i._printf_core) for _printf_core
    printf7.o(i.__0sprintf$7) refers to printf7.o(i._sputc) for _sputc
    printf7.o(i.__0vfprintf$7) refers to printf7.o(i._printf_core) for _printf_core
    printf7.o(i.__0vfprintf$7) refers to retarget.o(i.fputc) for fputc
    printf7.o(i.__0vprintf$7) refers to printf7.o(i._printf_core) for _printf_core
    printf7.o(i.__0vprintf$7) refers to retarget.o(i.fputc) for fputc
    printf7.o(i.__0vprintf$7) refers to retarget.o(.data) for __stdout
    printf7.o(i.__0vsnprintf$7) refers to printf7.o(i._printf_core) for _printf_core
    printf7.o(i.__0vsnprintf$7) refers to printf7.o(i._snputc) for _snputc
    printf7.o(i.__0vsprintf$7) refers to printf7.o(i._printf_core) for _printf_core
    printf7.o(i.__0vsprintf$7) refers to printf7.o(i._sputc) for _sputc
    printf7.o(i._printf_core) refers to printf7.o(i._printf_pre_padding) for _printf_pre_padding
    printf7.o(i._printf_core) refers to uldiv.o(.text) for __aeabi_uldivmod
    printf7.o(i._printf_core) refers to printf7.o(i._printf_post_padding) for _printf_post_padding
    printf8.o(i.__0fprintf$8) refers to printf8.o(i._printf_core) for _printf_core
    printf8.o(i.__0fprintf$8) refers to retarget.o(i.fputc) for fputc
    printf8.o(i.__0printf$8) refers to printf8.o(i._printf_core) for _printf_core
    printf8.o(i.__0printf$8) refers to retarget.o(i.fputc) for fputc
    printf8.o(i.__0printf$8) refers to retarget.o(.data) for __stdout
    printf8.o(i.__0snprintf$8) refers to printf8.o(i._printf_core) for _printf_core
    printf8.o(i.__0snprintf$8) refers to printf8.o(i._snputc) for _snputc
    printf8.o(i.__0sprintf$8) refers to printf8.o(i._printf_core) for _printf_core
    printf8.o(i.__0sprintf$8) refers to printf8.o(i._sputc) for _sputc
    printf8.o(i.__0vfprintf$8) refers to printf8.o(i._printf_core) for _printf_core
    printf8.o(i.__0vfprintf$8) refers to retarget.o(i.fputc) for fputc
    printf8.o(i.__0vprintf$8) refers to printf8.o(i._printf_core) for _printf_core
    printf8.o(i.__0vprintf$8) refers to retarget.o(i.fputc) for fputc
    printf8.o(i.__0vprintf$8) refers to retarget.o(.data) for __stdout
    printf8.o(i.__0vsnprintf$8) refers to printf8.o(i._printf_core) for _printf_core
    printf8.o(i.__0vsnprintf$8) refers to printf8.o(i._snputc) for _snputc
    printf8.o(i.__0vsprintf$8) refers to printf8.o(i._printf_core) for _printf_core
    printf8.o(i.__0vsprintf$8) refers to printf8.o(i._sputc) for _sputc
    printf8.o(i._printf_core) refers to printf8.o(i._printf_pre_padding) for _printf_pre_padding
    printf8.o(i._printf_core) refers to uldiv.o(.text) for __aeabi_uldivmod
    printf8.o(i._printf_core) refers to printf8.o(i._printf_post_padding) for _printf_post_padding
    printfa.o(i.__0fprintf) refers (Special) to iusefp.o(.text) for __I$use$fp
    printfa.o(i.__0fprintf) refers to printfa.o(i._printf_core) for _printf_core
    printfa.o(i.__0fprintf) refers to retarget.o(i.fputc) for fputc
    printfa.o(i.__0printf) refers (Special) to iusefp.o(.text) for __I$use$fp
    printfa.o(i.__0printf) refers to printfa.o(i._printf_core) for _printf_core
    printfa.o(i.__0printf) refers to retarget.o(i.fputc) for fputc
    printfa.o(i.__0printf) refers to retarget.o(.data) for __stdout
    printfa.o(i.__0snprintf) refers (Special) to iusefp.o(.text) for __I$use$fp
    printfa.o(i.__0snprintf) refers to printfa.o(i._printf_core) for _printf_core
    printfa.o(i.__0snprintf) refers to printfa.o(i._snputc) for _snputc
    printfa.o(i.__0sprintf) refers (Special) to iusefp.o(.text) for __I$use$fp
    printfa.o(i.__0sprintf) refers to printfa.o(i._printf_core) for _printf_core
    printfa.o(i.__0sprintf) refers to printfa.o(i._sputc) for _sputc
    printfa.o(i.__0vfprintf) refers (Special) to iusefp.o(.text) for __I$use$fp
    printfa.o(i.__0vfprintf) refers to printfa.o(i._printf_core) for _printf_core
    printfa.o(i.__0vfprintf) refers to retarget.o(i.fputc) for fputc
    printfa.o(i.__0vprintf) refers (Special) to iusefp.o(.text) for __I$use$fp
    printfa.o(i.__0vprintf) refers to printfa.o(i._printf_core) for _printf_core
    printfa.o(i.__0vprintf) refers to retarget.o(i.fputc) for fputc
    printfa.o(i.__0vprintf) refers to retarget.o(.data) for __stdout
    printfa.o(i.__0vsnprintf) refers (Special) to iusefp.o(.text) for __I$use$fp
    printfa.o(i.__0vsnprintf) refers to printfa.o(i._printf_core) for _printf_core
    printfa.o(i.__0vsnprintf) refers to printfa.o(i._snputc) for _snputc
    printfa.o(i.__0vsprintf) refers (Special) to iusefp.o(.text) for __I$use$fp
    printfa.o(i.__0vsprintf) refers to printfa.o(i._printf_core) for _printf_core
    printfa.o(i.__0vsprintf) refers to printfa.o(i._sputc) for _sputc
    printfa.o(i._fp_digits) refers (Special) to iusefp.o(.text) for __I$use$fp
    printfa.o(i._fp_digits) refers to dmul.o(.text) for __aeabi_dmul
    printfa.o(i._fp_digits) refers to ddiv.o(.text) for __aeabi_ddiv
    printfa.o(i._fp_digits) refers to cdrcmple.o(.text) for __aeabi_cdrcmple
    printfa.o(i._fp_digits) refers to dadd.o(.text) for __aeabi_dadd
    printfa.o(i._fp_digits) refers to dfixul.o(.text) for __aeabi_d2ulz
    printfa.o(i._fp_digits) refers to uldiv.o(.text) for __aeabi_uldivmod
    printfa.o(i._printf_core) refers (Special) to iusefp.o(.text) for __I$use$fp
    printfa.o(i._printf_core) refers to printfa.o(i._printf_pre_padding) for _printf_pre_padding
    printfa.o(i._printf_core) refers to uldiv.o(.text) for __aeabi_uldivmod
    printfa.o(i._printf_core) refers to printfa.o(i._printf_post_padding) for _printf_post_padding
    printfa.o(i._printf_core) refers to printfa.o(i._fp_digits) for _fp_digits
    printfa.o(i._printf_core) refers to uidiv.o(.text) for __aeabi_uidivmod
    printfa.o(i._printf_post_padding) refers (Special) to iusefp.o(.text) for __I$use$fp
    printfa.o(i._printf_pre_padding) refers (Special) to iusefp.o(.text) for __I$use$fp
    printfa.o(i._snputc) refers (Special) to iusefp.o(.text) for __I$use$fp
    printfa.o(i._sputc) refers (Special) to iusefp.o(.text) for __I$use$fp
    entry2.o(.ARM.Collect$$$$00000001) refers to entry2.o(.ARM.Collect$$$$00002712) for __lit__00000000
    entry2.o(.ARM.Collect$$$$00002712) refers to arm_startup_nrf52.o(STACK) for __initial_sp
    entry2.o(__vectab_stack_and_reset_area) refers to arm_startup_nrf52.o(STACK) for __initial_sp
    entry2.o(__vectab_stack_and_reset_area) refers to entry.o(.ARM.Collect$$$$00000000) for __main
    entry5.o(.ARM.Collect$$$$00000004) refers to init.o(.text) for __scatterload
    entry9a.o(.ARM.Collect$$$$0000000B) refers to main.o(i.main) for main
    entry9b.o(.ARM.Collect$$$$0000000C) refers to main.o(i.main) for main
    uldiv.o(.text) refers to llushr.o(.text) for __aeabi_llsr
    uldiv.o(.text) refers to llshl.o(.text) for __aeabi_llsl
    dadd.o(.text) refers to llshl.o(.text) for __aeabi_llsl
    dadd.o(.text) refers to llsshr.o(.text) for __aeabi_lasr
    dadd.o(.text) refers to depilogue.o(.text) for _double_epilogue
    dmul.o(.text) refers to depilogue.o(.text) for _double_epilogue
    ddiv.o(.text) refers to depilogue.o(.text) for _double_round
    dfixul.o(.text) refers to llushr.o(.text) for __aeabi_llsr
    dfixul.o(.text) refers to llshl.o(.text) for __aeabi_llsl
    init.o(.text) refers to entry5.o(.ARM.Collect$$$$00000004) for __main_after_scatterload
    depilogue.o(.text) refers to llshl.o(.text) for __aeabi_llsl
    depilogue.o(.text) refers to llushr.o(.text) for __aeabi_llsr


==============================================================================

Removing Unused input sections from the image.

    Removing main.o(.rev16_text), (4 bytes).
    Removing main.o(.revsh_text), (4 bytes).
    Removing main.o(.rrx_text), (6 bytes).
    Removing main.o(.constdata), (8 bytes).
    Removing data.o(.rev16_text), (4 bytes).
    Removing data.o(.revsh_text), (4 bytes).
    Removing data.o(.rrx_text), (6 bytes).
    Removing boards.o(.rev16_text), (4 bytes).
    Removing boards.o(.revsh_text), (4 bytes).
    Removing boards.o(.rrx_text), (6 bytes).
    Removing boards.o(i.bsp_board_button_idx_to_pin), (12 bytes).
    Removing boards.o(i.bsp_board_button_state_get), (32 bytes).
    Removing boards.o(i.bsp_board_init), (88 bytes).
    Removing boards.o(i.bsp_board_led_idx_to_pin), (12 bytes).
    Removing boards.o(i.bsp_board_led_invert), (36 bytes).
    Removing boards.o(i.bsp_board_led_off), (16 bytes).
    Removing boards.o(i.bsp_board_led_on), (16 bytes).
    Removing boards.o(i.bsp_board_led_state_get), (32 bytes).
    Removing boards.o(i.bsp_board_leds_off), (18 bytes).
    Removing boards.o(i.bsp_board_leds_on), (18 bytes).
    Removing boards.o(i.bsp_board_pin_to_button_idx), (36 bytes).
    Removing boards.o(i.bsp_board_pin_to_led_idx), (36 bytes).
    Removing boards.o(i.nrf_gpio_cfg), (36 bytes).
    Removing boards.o(i.nrf_gpio_pin_write), (22 bytes).
    Removing boards.o(.constdata), (8 bytes).
    Removing nrf_drv_uart.o(.rev16_text), (4 bytes).
    Removing nrf_drv_uart.o(.revsh_text), (4 bytes).
    Removing nrf_drv_uart.o(.rrx_text), (6 bytes).
    Removing nrfx_atomic.o(.rev16_text), (4 bytes).
    Removing nrfx_atomic.o(.revsh_text), (4 bytes).
    Removing nrfx_atomic.o(.rrx_text), (6 bytes).
    Removing nrfx_atomic.o(.emb_text), (226 bytes).
    Removing nrfx_atomic.o(i.nrfx_atomic_flag_clear), (6 bytes).
    Removing nrfx_atomic.o(i.nrfx_atomic_flag_clear_fetch), (6 bytes).
    Removing nrfx_atomic.o(i.nrfx_atomic_flag_set), (6 bytes).
    Removing nrfx_atomic.o(i.nrfx_atomic_flag_set_fetch), (6 bytes).
    Removing nrfx_atomic.o(i.nrfx_atomic_u32_add), (12 bytes).
    Removing nrfx_atomic.o(i.nrfx_atomic_u32_and), (12 bytes).
    Removing nrfx_atomic.o(i.nrfx_atomic_u32_cmp_exch), (4 bytes).
    Removing nrfx_atomic.o(i.nrfx_atomic_u32_fetch_add), (10 bytes).
    Removing nrfx_atomic.o(i.nrfx_atomic_u32_fetch_and), (10 bytes).
    Removing nrfx_atomic.o(i.nrfx_atomic_u32_fetch_or), (10 bytes).
    Removing nrfx_atomic.o(i.nrfx_atomic_u32_fetch_store), (10 bytes).
    Removing nrfx_atomic.o(i.nrfx_atomic_u32_fetch_sub), (10 bytes).
    Removing nrfx_atomic.o(i.nrfx_atomic_u32_fetch_sub_hs), (10 bytes).
    Removing nrfx_atomic.o(i.nrfx_atomic_u32_fetch_xor), (10 bytes).
    Removing nrfx_atomic.o(i.nrfx_atomic_u32_or), (12 bytes).
    Removing nrfx_atomic.o(i.nrfx_atomic_u32_store), (12 bytes).
    Removing nrfx_atomic.o(i.nrfx_atomic_u32_sub), (12 bytes).
    Removing nrfx_atomic.o(i.nrfx_atomic_u32_sub_hs), (12 bytes).
    Removing nrfx_atomic.o(i.nrfx_atomic_u32_xor), (12 bytes).
    Removing nrfx_prs.o(.rev16_text), (4 bytes).
    Removing nrfx_prs.o(.revsh_text), (4 bytes).
    Removing nrfx_prs.o(.rrx_text), (6 bytes).
    Removing nrfx_prs.o(i.nrfx_prs_release), (18 bytes).
    Removing nrfx_prs.o(.constdata), (17 bytes).
    Removing nrfx_uart.o(.rev16_text), (4 bytes).
    Removing nrfx_uart.o(.revsh_text), (4 bytes).
    Removing nrfx_uart.o(.rrx_text), (6 bytes).
    Removing nrfx_uart.o(i.nrf_gpio_cfg_default), (18 bytes).
    Removing nrfx_uart.o(i.nrfx_uart_errorsrc_get), (26 bytes).
    Removing nrfx_uart.o(i.nrfx_uart_rx_abort), (18 bytes).
    Removing nrfx_uart.o(i.nrfx_uart_rx_disable), (36 bytes).
    Removing nrfx_uart.o(i.nrfx_uart_rx_enable), (60 bytes).
    Removing nrfx_uart.o(i.nrfx_uart_rx_ready), (14 bytes).
    Removing nrfx_uart.o(i.nrfx_uart_tx_abort), (48 bytes).
    Removing nrfx_uart.o(i.nrfx_uart_uninit), (192 bytes).
    Removing nrfx_uart.o(.constdata), (15 bytes).
    Removing nrfx_uart.o(.constdata), (13 bytes).
    Removing nrfx_uart.o(.constdata), (13 bytes).
    Removing nrfx_uarte.o(.rev16_text), (4 bytes).
    Removing nrfx_uarte.o(.revsh_text), (4 bytes).
    Removing nrfx_uarte.o(.rrx_text), (6 bytes).
    Removing nrfx_uarte.o(i.nrf_gpio_cfg_default), (18 bytes).
    Removing nrfx_uarte.o(i.nrfx_uarte_errorsrc_get), (26 bytes).
    Removing nrfx_uarte.o(i.nrfx_uarte_rx_abort), (44 bytes).
    Removing nrfx_uarte.o(i.nrfx_uarte_rx_ready), (14 bytes).
    Removing nrfx_uarte.o(i.nrfx_uarte_tx_abort), (56 bytes).
    Removing nrfx_uarte.o(i.nrfx_uarte_uninit), (264 bytes).
    Removing nrfx_uarte.o(.constdata), (16 bytes).
    Removing nrfx_uarte.o(.constdata), (14 bytes).
    Removing nrfx_uarte.o(.constdata), (14 bytes).
    Removing nrfx_timer.o(.rev16_text), (4 bytes).
    Removing nrfx_timer.o(.revsh_text), (4 bytes).
    Removing nrfx_timer.o(.rrx_text), (6 bytes).
    Removing nrfx_timer.o(i.nrfx_timer_capture), (30 bytes).
    Removing nrfx_timer.o(i.nrfx_timer_clear), (8 bytes).
    Removing nrfx_timer.o(i.nrfx_timer_compare), (58 bytes).
    Removing nrfx_timer.o(i.nrfx_timer_compare_int_disable), (14 bytes).
    Removing nrfx_timer.o(i.nrfx_timer_compare_int_enable), (36 bytes).
    Removing nrfx_timer.o(i.nrfx_timer_disable), (28 bytes).
    Removing nrfx_timer.o(i.nrfx_timer_enable), (28 bytes).
    Removing nrfx_timer.o(i.nrfx_timer_extended_compare), (42 bytes).
    Removing nrfx_timer.o(i.nrfx_timer_increment), (8 bytes).
    Removing nrfx_timer.o(i.nrfx_timer_init), (192 bytes).
    Removing nrfx_timer.o(i.nrfx_timer_is_enabled), (32 bytes).
    Removing nrfx_timer.o(i.nrfx_timer_pause), (8 bytes).
    Removing nrfx_timer.o(i.nrfx_timer_resume), (8 bytes).
    Removing nrfx_timer.o(i.nrfx_timer_uninit), (92 bytes).
    Removing nrfx_timer.o(.constdata), (16 bytes).
    Removing nrfx_pwm.o(.rev16_text), (4 bytes).
    Removing nrfx_pwm.o(.revsh_text), (4 bytes).
    Removing nrfx_pwm.o(.rrx_text), (6 bytes).
    Removing nrfx_pwm.o(i.nrfx_pwm_is_stopped), (48 bytes).
    Removing nrfx_pwm.o(i.nrfx_pwm_simple_playback), (112 bytes).
    Removing nrfx_pwm.o(i.nrfx_pwm_stop), (48 bytes).
    Removing nrfx_pwm.o(.constdata), (14 bytes).
    Removing nrfx_pwm.o(.constdata), (25 bytes).
    Removing nrfx_pwm.o(.constdata), (26 bytes).
    Removing nrfx_pwm.o(.constdata), (14 bytes).
    Removing nrfx_pwm.o(.constdata), (20 bytes).
    Removing app_error.o(.rev16_text), (4 bytes).
    Removing app_error.o(.revsh_text), (4 bytes).
    Removing app_error.o(.rrx_text), (6 bytes).
    Removing app_error.o(i.app_error_save_and_stop), (100 bytes).
    Removing app_error.o(.bss), (32 bytes).
    Removing app_error_handler_keil.o(.rev16_text), (4 bytes).
    Removing app_error_handler_keil.o(.revsh_text), (4 bytes).
    Removing app_error_handler_keil.o(.rrx_text), (6 bytes).
    Removing app_error_handler_keil.o(.emb_text), (26 bytes).
    Removing app_error_weak.o(.rev16_text), (4 bytes).
    Removing app_error_weak.o(.revsh_text), (4 bytes).
    Removing app_error_weak.o(.rrx_text), (6 bytes).
    Removing app_fifo.o(.rev16_text), (4 bytes).
    Removing app_fifo.o(.revsh_text), (4 bytes).
    Removing app_fifo.o(.rrx_text), (6 bytes).
    Removing app_fifo.o(i.app_fifo_flush), (8 bytes).
    Removing app_fifo.o(i.app_fifo_peek), (34 bytes).
    Removing app_fifo.o(i.app_fifo_read), (74 bytes).
    Removing app_fifo.o(i.app_fifo_write), (82 bytes).
    Removing app_uart_fifo.o(.rev16_text), (4 bytes).
    Removing app_uart_fifo.o(.revsh_text), (4 bytes).
    Removing app_uart_fifo.o(.rrx_text), (6 bytes).
    Removing app_uart_fifo.o(i.app_uart_close), (40 bytes).
    Removing app_uart_fifo.o(i.app_uart_flush), (32 bytes).
    Removing app_uart_fifo.o(i.app_uart_get), (52 bytes).
    Removing app_util_platform.o(.rev16_text), (4 bytes).
    Removing app_util_platform.o(.revsh_text), (4 bytes).
    Removing app_util_platform.o(.rrx_text), (6 bytes).
    Removing app_util_platform.o(i.current_int_priority_get), (48 bytes).
    Removing app_util_platform.o(i.privilege_level_get), (26 bytes).
    Removing nrf_assert.o(.rev16_text), (4 bytes).
    Removing nrf_assert.o(.revsh_text), (4 bytes).
    Removing nrf_assert.o(.rrx_text), (6 bytes).
    Removing nrf_assert.o(i.assert_nrf_callback), (20 bytes).
    Removing nrf_atomic.o(.rev16_text), (4 bytes).
    Removing nrf_atomic.o(.revsh_text), (4 bytes).
    Removing nrf_atomic.o(.rrx_text), (6 bytes).
    Removing nrf_atomic.o(.emb_text), (226 bytes).
    Removing nrf_atomic.o(i.nrf_atomic_flag_clear), (6 bytes).
    Removing nrf_atomic.o(i.nrf_atomic_flag_clear_fetch), (6 bytes).
    Removing nrf_atomic.o(i.nrf_atomic_flag_set), (6 bytes).
    Removing nrf_atomic.o(i.nrf_atomic_flag_set_fetch), (6 bytes).
    Removing nrf_atomic.o(i.nrf_atomic_u32_add), (12 bytes).
    Removing nrf_atomic.o(i.nrf_atomic_u32_and), (12 bytes).
    Removing nrf_atomic.o(i.nrf_atomic_u32_cmp_exch), (4 bytes).
    Removing nrf_atomic.o(i.nrf_atomic_u32_fetch_add), (10 bytes).
    Removing nrf_atomic.o(i.nrf_atomic_u32_fetch_and), (10 bytes).
    Removing nrf_atomic.o(i.nrf_atomic_u32_fetch_or), (10 bytes).
    Removing nrf_atomic.o(i.nrf_atomic_u32_fetch_store), (10 bytes).
    Removing nrf_atomic.o(i.nrf_atomic_u32_fetch_sub), (10 bytes).
    Removing nrf_atomic.o(i.nrf_atomic_u32_fetch_sub_hs), (10 bytes).
    Removing nrf_atomic.o(i.nrf_atomic_u32_fetch_xor), (10 bytes).
    Removing nrf_atomic.o(i.nrf_atomic_u32_or), (12 bytes).
    Removing nrf_atomic.o(i.nrf_atomic_u32_store), (12 bytes).
    Removing nrf_atomic.o(i.nrf_atomic_u32_sub), (12 bytes).
    Removing nrf_atomic.o(i.nrf_atomic_u32_sub_hs), (12 bytes).
    Removing nrf_atomic.o(i.nrf_atomic_u32_xor), (12 bytes).
    Removing nrf_balloc.o(.rev16_text), (4 bytes).
    Removing nrf_balloc.o(.revsh_text), (4 bytes).
    Removing nrf_balloc.o(.rrx_text), (6 bytes).
    Removing nrf_balloc.o(i.nrf_balloc_alloc), (62 bytes).
    Removing nrf_balloc.o(i.nrf_balloc_free), (42 bytes).
    Removing nrf_balloc.o(i.nrf_balloc_init), (48 bytes).
    Removing nrf_fprintf.o(.rev16_text), (4 bytes).
    Removing nrf_fprintf.o(.revsh_text), (4 bytes).
    Removing nrf_fprintf.o(.rrx_text), (6 bytes).
    Removing nrf_fprintf.o(i.nrf_fprintf), (26 bytes).
    Removing nrf_fprintf.o(i.nrf_fprintf_buffer_flush), (24 bytes).
    Removing nrf_fprintf_format.o(.rev16_text), (4 bytes).
    Removing nrf_fprintf_format.o(.revsh_text), (4 bytes).
    Removing nrf_fprintf_format.o(.rrx_text), (6 bytes).
    Removing nrf_fprintf_format.o(i.buffer_add), (46 bytes).
    Removing nrf_fprintf_format.o(i.int_print), (166 bytes).
    Removing nrf_fprintf_format.o(i.nrf_fprintf_fmt), (474 bytes).
    Removing nrf_fprintf_format.o(i.unsigned_print), (180 bytes).
    Removing nrf_fprintf_format.o(.constdata), (16 bytes).
    Removing nrf_memobj.o(.rev16_text), (4 bytes).
    Removing nrf_memobj.o(.revsh_text), (4 bytes).
    Removing nrf_memobj.o(.rrx_text), (6 bytes).
    Removing nrf_memobj.o(i.memobj_op), (126 bytes).
    Removing nrf_memobj.o(i.nrf_memobj_alloc), (96 bytes).
    Removing nrf_memobj.o(i.nrf_memobj_free), (50 bytes).
    Removing nrf_memobj.o(i.nrf_memobj_get), (8 bytes).
    Removing nrf_memobj.o(i.nrf_memobj_pool_init), (4 bytes).
    Removing nrf_memobj.o(i.nrf_memobj_put), (30 bytes).
    Removing nrf_memobj.o(i.nrf_memobj_read), (16 bytes).
    Removing nrf_memobj.o(i.nrf_memobj_write), (16 bytes).
    Removing nrf_ringbuf.o(.rev16_text), (4 bytes).
    Removing nrf_ringbuf.o(.revsh_text), (4 bytes).
    Removing nrf_ringbuf.o(.rrx_text), (6 bytes).
    Removing nrf_ringbuf.o(i.nrf_ringbuf_alloc), (112 bytes).
    Removing nrf_ringbuf.o(i.nrf_ringbuf_cpy_get), (128 bytes).
    Removing nrf_ringbuf.o(i.nrf_ringbuf_cpy_put), (118 bytes).
    Removing nrf_ringbuf.o(i.nrf_ringbuf_free), (38 bytes).
    Removing nrf_ringbuf.o(i.nrf_ringbuf_get), (112 bytes).
    Removing nrf_ringbuf.o(i.nrf_ringbuf_init), (28 bytes).
    Removing nrf_ringbuf.o(i.nrf_ringbuf_put), (48 bytes).
    Removing nrf_strerror.o(.rev16_text), (4 bytes).
    Removing nrf_strerror.o(.revsh_text), (4 bytes).
    Removing nrf_strerror.o(.rrx_text), (6 bytes).
    Removing nrf_strerror.o(i.nrf_strerror_find), (56 bytes).
    Removing nrf_strerror.o(i.nrf_strerror_get), (20 bytes).
    Removing nrf_strerror.o(.constdata), (300 bytes).
    Removing nrf_strerror.o(.conststring), (957 bytes).
    Removing retarget.o(.rev16_text), (4 bytes).
    Removing retarget.o(.revsh_text), (4 bytes).
    Removing retarget.o(.rrx_text), (6 bytes).
    Removing retarget.o(i.fgetc), (18 bytes).
    Removing retarget.o(.data), (4 bytes).
    Removing nrf_log_frontend.o(.rev16_text), (4 bytes).
    Removing nrf_log_frontend.o(.revsh_text), (4 bytes).
    Removing nrf_log_frontend.o(.rrx_text), (6 bytes).
    Removing nrf_log_str_formatter.o(.rev16_text), (4 bytes).
    Removing nrf_log_str_formatter.o(.revsh_text), (4 bytes).
    Removing nrf_log_str_formatter.o(.rrx_text), (6 bytes).
    Removing arm_startup_nrf52.o(HEAP), (8192 bytes).
    Removing system_nrf52.o(.rev16_text), (4 bytes).
    Removing system_nrf52.o(.revsh_text), (4 bytes).
    Removing system_nrf52.o(.rrx_text), (6 bytes).
    Removing system_nrf52.o(i.SystemCoreClockUpdate), (16 bytes).
    Removing system_nrf52.o(i.nvmc_wait), (16 bytes).
    Removing dadd.o(.text), (334 bytes).
    Removing dmul.o(.text), (228 bytes).
    Removing ddiv.o(.text), (222 bytes).
    Removing dfixul.o(.text), (48 bytes).
    Removing cdrcmple.o(.text), (48 bytes).
    Removing depilogue.o(.text), (186 bytes).

238 unused section(s) (total 16728 bytes) removed from the image.

==============================================================================

Image Symbol Table

    Local Symbols

    Symbol Name                              Value     Ov Type        Size  Object(Section)

    RESET                                    0x00000000   Section      512  arm_startup_nrf52.o(RESET)
    ../clib/microlib/division.c              0x00000000   Number         0  uldiv.o ABSOLUTE
    ../clib/microlib/division.c              0x00000000   Number         0  uidiv.o ABSOLUTE
    ../clib/microlib/init/entry.s            0x00000000   Number         0  entry8b.o ABSOLUTE
    ../clib/microlib/init/entry.s            0x00000000   Number         0  entry9b.o ABSOLUTE
    ../clib/microlib/init/entry.s            0x00000000   Number         0  entry10a.o ABSOLUTE
    ../clib/microlib/init/entry.s            0x00000000   Number         0  entry10b.o ABSOLUTE
    ../clib/microlib/init/entry.s            0x00000000   Number         0  entry11a.o ABSOLUTE
    ../clib/microlib/init/entry.s            0x00000000   Number         0  entry11b.o ABSOLUTE
    ../clib/microlib/init/entry.s            0x00000000   Number         0  entry.o ABSOLUTE
    ../clib/microlib/init/entry.s            0x00000000   Number         0  entry9a.o ABSOLUTE
    ../clib/microlib/init/entry.s            0x00000000   Number         0  entry2.o ABSOLUTE
    ../clib/microlib/init/entry.s            0x00000000   Number         0  entry5.o ABSOLUTE
    ../clib/microlib/init/entry.s            0x00000000   Number         0  entry7a.o ABSOLUTE
    ../clib/microlib/init/entry.s            0x00000000   Number         0  entry7b.o ABSOLUTE
    ../clib/microlib/init/entry.s            0x00000000   Number         0  entry8a.o ABSOLUTE
    ../clib/microlib/longlong.c              0x00000000   Number         0  llshl.o ABSOLUTE
    ../clib/microlib/longlong.c              0x00000000   Number         0  llushr.o ABSOLUTE
    ../clib/microlib/longlong.c              0x00000000   Number         0  llsshr.o ABSOLUTE
    ../clib/microlib/printf/printf.c         0x00000000   Number         0  printf4.o ABSOLUTE
    ../clib/microlib/printf/printf.c         0x00000000   Number         0  printf3.o ABSOLUTE
    ../clib/microlib/printf/printf.c         0x00000000   Number         0  printf1.o ABSOLUTE
    ../clib/microlib/printf/printf.c         0x00000000   Number         0  printf0.o ABSOLUTE
    ../clib/microlib/printf/printf.c         0x00000000   Number         0  printfb.o ABSOLUTE
    ../clib/microlib/printf/printf.c         0x00000000   Number         0  printf2.o ABSOLUTE
    ../clib/microlib/printf/printf.c         0x00000000   Number         0  printfa.o ABSOLUTE
    ../clib/microlib/printf/printf.c         0x00000000   Number         0  printf8.o ABSOLUTE
    ../clib/microlib/printf/printf.c         0x00000000   Number         0  printf7.o ABSOLUTE
    ../clib/microlib/printf/printf.c         0x00000000   Number         0  printf6.o ABSOLUTE
    ../clib/microlib/printf/printf.c         0x00000000   Number         0  printf5.o ABSOLUTE
    ../clib/microlib/string/memcpy.c         0x00000000   Number         0  memcpya.o ABSOLUTE
    ../clib/microlib/string/memcpy.c         0x00000000   Number         0  memcpyb.o ABSOLUTE
    ../clib/microlib/string/strlen.c         0x00000000   Number         0  strlen.o ABSOLUTE
    ../clib/microlib/stubs.s                 0x00000000   Number         0  iusefp.o ABSOLUTE
    ../fplib/microlib/fpadd.c                0x00000000   Number         0  dadd.o ABSOLUTE
    ../fplib/microlib/fpdiv.c                0x00000000   Number         0  ddiv.o ABSOLUTE
    ../fplib/microlib/fpepilogue.c           0x00000000   Number         0  depilogue.o ABSOLUTE
    ../fplib/microlib/fpfix.c                0x00000000   Number         0  dfixul.o ABSOLUTE
    ../fplib/microlib/fpmul.c                0x00000000   Number         0  dmul.o ABSOLUTE
    ..\..\..\..\..\..\components\boards\boards.c 0x00000000   Number         0  boards.o ABSOLUTE
    ..\..\..\..\..\..\components\libraries\atomic\nrf_atomic.c 0x00000000   Number         0  nrf_atomic.o ABSOLUTE
    ..\..\..\..\..\..\components\libraries\balloc\nrf_balloc.c 0x00000000   Number         0  nrf_balloc.o ABSOLUTE
    ..\..\..\..\..\..\components\libraries\fifo\app_fifo.c 0x00000000   Number         0  app_fifo.o ABSOLUTE
    ..\..\..\..\..\..\components\libraries\log\src\nrf_log_frontend.c 0x00000000   Number         0  nrf_log_frontend.o ABSOLUTE
    ..\..\..\..\..\..\components\libraries\log\src\nrf_log_str_formatter.c 0x00000000   Number         0  nrf_log_str_formatter.o ABSOLUTE
    ..\..\..\..\..\..\components\libraries\memobj\nrf_memobj.c 0x00000000   Number         0  nrf_memobj.o ABSOLUTE
    ..\..\..\..\..\..\components\libraries\ringbuf\nrf_ringbuf.c 0x00000000   Number         0  nrf_ringbuf.o ABSOLUTE
    ..\..\..\..\..\..\components\libraries\strerror\nrf_strerror.c 0x00000000   Number         0  nrf_strerror.o ABSOLUTE
    ..\..\..\..\..\..\components\libraries\uart\app_uart_fifo.c 0x00000000   Number         0  app_uart_fifo.o ABSOLUTE
    ..\..\..\..\..\..\components\libraries\uart\retarget.c 0x00000000   Number         0  retarget.o ABSOLUTE
    ..\..\..\..\..\..\components\libraries\util\app_error.c 0x00000000   Number         0  app_error.o ABSOLUTE
    ..\..\..\..\..\..\components\libraries\util\app_error_handler_keil.c 0x00000000   Number         0  app_error_handler_keil.o ABSOLUTE
    ..\..\..\..\..\..\components\libraries\util\app_error_weak.c 0x00000000   Number         0  app_error_weak.o ABSOLUTE
    ..\..\..\..\..\..\components\libraries\util\app_util_platform.c 0x00000000   Number         0  app_util_platform.o ABSOLUTE
    ..\..\..\..\..\..\components\libraries\util\nrf_assert.c 0x00000000   Number         0  nrf_assert.o ABSOLUTE
    ..\..\..\..\..\..\external\fprintf\nrf_fprintf.c 0x00000000   Number         0  nrf_fprintf.o ABSOLUTE
    ..\..\..\..\..\..\external\fprintf\nrf_fprintf_format.c 0x00000000   Number         0  nrf_fprintf_format.o ABSOLUTE
    ..\..\..\..\..\..\integration\nrfx\legacy\nrf_drv_uart.c 0x00000000   Number         0  nrf_drv_uart.o ABSOLUTE
    ..\..\..\..\..\..\modules\nrfx\drivers\src\nrfx_pwm.c 0x00000000   Number         0  nrfx_pwm.o ABSOLUTE
    ..\..\..\..\..\..\modules\nrfx\drivers\src\nrfx_timer.c 0x00000000   Number         0  nrfx_timer.o ABSOLUTE
    ..\..\..\..\..\..\modules\nrfx\drivers\src\nrfx_uart.c 0x00000000   Number         0  nrfx_uart.o ABSOLUTE
    ..\..\..\..\..\..\modules\nrfx\drivers\src\nrfx_uarte.c 0x00000000   Number         0  nrfx_uarte.o ABSOLUTE
    ..\..\..\..\..\..\modules\nrfx\drivers\src\prs\nrfx_prs.c 0x00000000   Number         0  nrfx_prs.o ABSOLUTE
    ..\..\..\..\..\..\modules\nrfx\soc\nrfx_atomic.c 0x00000000   Number         0  nrfx_atomic.o ABSOLUTE
    ..\..\..\data.c                          0x00000000   Number         0  data.o ABSOLUTE
    ..\..\..\main.c                          0x00000000   Number         0  main.o ABSOLUTE
    ..\\..\\..\\..\\..\\..\\components\\boards\\boards.c 0x00000000   Number         0  boards.o ABSOLUTE
    ..\\..\\..\\..\\..\\..\\components\\libraries\\atomic\\nrf_atomic.c 0x00000000   Number         0  nrf_atomic.o ABSOLUTE
    ..\\..\\..\\..\\..\\..\\components\\libraries\\balloc\\nrf_balloc.c 0x00000000   Number         0  nrf_balloc.o ABSOLUTE
    ..\\..\\..\\..\\..\\..\\components\\libraries\\fifo\\app_fifo.c 0x00000000   Number         0  app_fifo.o ABSOLUTE
    ..\\..\\..\\..\\..\\..\\components\\libraries\\log\\src\\nrf_log_frontend.c 0x00000000   Number         0  nrf_log_frontend.o ABSOLUTE
    ..\\..\\..\\..\\..\\..\\components\\libraries\\log\\src\\nrf_log_str_formatter.c 0x00000000   Number         0  nrf_log_str_formatter.o ABSOLUTE
    ..\\..\\..\\..\\..\\..\\components\\libraries\\memobj\\nrf_memobj.c 0x00000000   Number         0  nrf_memobj.o ABSOLUTE
    ..\\..\\..\\..\\..\\..\\components\\libraries\\ringbuf\\nrf_ringbuf.c 0x00000000   Number         0  nrf_ringbuf.o ABSOLUTE
    ..\\..\\..\\..\\..\\..\\components\\libraries\\strerror\\nrf_strerror.c 0x00000000   Number         0  nrf_strerror.o ABSOLUTE
    ..\\..\\..\\..\\..\\..\\components\\libraries\\uart\\app_uart_fifo.c 0x00000000   Number         0  app_uart_fifo.o ABSOLUTE
    ..\\..\\..\\..\\..\\..\\components\\libraries\\uart\\retarget.c 0x00000000   Number         0  retarget.o ABSOLUTE
    ..\\..\\..\\..\\..\\..\\components\\libraries\\util\\app_error.c 0x00000000   Number         0  app_error.o ABSOLUTE
    ..\\..\\..\\..\\..\\..\\components\\libraries\\util\\app_error_handler_keil.c 0x00000000   Number         0  app_error_handler_keil.o ABSOLUTE
    ..\\..\\..\\..\\..\\..\\components\\libraries\\util\\app_error_weak.c 0x00000000   Number         0  app_error_weak.o ABSOLUTE
    ..\\..\\..\\..\\..\\..\\components\\libraries\\util\\app_util_platform.c 0x00000000   Number         0  app_util_platform.o ABSOLUTE
    ..\\..\\..\\..\\..\\..\\components\\libraries\\util\\nrf_assert.c 0x00000000   Number         0  nrf_assert.o ABSOLUTE
    ..\\..\\..\\..\\..\\..\\external\\fprintf\\nrf_fprintf.c 0x00000000   Number         0  nrf_fprintf.o ABSOLUTE
    ..\\..\\..\\..\\..\\..\\external\\fprintf\\nrf_fprintf_format.c 0x00000000   Number         0  nrf_fprintf_format.o ABSOLUTE
    ..\\..\\..\\..\\..\\..\\integration\\nrfx\\legacy\\nrf_drv_uart.c 0x00000000   Number         0  nrf_drv_uart.o ABSOLUTE
    ..\\..\\..\\..\\..\\..\\modules\\nrfx\\drivers\\src\\nrfx_pwm.c 0x00000000   Number         0  nrfx_pwm.o ABSOLUTE
    ..\\..\\..\\..\\..\\..\\modules\\nrfx\\drivers\\src\\nrfx_timer.c 0x00000000   Number         0  nrfx_timer.o ABSOLUTE
    ..\\..\\..\\..\\..\\..\\modules\\nrfx\\drivers\\src\\nrfx_uart.c 0x00000000   Number         0  nrfx_uart.o ABSOLUTE
    ..\\..\\..\\..\\..\\..\\modules\\nrfx\\drivers\\src\\nrfx_uarte.c 0x00000000   Number         0  nrfx_uarte.o ABSOLUTE
    ..\\..\\..\\..\\..\\..\\modules\\nrfx\\drivers\\src\\prs\\nrfx_prs.c 0x00000000   Number         0  nrfx_prs.o ABSOLUTE
    ..\\..\\..\\..\\..\\..\\modules\\nrfx\\soc\\nrfx_atomic.c 0x00000000   Number         0  nrfx_atomic.o ABSOLUTE
    ..\\..\\..\\data.c                       0x00000000   Number         0  data.o ABSOLUTE
    ..\\..\\..\\main.c                       0x00000000   Number         0  main.o ABSOLUTE
    RTE\Device\nRF52832_xxAA\arm_startup_nrf52.s 0x00000000   Number         0  arm_startup_nrf52.o ABSOLUTE
    RTE\Device\nRF52832_xxAA\system_nrf52.c  0x00000000   Number         0  system_nrf52.o ABSOLUTE
    RTE\\Device\\nRF52832_xxAA\\system_nrf52.c 0x00000000   Number         0  system_nrf52.o ABSOLUTE
    cdrcmple.s                               0x00000000   Number         0  cdrcmple.o ABSOLUTE
    dc.s                                     0x00000000   Number         0  dc.o ABSOLUTE
    handlers.s                               0x00000000   Number         0  handlers.o ABSOLUTE
    init.s                                   0x00000000   Number         0  init.o ABSOLUTE
    .ARM.Collect$$$$00000000                 0x00000200   Section        0  entry.o(.ARM.Collect$$$$00000000)
    .ARM.Collect$$$$00000001                 0x00000200   Section        4  entry2.o(.ARM.Collect$$$$00000001)
    .ARM.Collect$$$$00000004                 0x00000204   Section        4  entry5.o(.ARM.Collect$$$$00000004)
    .ARM.Collect$$$$00000008                 0x00000208   Section        0  entry7b.o(.ARM.Collect$$$$00000008)
    .ARM.Collect$$$$0000000A                 0x00000208   Section        0  entry8b.o(.ARM.Collect$$$$0000000A)
    .ARM.Collect$$$$0000000B                 0x00000208   Section        8  entry9a.o(.ARM.Collect$$$$0000000B)
    .ARM.Collect$$$$0000000D                 0x00000210   Section        0  entry10a.o(.ARM.Collect$$$$0000000D)
    .ARM.Collect$$$$0000000F                 0x00000210   Section        0  entry11a.o(.ARM.Collect$$$$0000000F)
    .ARM.Collect$$$$00002712                 0x00000210   Section        4  entry2.o(.ARM.Collect$$$$00002712)
    __lit__00000000                          0x00000210   Data           4  entry2.o(.ARM.Collect$$$$00002712)
    .text                                    0x00000214   Section       36  arm_startup_nrf52.o(.text)
    $v0                                      0x00000214   Number         0  arm_startup_nrf52.o(.text)
    .text                                    0x00000238   Section        0  memcpya.o(.text)
    .text                                    0x0000025c   Section       36  init.o(.text)
    i.PWM0_IRQHandler                        0x00000280   Section        0  nrfx_pwm.o(i.PWM0_IRQHandler)
    i.PWM1_IRQHandler                        0x00000290   Section        0  nrfx_pwm.o(i.PWM1_IRQHandler)
    i.PWM2_IRQHandler                        0x000002a0   Section        0  nrfx_pwm.o(i.PWM2_IRQHandler)
    i.RingHandler                            0x000002b0   Section        0  main.o(i.RingHandler)
    RingHandler                              0x000002b1   Thumb Code    72  main.o(i.RingHandler)
    i.SystemInit                             0x00000308   Section        0  system_nrf52.o(i.SystemInit)
    i.TIMER0_IRQHandler                      0x000005e0   Section        0  nrfx_timer.o(i.TIMER0_IRQHandler)
    i.TipHandler                             0x00000630   Section        0  main.o(i.TipHandler)
    TipHandler                               0x00000631   Thumb Code    72  main.o(i.TipHandler)
    i.TipRing0                               0x00000688   Section        0  main.o(i.TipRing0)
    TipRing0                                 0x00000689   Thumb Code   296  main.o(i.TipRing0)
    i.UARTE0_UART0_IRQHandler                0x000007d0   Section        0  nrfx_prs.o(i.UARTE0_UART0_IRQHandler)
    i.__0printf$bare                         0x000007dc   Section        0  printfb.o(i.__0printf$bare)
    i.__scatterload_copy                     0x000007ec   Section       14  handlers.o(i.__scatterload_copy)
    i.__scatterload_null                     0x000007fa   Section        2  handlers.o(i.__scatterload_null)
    i.__scatterload_zeroinit                 0x000007fc   Section       14  handlers.o(i.__scatterload_zeroinit)
    i._printf_core                           0x0000080a   Section        0  printfb.o(i._printf_core)
    _printf_core                             0x0000080b   Thumb Code    34  printfb.o(i._printf_core)
    i.app_error_fault_handler                0x0000082c   Section        0  app_error_weak.o(i.app_error_fault_handler)
    i.app_error_handler_bare                 0x0000085c   Section        0  app_error.o(i.app_error_handler_bare)
    i.app_fifo_get                           0x00000872   Section        0  app_fifo.o(i.app_fifo_get)
    i.app_fifo_init                          0x00000888   Section        0  app_fifo.o(i.app_fifo_init)
    i.app_fifo_put                           0x000008a8   Section        0  app_fifo.o(i.app_fifo_put)
    i.app_uart_init                          0x000008c4   Section        0  app_uart_fifo.o(i.app_uart_init)
    i.app_uart_put                           0x00000968   Section        0  app_uart_fifo.o(i.app_uart_put)
    i.app_util_critical_region_enter         0x000009bc   Section        0  app_util_platform.o(i.app_util_critical_region_enter)
    i.app_util_critical_region_exit          0x000009c0   Section        0  app_util_platform.o(i.app_util_critical_region_exit)
    i.app_util_disable_irq                   0x000009c4   Section        0  app_util_platform.o(i.app_util_disable_irq)
    i.app_util_enable_irq                    0x000009d4   Section        0  app_util_platform.o(i.app_util_enable_irq)
    i.apply_config                           0x000009e8   Section        0  nrfx_uart.o(i.apply_config)
    apply_config                             0x000009e9   Thumb Code   136  nrfx_uart.o(i.apply_config)
    i.apply_config                           0x00000a70   Section        0  nrfx_uarte.o(i.apply_config)
    apply_config                             0x00000a71   Thumb Code   136  nrfx_uarte.o(i.apply_config)
    i.configure_pins                         0x00000af8   Section        0  nrfx_pwm.o(i.configure_pins)
    configure_pins                           0x00000af9   Thumb Code   102  nrfx_pwm.o(i.configure_pins)
    i.fifo_get                               0x00000b5e   Section        0  app_fifo.o(i.fifo_get)
    fifo_get                                 0x00000b5f   Thumb Code    20  app_fifo.o(i.fifo_get)
    i.fifo_put                               0x00000b72   Section        0  app_fifo.o(i.fifo_put)
    fifo_put                                 0x00000b73   Thumb Code    18  app_fifo.o(i.fifo_put)
    i.fputc                                  0x00000b84   Section        0  retarget.o(i.fputc)
    i.interrupts_enable                      0x00000b94   Section        0  nrfx_uarte.o(i.interrupts_enable)
    interrupts_enable                        0x00000b95   Thumb Code   132  nrfx_uarte.o(i.interrupts_enable)
    i.irq_handler                            0x00000c1c   Section        0  nrfx_pwm.o(i.irq_handler)
    irq_handler                              0x00000c1d   Thumb Code   156  nrfx_pwm.o(i.irq_handler)
    i.main                                   0x00000cb8   Section        0  main.o(i.main)
    i.nrf_drv_uart_init                      0x00000d3c   Section        0  nrf_drv_uart.o(i.nrf_drv_uart_init)
    i.nrf_drv_uart_rx                        0x00000da4   Section        0  app_uart_fifo.o(i.nrf_drv_uart_rx)
    nrf_drv_uart_rx                          0x00000da5   Thumb Code    26  app_uart_fifo.o(i.nrf_drv_uart_rx)
    i.nrf_drv_uart_tx                        0x00000dc4   Section        0  app_uart_fifo.o(i.nrf_drv_uart_tx)
    nrf_drv_uart_tx                          0x00000dc5   Thumb Code    26  app_uart_fifo.o(i.nrf_drv_uart_tx)
    i.nrf_gpio_cfg                           0x00000de4   Section        0  nrfx_uart.o(i.nrf_gpio_cfg)
    nrf_gpio_cfg                             0x00000de5   Thumb Code    36  nrfx_uart.o(i.nrf_gpio_cfg)
    i.nrf_gpio_cfg                           0x00000e08   Section        0  nrfx_uarte.o(i.nrf_gpio_cfg)
    nrf_gpio_cfg                             0x00000e09   Thumb Code    36  nrfx_uarte.o(i.nrf_gpio_cfg)
    i.nrf_gpio_cfg_input                     0x00000e2c   Section        0  nrfx_uart.o(i.nrf_gpio_cfg_input)
    nrf_gpio_cfg_input                       0x00000e2d   Thumb Code    18  nrfx_uart.o(i.nrf_gpio_cfg_input)
    i.nrf_gpio_cfg_input                     0x00000e3e   Section        0  nrfx_uarte.o(i.nrf_gpio_cfg_input)
    nrf_gpio_cfg_input                       0x00000e3f   Thumb Code    18  nrfx_uarte.o(i.nrf_gpio_cfg_input)
    i.nrf_gpio_cfg_output                    0x00000e50   Section        0  nrfx_uart.o(i.nrf_gpio_cfg_output)
    nrf_gpio_cfg_output                      0x00000e51   Thumb Code    22  nrfx_uart.o(i.nrf_gpio_cfg_output)
    i.nrf_gpio_cfg_output                    0x00000e66   Section        0  nrfx_uarte.o(i.nrf_gpio_cfg_output)
    nrf_gpio_cfg_output                      0x00000e67   Thumb Code    22  nrfx_uarte.o(i.nrf_gpio_cfg_output)
    i.nrf_pwm_event_check                    0x00000e7c   Section        0  nrfx_pwm.o(i.nrf_pwm_event_check)
    nrf_pwm_event_check                      0x00000e7d   Thumb Code    10  nrfx_pwm.o(i.nrf_pwm_event_check)
    i.nrf_pwm_event_clear                    0x00000e86   Section        0  nrfx_pwm.o(i.nrf_pwm_event_clear)
    nrf_pwm_event_clear                      0x00000e87   Thumb Code    12  nrfx_pwm.o(i.nrf_pwm_event_clear)
    i.nrf_pwm_sequence_set                   0x00000e92   Section        0  nrfx_pwm.o(i.nrf_pwm_sequence_set)
    nrf_pwm_sequence_set                     0x00000e93   Thumb Code    30  nrfx_pwm.o(i.nrf_pwm_sequence_set)
    i.nrf_timer_event_clear                  0x00000eb0   Section        0  nrfx_timer.o(i.nrf_timer_event_clear)
    nrf_timer_event_clear                    0x00000eb1   Thumb Code    12  nrfx_timer.o(i.nrf_timer_event_clear)
    i.nrf_uart_event_check                   0x00000ebc   Section        0  nrfx_uart.o(i.nrf_uart_event_check)
    nrf_uart_event_check                     0x00000ebd   Thumb Code    10  nrfx_uart.o(i.nrf_uart_event_check)
    i.nrf_uart_event_clear                   0x00000ec6   Section        0  nrfx_uart.o(i.nrf_uart_event_clear)
    nrf_uart_event_clear                     0x00000ec7   Thumb Code    12  nrfx_uart.o(i.nrf_uart_event_clear)
    i.nrf_uart_int_enable_check              0x00000ed2   Section        0  nrfx_uart.o(i.nrf_uart_int_enable_check)
    nrf_uart_int_enable_check                0x00000ed3   Thumb Code    12  nrfx_uart.o(i.nrf_uart_int_enable_check)
    i.nrf_uarte_event_check                  0x00000ede   Section        0  nrfx_uarte.o(i.nrf_uarte_event_check)
    nrf_uarte_event_check                    0x00000edf   Thumb Code    10  nrfx_uarte.o(i.nrf_uarte_event_check)
    i.nrf_uarte_event_clear                  0x00000ee8   Section        0  nrfx_uarte.o(i.nrf_uarte_event_clear)
    nrf_uarte_event_clear                    0x00000ee9   Thumb Code    12  nrfx_uarte.o(i.nrf_uarte_event_clear)
    i.nrfx_is_in_ram                         0x00000ef4   Section        0  nrfx_uarte.o(i.nrfx_is_in_ram)
    nrfx_is_in_ram                           0x00000ef5   Thumb Code    16  nrfx_uarte.o(i.nrfx_is_in_ram)
    i.nrfx_prs_acquire                       0x00000f04   Section        0  nrfx_prs.o(i.nrfx_prs_acquire)
    i.nrfx_pwm_complex_playback              0x00000f34   Section        0  nrfx_pwm.o(i.nrfx_pwm_complex_playback)
    i.nrfx_pwm_init                          0x00000f90   Section        0  nrfx_pwm.o(i.nrfx_pwm_init)
    i.nrfx_pwm_uninit                        0x00001068   Section        0  nrfx_pwm.o(i.nrfx_pwm_uninit)
    i.nrfx_uart_0_irq_handler                0x000010a8   Section        0  nrfx_uart.o(i.nrfx_uart_0_irq_handler)
    i.nrfx_uart_init                         0x000010b8   Section        0  nrfx_uart.o(i.nrfx_uart_init)
    i.nrfx_uart_rx                           0x0000118c   Section        0  nrfx_uart.o(i.nrfx_uart_rx)
    i.nrfx_uart_tx                           0x00001278   Section        0  nrfx_uart.o(i.nrfx_uart_tx)
    i.nrfx_uart_tx_in_progress               0x00001320   Section        0  nrfx_uart.o(i.nrfx_uart_tx_in_progress)
    i.nrfx_uarte_0_irq_handler               0x00001340   Section        0  nrfx_uarte.o(i.nrfx_uarte_0_irq_handler)
    i.nrfx_uarte_init                        0x00001350   Section        0  nrfx_uarte.o(i.nrfx_uarte_init)
    i.nrfx_uarte_rx                          0x000013bc   Section        0  nrfx_uarte.o(i.nrfx_uarte_rx)
    i.nrfx_uarte_tx                          0x000014c0   Section        0  nrfx_uarte.o(i.nrfx_uarte_tx)
    i.nrfx_uarte_tx_in_progress              0x0000156c   Section        0  nrfx_uarte.o(i.nrfx_uarte_tx_in_progress)
    i.nvmc_config                            0x00001588   Section        0  system_nrf52.o(i.nvmc_config)
    i.prs_box_get                            0x000015a0   Section        0  nrfx_prs.o(i.prs_box_get)
    prs_box_get                              0x000015a1   Thumb Code    14  nrfx_prs.o(i.prs_box_get)
    i.rx_byte                                0x000015b8   Section        0  nrfx_uart.o(i.rx_byte)
    rx_byte                                  0x000015b9   Thumb Code    50  nrfx_uart.o(i.rx_byte)
    i.rx_done_event                          0x000015ea   Section        0  nrfx_uart.o(i.rx_done_event)
    rx_done_event                            0x000015eb   Thumb Code    22  nrfx_uart.o(i.rx_done_event)
    i.rx_done_event                          0x00001600   Section        0  nrfx_uarte.o(i.rx_done_event)
    rx_done_event                            0x00001601   Thumb Code    22  nrfx_uarte.o(i.rx_done_event)
    i.rx_enable                              0x00001616   Section        0  nrfx_uart.o(i.rx_enable)
    rx_enable                                0x00001617   Thumb Code    32  nrfx_uart.o(i.rx_enable)
    i.start_playback                         0x00001636   Section        0  nrfx_pwm.o(i.start_playback)
    start_playback                           0x00001637   Thumb Code    76  nrfx_pwm.o(i.start_playback)
    i.tx_byte                                0x00001682   Section        0  nrfx_uart.o(i.tx_byte)
    tx_byte                                  0x00001683   Thumb Code    32  nrfx_uart.o(i.tx_byte)
    i.tx_done_event                          0x000016a2   Section        0  nrfx_uart.o(i.tx_done_event)
    tx_done_event                            0x000016a3   Thumb Code    26  nrfx_uart.o(i.tx_done_event)
    i.tx_done_event                          0x000016bc   Section        0  nrfx_uarte.o(i.tx_done_event)
    tx_done_event                            0x000016bd   Thumb Code    26  nrfx_uarte.o(i.tx_done_event)
    i.uart_error_handle                      0x000016d6   Section        0  main.o(i.uart_error_handle)
    i.uart_event_handler                     0x000016e8   Section        0  app_uart_fifo.o(i.uart_event_handler)
    uart_event_handler                       0x000016e9   Thumb Code   156  app_uart_fifo.o(i.uart_event_handler)
    i.uart_evt_handler                       0x0000178c   Section        0  nrf_drv_uart.o(i.uart_evt_handler)
    uart_evt_handler                         0x0000178d   Thumb Code    42  nrf_drv_uart.o(i.uart_evt_handler)
    i.uart_irq_handler                       0x000017bc   Section        0  nrfx_uart.o(i.uart_irq_handler)
    uart_irq_handler                         0x000017bd   Thumb Code   298  nrfx_uart.o(i.uart_irq_handler)
    i.uarte_evt_handler                      0x000018e8   Section        0  nrf_drv_uart.o(i.uarte_evt_handler)
    uarte_evt_handler                        0x000018e9   Thumb Code    42  nrf_drv_uart.o(i.uarte_evt_handler)
    i.uarte_irq_handler                      0x00001918   Section        0  nrfx_uarte.o(i.uarte_irq_handler)
    uarte_irq_handler                        0x00001919   Thumb Code   274  nrfx_uarte.o(i.uarte_irq_handler)
    .constdata                               0x00001a2c   Section      112  main.o(.constdata)
    .constdata                               0x00001a9c   Section       32  data.o(.constdata)
    .constdata                               0x00001abc   Section       24  data.o(.constdata)
    .constdata                               0x00001ad4   Section        4  nrfx_uart.o(.constdata)
    irq_handlers                             0x00001ad4   Data           4  nrfx_uart.o(.constdata)
    .constdata                               0x00001ad8   Section        4  nrfx_uarte.o(.constdata)
    irq_handlers                             0x00001ad8   Data           4  nrfx_uarte.o(.constdata)
    .constdata                               0x00001adc   Section       32  app_uart_fifo.o(.constdata)
    .data                                    0x20000000   Section       68  main.o(.data)
    m_used                                   0x20000000   Data           1  main.o(.data)
    m_pwm0                                   0x2000000c   Data           8  main.o(.data)
    m_pwm1                                   0x20000014   Data           8  main.o(.data)
    m_pwm2                                   0x2000001c   Data           8  main.o(.data)
    .data                                    0x20000044   Section       16  data.o(.data)
    .data                                    0x20000054   Section       12  data.o(.data)
    .data                                    0x20000060   Section       12  nrf_drv_uart.o(.data)
    m_handlers                               0x20000064   Data           4  nrf_drv_uart.o(.data)
    m_contexts                               0x20000068   Data           4  nrf_drv_uart.o(.data)
    .data                                    0x2000006c   Section        8  nrfx_prs.o(.data)
    m_prs_box_4                              0x2000006c   Data           8  nrfx_prs.o(.data)
    .data                                    0x20000074   Section       28  app_uart_fifo.o(.data)
    tx_buffer                                0x20000074   Data           1  app_uart_fifo.o(.data)
    rx_buffer                                0x20000075   Data           1  app_uart_fifo.o(.data)
    m_rx_ovf                                 0x20000076   Data           1  app_uart_fifo.o(.data)
    m_event_handler                          0x20000078   Data           4  app_uart_fifo.o(.data)
    app_uart_inst                            0x2000007c   Data          20  app_uart_fifo.o(.data)
    .data                                    0x20000090   Section        4  app_util_platform.o(.data)
    m_in_critical_region                     0x20000090   Data           4  app_util_platform.o(.data)
    .data                                    0x20000094   Section        4  retarget.o(.data)
    .data                                    0x20000098   Section        4  system_nrf52.o(.data)
    __tagsym$$used                           0x20000098   Number         0  system_nrf52.o(.data)
    .bss                                     0x2000009c   Section      512  main.o(.bss)
    rx_buf                                   0x2000009c   Data         256  main.o(.bss)
    tx_buf                                   0x2000019c   Data         256  main.o(.bss)
    .bss                                     0x2000029c   Section       44  nrfx_uart.o(.bss)
    m_cb                                     0x2000029c   Data          44  nrfx_uart.o(.bss)
    .bss                                     0x200002c8   Section       36  nrfx_uarte.o(.bss)
    m_cb                                     0x200002c8   Data          36  nrfx_uarte.o(.bss)
    .bss                                     0x200002ec   Section       12  nrfx_timer.o(.bss)
    m_cb                                     0x200002ec   Data          12  nrfx_timer.o(.bss)
    .bss                                     0x200002f8   Section       24  nrfx_pwm.o(.bss)
    m_cb                                     0x200002f8   Data          24  nrfx_pwm.o(.bss)
    .bss                                     0x20000310   Section       32  app_uart_fifo.o(.bss)
    m_rx_fifo                                0x20000310   Data          16  app_uart_fifo.o(.bss)
    m_tx_fifo                                0x20000320   Data          16  app_uart_fifo.o(.bss)
    STACK                                    0x20000330   Section     8192  arm_startup_nrf52.o(STACK)

    Global Symbols

    Symbol Name                              Value     Ov Type        Size  Object(Section)

    BuildAttributes$$THM_ISAv4$E$P$D$K$B$S$7EM$VFPi3$EXTD16$VFPS$VFMA$PE$A:L22UL41UL21$X:L11$S22US41US21$IEEE1$IW$USESV6$~STKCKD$USESV7$~SHL$OSPACE$ROPI$EBA8$MICROLIB$REQ8$EABIv2 0x00000000   Number         0  anon$$obj.o ABSOLUTE
    __ARM_use_no_argv                        0x00000000   Number         0  main.o ABSOLUTE
    __Vectors                                0x00000000   Data           4  arm_startup_nrf52.o(RESET)
    __cpp_initialize__aeabi_                  - Undefined Weak Reference
    __cxa_finalize                            - Undefined Weak Reference
    __decompress                              - Undefined Weak Reference
    _clock_init                               - Undefined Weak Reference
    _microlib_exit                            - Undefined Weak Reference
    __Vectors_End                            0x00000200   Data           0  arm_startup_nrf52.o(RESET)
    __Vectors_Size                           0x00000200   Number         0  arm_startup_nrf52.o ABSOLUTE
    __main                                   0x00000201   Thumb Code     0  entry.o(.ARM.Collect$$$$00000000)
    _main_stk                                0x00000201   Thumb Code     0  entry2.o(.ARM.Collect$$$$00000001)
    _main_scatterload                        0x00000205   Thumb Code     0  entry5.o(.ARM.Collect$$$$00000004)
    __main_after_scatterload                 0x00000209   Thumb Code     0  entry5.o(.ARM.Collect$$$$00000004)
    _main_clock                              0x00000209   Thumb Code     0  entry7b.o(.ARM.Collect$$$$00000008)
    _main_cpp_init                           0x00000209   Thumb Code     0  entry8b.o(.ARM.Collect$$$$0000000A)
    _main_init                               0x00000209   Thumb Code     0  entry9a.o(.ARM.Collect$$$$0000000B)
    __rt_final_cpp                           0x00000211   Thumb Code     0  entry10a.o(.ARM.Collect$$$$0000000D)
    __rt_final_exit                          0x00000211   Thumb Code     0  entry11a.o(.ARM.Collect$$$$0000000F)
    Reset_Handler                            0x00000215   Thumb Code     8  arm_startup_nrf52.o(.text)
    NMI_Handler                              0x0000021d   Thumb Code     2  arm_startup_nrf52.o(.text)
    HardFault_Handler                        0x0000021f   Thumb Code     2  arm_startup_nrf52.o(.text)
    MemoryManagement_Handler                 0x00000221   Thumb Code     2  arm_startup_nrf52.o(.text)
    BusFault_Handler                         0x00000223   Thumb Code     2  arm_startup_nrf52.o(.text)
    UsageFault_Handler                       0x00000225   Thumb Code     2  arm_startup_nrf52.o(.text)
    SVC_Handler                              0x00000227   Thumb Code     2  arm_startup_nrf52.o(.text)
    DebugMon_Handler                         0x00000229   Thumb Code     2  arm_startup_nrf52.o(.text)
    PendSV_Handler                           0x0000022b   Thumb Code     2  arm_startup_nrf52.o(.text)
    SysTick_Handler                          0x0000022d   Thumb Code     2  arm_startup_nrf52.o(.text)
    CCM_AAR_IRQHandler                       0x0000022f   Thumb Code     0  arm_startup_nrf52.o(.text)
    COMP_LPCOMP_IRQHandler                   0x0000022f   Thumb Code     0  arm_startup_nrf52.o(.text)
    ECB_IRQHandler                           0x0000022f   Thumb Code     0  arm_startup_nrf52.o(.text)
    FPU_IRQHandler                           0x0000022f   Thumb Code     0  arm_startup_nrf52.o(.text)
    GPIOTE_IRQHandler                        0x0000022f   Thumb Code     0  arm_startup_nrf52.o(.text)
    I2S_IRQHandler                           0x0000022f   Thumb Code     0  arm_startup_nrf52.o(.text)
    MWU_IRQHandler                           0x0000022f   Thumb Code     0  arm_startup_nrf52.o(.text)
    NFCT_IRQHandler                          0x0000022f   Thumb Code     0  arm_startup_nrf52.o(.text)
    PDM_IRQHandler                           0x0000022f   Thumb Code     0  arm_startup_nrf52.o(.text)
    POWER_CLOCK_IRQHandler                   0x0000022f   Thumb Code     0  arm_startup_nrf52.o(.text)
    QDEC_IRQHandler                          0x0000022f   Thumb Code     0  arm_startup_nrf52.o(.text)
    RADIO_IRQHandler                         0x0000022f   Thumb Code     0  arm_startup_nrf52.o(.text)
    RNG_IRQHandler                           0x0000022f   Thumb Code     0  arm_startup_nrf52.o(.text)
    RTC0_IRQHandler                          0x0000022f   Thumb Code     0  arm_startup_nrf52.o(.text)
    RTC1_IRQHandler                          0x0000022f   Thumb Code     0  arm_startup_nrf52.o(.text)
    RTC2_IRQHandler                          0x0000022f   Thumb Code     0  arm_startup_nrf52.o(.text)
    SAADC_IRQHandler                         0x0000022f   Thumb Code     0  arm_startup_nrf52.o(.text)
    SPIM0_SPIS0_TWIM0_TWIS0_SPI0_TWI0_IRQHandler 0x0000022f   Thumb Code     0  arm_startup_nrf52.o(.text)
    SPIM1_SPIS1_TWIM1_TWIS1_SPI1_TWI1_IRQHandler 0x0000022f   Thumb Code     0  arm_startup_nrf52.o(.text)
    SPIM2_SPIS2_SPI2_IRQHandler              0x0000022f   Thumb Code     0  arm_startup_nrf52.o(.text)
    SWI0_EGU0_IRQHandler                     0x0000022f   Thumb Code     0  arm_startup_nrf52.o(.text)
    SWI1_EGU1_IRQHandler                     0x0000022f   Thumb Code     0  arm_startup_nrf52.o(.text)
    SWI2_EGU2_IRQHandler                     0x0000022f   Thumb Code     0  arm_startup_nrf52.o(.text)
    SWI3_EGU3_IRQHandler                     0x0000022f   Thumb Code     0  arm_startup_nrf52.o(.text)
    SWI4_EGU4_IRQHandler                     0x0000022f   Thumb Code     0  arm_startup_nrf52.o(.text)
    SWI5_EGU5_IRQHandler                     0x0000022f   Thumb Code     0  arm_startup_nrf52.o(.text)
    TEMP_IRQHandler                          0x0000022f   Thumb Code     0  arm_startup_nrf52.o(.text)
    TIMER1_IRQHandler                        0x0000022f   Thumb Code     0  arm_startup_nrf52.o(.text)
    TIMER2_IRQHandler                        0x0000022f   Thumb Code     0  arm_startup_nrf52.o(.text)
    TIMER3_IRQHandler                        0x0000022f   Thumb Code     0  arm_startup_nrf52.o(.text)
    TIMER4_IRQHandler                        0x0000022f   Thumb Code     0  arm_startup_nrf52.o(.text)
    WDT_IRQHandler                           0x0000022f   Thumb Code     0  arm_startup_nrf52.o(.text)
    __aeabi_memcpy                           0x00000239   Thumb Code    36  memcpya.o(.text)
    __aeabi_memcpy4                          0x00000239   Thumb Code     0  memcpya.o(.text)
    __aeabi_memcpy8                          0x00000239   Thumb Code     0  memcpya.o(.text)
    __scatterload                            0x0000025d   Thumb Code    28  init.o(.text)
    __scatterload_rt2                        0x0000025d   Thumb Code     0  init.o(.text)
    PWM0_IRQHandler                          0x00000281   Thumb Code     8  nrfx_pwm.o(i.PWM0_IRQHandler)
    PWM1_IRQHandler                          0x00000291   Thumb Code     8  nrfx_pwm.o(i.PWM1_IRQHandler)
    PWM2_IRQHandler                          0x000002a1   Thumb Code     8  nrfx_pwm.o(i.PWM2_IRQHandler)
    SystemInit                               0x00000309   Thumb Code   660  system_nrf52.o(i.SystemInit)
    TIMER0_IRQHandler                        0x000005e1   Thumb Code    70  nrfx_timer.o(i.TIMER0_IRQHandler)
    UARTE0_UART0_IRQHandler                  0x000007d1   Thumb Code     6  nrfx_prs.o(i.UARTE0_UART0_IRQHandler)
    __0printf$bare                           0x000007dd   Thumb Code     8  printfb.o(i.__0printf$bare)
    __1printf$bare                           0x000007dd   Thumb Code     0  printfb.o(i.__0printf$bare)
    __2printf                                0x000007dd   Thumb Code     0  printfb.o(i.__0printf$bare)
    __scatterload_copy                       0x000007ed   Thumb Code    14  handlers.o(i.__scatterload_copy)
    __scatterload_null                       0x000007fb   Thumb Code     2  handlers.o(i.__scatterload_null)
    __scatterload_zeroinit                   0x000007fd   Thumb Code    14  handlers.o(i.__scatterload_zeroinit)
    app_error_fault_handler                  0x0000082d   Thumb Code    40  app_error_weak.o(i.app_error_fault_handler)
    app_error_handler_bare                   0x0000085d   Thumb Code    22  app_error.o(i.app_error_handler_bare)
    app_fifo_get                             0x00000873   Thumb Code    22  app_fifo.o(i.app_fifo_get)
    app_fifo_init                            0x00000889   Thumb Code    32  app_fifo.o(i.app_fifo_init)
    app_fifo_put                             0x000008a9   Thumb Code    26  app_fifo.o(i.app_fifo_put)
    app_uart_init                            0x000008c5   Thumb Code   148  app_uart_fifo.o(i.app_uart_init)
    app_uart_put                             0x00000969   Thumb Code    70  app_uart_fifo.o(i.app_uart_put)
    app_util_critical_region_enter           0x000009bd   Thumb Code     4  app_util_platform.o(i.app_util_critical_region_enter)
    app_util_critical_region_exit            0x000009c1   Thumb Code     4  app_util_platform.o(i.app_util_critical_region_exit)
    app_util_disable_irq                     0x000009c5   Thumb Code    12  app_util_platform.o(i.app_util_disable_irq)
    app_util_enable_irq                      0x000009d5   Thumb Code    14  app_util_platform.o(i.app_util_enable_irq)
    fputc                                    0x00000b85   Thumb Code    14  retarget.o(i.fputc)
    main                                     0x00000cb9   Thumb Code    86  main.o(i.main)
    nrf_drv_uart_init                        0x00000d3d   Thumb Code    90  nrf_drv_uart.o(i.nrf_drv_uart_init)
    nrfx_prs_acquire                         0x00000f05   Thumb Code    48  nrfx_prs.o(i.nrfx_prs_acquire)
    nrfx_pwm_complex_playback                0x00000f35   Thumb Code    86  nrfx_pwm.o(i.nrfx_pwm_complex_playback)
    nrfx_pwm_init                            0x00000f91   Thumb Code   210  nrfx_pwm.o(i.nrfx_pwm_init)
    nrfx_pwm_uninit                          0x00001069   Thumb Code    60  nrfx_pwm.o(i.nrfx_pwm_uninit)
    nrfx_uart_0_irq_handler                  0x000010a9   Thumb Code     8  nrfx_uart.o(i.nrfx_uart_0_irq_handler)
    nrfx_uart_init                           0x000010b9   Thumb Code   200  nrfx_uart.o(i.nrfx_uart_init)
    nrfx_uart_rx                             0x0000118d   Thumb Code   230  nrfx_uart.o(i.nrfx_uart_rx)
    nrfx_uart_tx                             0x00001279   Thumb Code   162  nrfx_uart.o(i.nrfx_uart_tx)
    nrfx_uart_tx_in_progress                 0x00001321   Thumb Code    26  nrfx_uart.o(i.nrfx_uart_tx_in_progress)
    nrfx_uarte_0_irq_handler                 0x00001341   Thumb Code     8  nrfx_uarte.o(i.nrfx_uarte_0_irq_handler)
    nrfx_uarte_init                          0x00001351   Thumb Code   100  nrfx_uarte.o(i.nrfx_uarte_init)
    nrfx_uarte_rx                            0x000013bd   Thumb Code   256  nrfx_uarte.o(i.nrfx_uarte_rx)
    nrfx_uarte_tx                            0x000014c1   Thumb Code   166  nrfx_uarte.o(i.nrfx_uarte_tx)
    nrfx_uarte_tx_in_progress                0x0000156d   Thumb Code    22  nrfx_uarte.o(i.nrfx_uarte_tx_in_progress)
    nvmc_config                              0x00001589   Thumb Code    14  system_nrf52.o(i.nvmc_config)
    uart_error_handle                        0x000016d7   Thumb Code    18  main.o(i.uart_error_handle)
    seq_values_Tip                           0x00001a9c   Data          32  data.o(.constdata)
    seq_values_Ring                          0x00001abc   Data          24  data.o(.constdata)
    Region$$Table$$Base                      0x00001afc   Number         0  anon$$obj.o(Region$$Table)
    Region$$Table$$Limit                     0x00001b1c   Number         0  anon$$obj.o(Region$$Table)
    Count_Tip                                0x20000004   Data           4  main.o(.data)
    Count_Ring                               0x20000008   Data           4  main.o(.data)
    seq_values_Tip0                          0x20000024   Data           8  main.o(.data)
    seq_values_Tip1                          0x2000002c   Data           8  main.o(.data)
    seq_values_Ring0                         0x20000034   Data           8  main.o(.data)
    seq_values_Ring1                         0x2000003c   Data           8  main.o(.data)
    number_Tip                               0x20000044   Data          16  data.o(.data)
    number_Ring                              0x20000054   Data          12  data.o(.data)
    nrf_drv_uart_use_easy_dma                0x20000060   Data           1  nrf_drv_uart.o(.data)
    __stdout                                 0x20000094   Data           4  retarget.o(.data)
    SystemCoreClock                          0x20000098   Data           4  system_nrf52.o(.data)
    __initial_sp                             0x20002330   Data           0  arm_startup_nrf52.o(STACK)



==============================================================================

Memory Map of the image

  Image Entry point : 0x00000201

  Load Region LR_IROM1 (Base: 0x00000000, Size: 0x00001bb8, Max: 0x00080000, ABSOLUTE)

    Execution Region ER_IROM1 (Exec base: 0x00000000, Load base: 0x00000000, Size: 0x00001b1c, Max: 0x00080000, ABSOLUTE)

    Exec Addr    Load Addr    Size         Type   Attr      Idx    E Section Name        Object

    0x00000000   0x00000000   0x00000200   Data   RO         2145    RESET               arm_startup_nrf52.o
    0x00000200   0x00000200   0x00000000   Code   RO         2214  * .ARM.Collect$$$$00000000  mc_w.l(entry.o)
    0x00000200   0x00000200   0x00000004   Code   RO         2483    .ARM.Collect$$$$00000001  mc_w.l(entry2.o)
    0x00000204   0x00000204   0x00000004   Code   RO         2486    .ARM.Collect$$$$00000004  mc_w.l(entry5.o)
    0x00000208   0x00000208   0x00000000   Code   RO         2488    .ARM.Collect$$$$00000008  mc_w.l(entry7b.o)
    0x00000208   0x00000208   0x00000000   Code   RO         2490    .ARM.Collect$$$$0000000A  mc_w.l(entry8b.o)
    0x00000208   0x00000208   0x00000008   Code   RO         2491    .ARM.Collect$$$$0000000B  mc_w.l(entry9a.o)
    0x00000210   0x00000210   0x00000000   Code   RO         2493    .ARM.Collect$$$$0000000D  mc_w.l(entry10a.o)
    0x00000210   0x00000210   0x00000000   Code   RO         2495    .ARM.Collect$$$$0000000F  mc_w.l(entry11a.o)
    0x00000210   0x00000210   0x00000004   Code   RO         2484    .ARM.Collect$$$$00002712  mc_w.l(entry2.o)
    0x00000214   0x00000214   0x00000024   Code   RO         2146    .text               arm_startup_nrf52.o
    0x00000238   0x00000238   0x00000024   Code   RO         2217    .text               mc_w.l(memcpya.o)
    0x0000025c   0x0000025c   0x00000024   Code   RO         2512    .text               mc_w.l(init.o)
    0x00000280   0x00000280   0x00000010   Code   RO         1176    i.PWM0_IRQHandler   nrfx_pwm.o
    0x00000290   0x00000290   0x00000010   Code   RO         1177    i.PWM1_IRQHandler   nrfx_pwm.o
    0x000002a0   0x000002a0   0x00000010   Code   RO         1178    i.PWM2_IRQHandler   nrfx_pwm.o
    0x000002b0   0x000002b0   0x00000058   Code   RO            4    i.RingHandler       main.o
    0x00000308   0x00000308   0x000002d8   Code   RO         2154    i.SystemInit        system_nrf52.o
    0x000005e0   0x000005e0   0x00000050   Code   RO         1050    i.TIMER0_IRQHandler  nrfx_timer.o
    0x00000630   0x00000630   0x00000058   Code   RO            5    i.TipHandler        main.o
    0x00000688   0x00000688   0x00000148   Code   RO            6    i.TipRing0          main.o
    0x000007d0   0x000007d0   0x0000000c   Code   RO          632    i.UARTE0_UART0_IRQHandler  nrfx_prs.o
    0x000007dc   0x000007dc   0x00000010   Code   RO         2224    i.__0printf$bare    mc_w.l(printfb.o)
    0x000007ec   0x000007ec   0x0000000e   Code   RO         2524    i.__scatterload_copy  mc_w.l(handlers.o)
    0x000007fa   0x000007fa   0x00000002   Code   RO         2525    i.__scatterload_null  mc_w.l(handlers.o)
    0x000007fc   0x000007fc   0x0000000e   Code   RO         2526    i.__scatterload_zeroinit  mc_w.l(handlers.o)
    0x0000080a   0x0000080a   0x00000022   Code   RO         2231    i._printf_core      mc_w.l(printfb.o)
    0x0000082c   0x0000082c   0x00000030   Code   RO         1364    i.app_error_fault_handler  app_error_weak.o
    0x0000085c   0x0000085c   0x00000016   Code   RO         1298    i.app_error_handler_bare  app_error.o
    0x00000872   0x00000872   0x00000016   Code   RO         1396    i.app_fifo_get      app_fifo.o
    0x00000888   0x00000888   0x00000020   Code   RO         1397    i.app_fifo_init     app_fifo.o
    0x000008a8   0x000008a8   0x0000001a   Code   RO         1399    i.app_fifo_put      app_fifo.o
    0x000008c2   0x000008c2   0x00000002   PAD
    0x000008c4   0x000008c4   0x000000a4   Code   RO         1474    i.app_uart_init     app_uart_fifo.o
    0x00000968   0x00000968   0x00000054   Code   RO         1475    i.app_uart_put      app_uart_fifo.o
    0x000009bc   0x000009bc   0x00000004   Code   RO         1548    i.app_util_critical_region_enter  app_util_platform.o
    0x000009c0   0x000009c0   0x00000004   Code   RO         1549    i.app_util_critical_region_exit  app_util_platform.o
    0x000009c4   0x000009c4   0x00000010   Code   RO         1550    i.app_util_disable_irq  app_util_platform.o
    0x000009d4   0x000009d4   0x00000014   Code   RO         1551    i.app_util_enable_irq  app_util_platform.o
    0x000009e8   0x000009e8   0x00000088   Code   RO          701    i.apply_config      nrfx_uart.o
    0x00000a70   0x00000a70   0x00000088   Code   RO          893    i.apply_config      nrfx_uarte.o
    0x00000af8   0x00000af8   0x00000066   Code   RO         1179    i.configure_pins    nrfx_pwm.o
    0x00000b5e   0x00000b5e   0x00000014   Code   RO         1402    i.fifo_get          app_fifo.o
    0x00000b72   0x00000b72   0x00000012   Code   RO         1403    i.fifo_put          app_fifo.o
    0x00000b84   0x00000b84   0x0000000e   Code   RO         2073    i.fputc             retarget.o
    0x00000b92   0x00000b92   0x00000002   PAD
    0x00000b94   0x00000b94   0x00000088   Code   RO          894    i.interrupts_enable  nrfx_uarte.o
    0x00000c1c   0x00000c1c   0x0000009c   Code   RO         1180    i.irq_handler       nrfx_pwm.o
    0x00000cb8   0x00000cb8   0x00000084   Code   RO            7    i.main              main.o
    0x00000d3c   0x00000d3c   0x00000068   Code   RO          441    i.nrf_drv_uart_init  nrf_drv_uart.o
    0x00000da4   0x00000da4   0x00000020   Code   RO         1476    i.nrf_drv_uart_rx   app_uart_fifo.o
    0x00000dc4   0x00000dc4   0x00000020   Code   RO         1477    i.nrf_drv_uart_tx   app_uart_fifo.o
    0x00000de4   0x00000de4   0x00000024   Code   RO          702    i.nrf_gpio_cfg      nrfx_uart.o
    0x00000e08   0x00000e08   0x00000024   Code   RO          895    i.nrf_gpio_cfg      nrfx_uarte.o
    0x00000e2c   0x00000e2c   0x00000012   Code   RO          704    i.nrf_gpio_cfg_input  nrfx_uart.o
    0x00000e3e   0x00000e3e   0x00000012   Code   RO          897    i.nrf_gpio_cfg_input  nrfx_uarte.o
    0x00000e50   0x00000e50   0x00000016   Code   RO          705    i.nrf_gpio_cfg_output  nrfx_uart.o
    0x00000e66   0x00000e66   0x00000016   Code   RO          898    i.nrf_gpio_cfg_output  nrfx_uarte.o
    0x00000e7c   0x00000e7c   0x0000000a   Code   RO         1181    i.nrf_pwm_event_check  nrfx_pwm.o
    0x00000e86   0x00000e86   0x0000000c   Code   RO         1182    i.nrf_pwm_event_clear  nrfx_pwm.o
    0x00000e92   0x00000e92   0x0000001e   Code   RO         1183    i.nrf_pwm_sequence_set  nrfx_pwm.o
    0x00000eb0   0x00000eb0   0x0000000c   Code   RO         1051    i.nrf_timer_event_clear  nrfx_timer.o
    0x00000ebc   0x00000ebc   0x0000000a   Code   RO          706    i.nrf_uart_event_check  nrfx_uart.o
    0x00000ec6   0x00000ec6   0x0000000c   Code   RO          707    i.nrf_uart_event_clear  nrfx_uart.o
    0x00000ed2   0x00000ed2   0x0000000c   Code   RO          708    i.nrf_uart_int_enable_check  nrfx_uart.o
    0x00000ede   0x00000ede   0x0000000a   Code   RO          899    i.nrf_uarte_event_check  nrfx_uarte.o
    0x00000ee8   0x00000ee8   0x0000000c   Code   RO          900    i.nrf_uarte_event_clear  nrfx_uarte.o
    0x00000ef4   0x00000ef4   0x00000010   Code   RO          901    i.nrfx_is_in_ram    nrfx_uarte.o
    0x00000f04   0x00000f04   0x00000030   Code   RO          633    i.nrfx_prs_acquire  nrfx_prs.o
    0x00000f34   0x00000f34   0x0000005c   Code   RO         1184    i.nrfx_pwm_complex_playback  nrfx_pwm.o
    0x00000f90   0x00000f90   0x000000d8   Code   RO         1185    i.nrfx_pwm_init     nrfx_pwm.o
    0x00001068   0x00001068   0x00000040   Code   RO         1189    i.nrfx_pwm_uninit   nrfx_pwm.o
    0x000010a8   0x000010a8   0x00000010   Code   RO          709    i.nrfx_uart_0_irq_handler  nrfx_uart.o
    0x000010b8   0x000010b8   0x000000d4   Code   RO          711    i.nrfx_uart_init    nrfx_uart.o
    0x0000118c   0x0000118c   0x000000ec   Code   RO          712    i.nrfx_uart_rx      nrfx_uart.o
    0x00001278   0x00001278   0x000000a8   Code   RO          717    i.nrfx_uart_tx      nrfx_uart.o
    0x00001320   0x00001320   0x00000020   Code   RO          719    i.nrfx_uart_tx_in_progress  nrfx_uart.o
    0x00001340   0x00001340   0x00000010   Code   RO          902    i.nrfx_uarte_0_irq_handler  nrfx_uarte.o
    0x00001350   0x00001350   0x0000006c   Code   RO          904    i.nrfx_uarte_init   nrfx_uarte.o
    0x000013bc   0x000013bc   0x00000104   Code   RO          905    i.nrfx_uarte_rx     nrfx_uarte.o
    0x000014c0   0x000014c0   0x000000ac   Code   RO          908    i.nrfx_uarte_tx     nrfx_uarte.o
    0x0000156c   0x0000156c   0x0000001c   Code   RO          910    i.nrfx_uarte_tx_in_progress  nrfx_uarte.o
    0x00001588   0x00001588   0x00000018   Code   RO         2155    i.nvmc_config       system_nrf52.o
    0x000015a0   0x000015a0   0x00000018   Code   RO          635    i.prs_box_get       nrfx_prs.o
    0x000015b8   0x000015b8   0x00000032   Code   RO          721    i.rx_byte           nrfx_uart.o
    0x000015ea   0x000015ea   0x00000016   Code   RO          722    i.rx_done_event     nrfx_uart.o
    0x00001600   0x00001600   0x00000016   Code   RO          912    i.rx_done_event     nrfx_uarte.o
    0x00001616   0x00001616   0x00000020   Code   RO          723    i.rx_enable         nrfx_uart.o
    0x00001636   0x00001636   0x0000004c   Code   RO         1190    i.start_playback    nrfx_pwm.o
    0x00001682   0x00001682   0x00000020   Code   RO          724    i.tx_byte           nrfx_uart.o
    0x000016a2   0x000016a2   0x0000001a   Code   RO          725    i.tx_done_event     nrfx_uart.o
    0x000016bc   0x000016bc   0x0000001a   Code   RO          913    i.tx_done_event     nrfx_uarte.o
    0x000016d6   0x000016d6   0x00000012   Code   RO            8    i.uart_error_handle  main.o
    0x000016e8   0x000016e8   0x000000a4   Code   RO         1478    i.uart_event_handler  app_uart_fifo.o
    0x0000178c   0x0000178c   0x00000030   Code   RO          442    i.uart_evt_handler  nrf_drv_uart.o
    0x000017bc   0x000017bc   0x0000012a   Code   RO          726    i.uart_irq_handler  nrfx_uart.o
    0x000018e6   0x000018e6   0x00000002   PAD
    0x000018e8   0x000018e8   0x00000030   Code   RO          443    i.uarte_evt_handler  nrf_drv_uart.o
    0x00001918   0x00001918   0x00000112   Code   RO          914    i.uarte_irq_handler  nrfx_uarte.o
    0x00001a2a   0x00001a2a   0x00000002   PAD
    0x00001a2c   0x00001a2c   0x00000070   Data   RO           11    .constdata          main.o
    0x00001a9c   0x00001a9c   0x00000020   Data   RO          264    .constdata          data.o
    0x00001abc   0x00001abc   0x00000018   Data   RO          265    .constdata          data.o
    0x00001ad4   0x00001ad4   0x00000004   Data   RO          729    .constdata          nrfx_uart.o
    0x00001ad8   0x00001ad8   0x00000004   Data   RO          917    .constdata          nrfx_uarte.o
    0x00001adc   0x00001adc   0x00000020   Data   RO         1480    .constdata          app_uart_fifo.o
    0x00001afc   0x00001afc   0x00000020   Data   RO         2522    Region$$Table       anon$$obj.o


    Execution Region RW_IRAM1 (Exec base: 0x20000000, Load base: 0x00001b1c, Size: 0x00002330, Max: 0x00010000, ABSOLUTE)

    Exec Addr    Load Addr    Size         Type   Attr      Idx    E Section Name        Object

    0x20000000   0x00001b1c   0x00000044   Data   RW           12    .data               main.o
    0x20000044   0x00001b60   0x00000010   Data   RW          266    .data               data.o
    0x20000054   0x00001b70   0x0000000c   Data   RW          267    .data               data.o
    0x20000060   0x00001b7c   0x0000000c   Data   RW          444    .data               nrf_drv_uart.o
    0x2000006c   0x00001b88   0x00000008   Data   RW          637    .data               nrfx_prs.o
    0x20000074   0x00001b90   0x0000001c   Data   RW         1481    .data               app_uart_fifo.o
    0x20000090   0x00001bac   0x00000004   Data   RW         1554    .data               app_util_platform.o
    0x20000094   0x00001bb0   0x00000004   Data   RW         2074    .data               retarget.o
    0x20000098   0x00001bb4   0x00000004   Data   RW         2157    .data               system_nrf52.o
    0x2000009c        -       0x00000200   Zero   RW            9    .bss                main.o
    0x2000029c        -       0x0000002c   Zero   RW          727    .bss                nrfx_uart.o
    0x200002c8        -       0x00000024   Zero   RW          915    .bss                nrfx_uarte.o
    0x200002ec        -       0x0000000c   Zero   RW         1066    .bss                nrfx_timer.o
    0x200002f8        -       0x00000018   Zero   RW         1191    .bss                nrfx_pwm.o
    0x20000310        -       0x00000020   Zero   RW         1479    .bss                app_uart_fifo.o
    0x20000330        -       0x00002000   Zero   RW         2143    STACK               arm_startup_nrf52.o


==============================================================================

Image component sizes


      Code (inc. data)   RO Data    RW Data    ZI Data      Debug   Object Name

        22          0          0          0          0       2533   app_error.o
         0          0          0          0          0        392   app_error_handler_keil.o
        48          8          0          0          0      30893   app_error_weak.o
       118          0          0          0          0       5026   app_fifo.o
       476         50         32         28         32      15271   app_uart_fifo.o
        44         10          0          4          0       3364   app_util_platform.o
        36          8        512          0       8192        932   arm_startup_nrf52.o
         0          0          0          0          0      10132   boards.o
         0          0         56         28          0       7012   data.o
       654        110        112         68        512      59218   main.o
       200         26          0         12          0      17852   nrf_drv_uart.o
        84         16          0          8          0       3649   nrfx_prs.o
       806         40          0          0         24      22396   nrfx_pwm.o
        92         10          0          0         12       9773   nrfx_timer.o
      1370         38          4          0         44      62743   nrfx_uart.o
      1292         36          4          0         36      25173   nrfx_uarte.o
        14          0          0          4          0       2886   retarget.o
       752         78          0          4          0      32353   system_nrf52.o

    ----------------------------------------------------------------------
      6016        430        752        156       8852     311598   Object Totals
         0          0         32          0          0          0   (incl. Generated)
         8          0          0          0          0          0   (incl. Padding)

    ----------------------------------------------------------------------

      Code (inc. data)   RO Data    RW Data    ZI Data      Debug   Library Member Name

         0          0          0          0          0          0   entry.o
         0          0          0          0          0          0   entry10a.o
         0          0          0          0          0          0   entry11a.o
         8          4          0          0          0          0   entry2.o
         4          0          0          0          0          0   entry5.o
         0          0          0          0          0          0   entry7b.o
         0          0          0          0          0          0   entry8b.o
         8          4          0          0          0          0   entry9a.o
        30          0          0          0          0          0   handlers.o
        36          8          0          0          0         68   init.o
        36          0          0          0          0         68   memcpya.o
        50          8          0          0          0        152   printfb.o

    ----------------------------------------------------------------------
       172         24          0          0          0        288   Library Totals
         0          0          0          0          0          0   (incl. Padding)

    ----------------------------------------------------------------------

      Code (inc. data)   RO Data    RW Data    ZI Data      Debug   Library Name

       172         24          0          0          0        288   mc_w.l

    ----------------------------------------------------------------------
       172         24          0          0          0        288   Library Totals

    ----------------------------------------------------------------------

==============================================================================


      Code (inc. data)   RO Data    RW Data    ZI Data      Debug   

      6188        454        752        156       8852     304738   Grand Totals
      6188        454        752        156       8852     304738   ELF Image Totals
      6188        454        752        156          0          0   ROM Totals

==============================================================================

    Total RO  Size (Code + RO Data)                 6940 (   6.78kB)
    Total RW  Size (RW Data + ZI Data)              9008 (   8.80kB)
    Total ROM Size (Code + RO Data + RW Data)       7096 (   6.93kB)

==============================================================================

