Component: ARM Compiler 5.06 update 6 (build 750) Tool: armlink [4d3601]

==============================================================================

Section Cross References

    main.o(i.GPIOTE_PPI_init) refers to nrfx_gpiote.o(i.nrfx_gpiote_out_init) for nrfx_gpiote_out_init
    main.o(i.GPIOTE_PPI_init) refers to app_error.o(i.app_error_handler_bare) for app_error_handler_bare
    main.o(i.GPIOTE_PPI_init) refers to nrfx_gpiote.o(i.nrfx_gpiote_clr_task_addr_get) for nrfx_gpiote_clr_task_addr_get
    main.o(i.GPIOTE_PPI_init) refers to nrfx_gpiote.o(i.nrfx_gpiote_set_task_addr_get) for nrfx_gpiote_set_task_addr_get
    main.o(i.GPIOTE_PPI_init) refers to nrfx_ppi.o(i.nrfx_ppi_channel_alloc) for nrfx_ppi_channel_alloc
    main.o(i.GPIOTE_PPI_init) refers to nrfx_ppi.o(i.nrfx_ppi_channel_assign) for nrfx_ppi_channel_assign
    main.o(i.GPIOTE_PPI_init) refers to nrfx_ppi.o(i.nrfx_ppi_channel_enable) for nrfx_ppi_channel_enable
    main.o(i.GPIOTE_PPI_init) refers to nrfx_gpiote.o(i.nrfx_gpiote_out_task_enable) for nrfx_gpiote_out_task_enable
    main.o(i.GPIOTE_PPI_init) refers to main.o(.constdata) for .constdata
    main.o(i.main) refers to memcpya.o(.text) for __aeabi_memcpy4
    main.o(i.main) refers to app_uart_fifo.o(i.app_uart_init) for app_uart_init
    main.o(i.main) refers to app_error.o(i.app_error_handler_bare) for app_error_handler_bare
    main.o(i.main) refers to printfb.o(i.__0printf$bare) for __2printf
    main.o(i.main) refers to nrfx_gpiote.o(i.nrfx_gpiote_init) for nrfx_gpiote_init
    main.o(i.main) refers to nrf_drv_ppi.o(i.nrf_drv_ppi_init) for nrf_drv_ppi_init
    main.o(i.main) refers to main.o(i.GPIOTE_PPI_init) for GPIOTE_PPI_init
    main.o(i.main) refers to main.o(.constdata) for .constdata
    main.o(i.main) refers to main.o(.bss) for .bss
    main.o(i.main) refers to main.o(i.uart_error_handle) for uart_error_handle
    main.o(i.uart_error_handle) refers to app_error.o(i.app_error_handler_bare) for app_error_handler_bare
    boards.o(i.bsp_board_button_idx_to_pin) refers to boards.o(.constdata) for .constdata
    boards.o(i.bsp_board_button_state_get) refers to boards.o(.constdata) for .constdata
    boards.o(i.bsp_board_init) refers to boards.o(i.nrf_gpio_cfg) for nrf_gpio_cfg
    boards.o(i.bsp_board_init) refers to boards.o(i.bsp_board_leds_off) for bsp_board_leds_off
    boards.o(i.bsp_board_init) refers to boards.o(.constdata) for .constdata
    boards.o(i.bsp_board_led_idx_to_pin) refers to boards.o(.constdata) for .constdata
    boards.o(i.bsp_board_led_invert) refers to boards.o(.constdata) for .constdata
    boards.o(i.bsp_board_led_off) refers to boards.o(i.nrf_gpio_pin_write) for nrf_gpio_pin_write
    boards.o(i.bsp_board_led_off) refers to boards.o(.constdata) for .constdata
    boards.o(i.bsp_board_led_on) refers to boards.o(i.nrf_gpio_pin_write) for nrf_gpio_pin_write
    boards.o(i.bsp_board_led_on) refers to boards.o(.constdata) for .constdata
    boards.o(i.bsp_board_led_state_get) refers to boards.o(.constdata) for .constdata
    boards.o(i.bsp_board_leds_off) refers to boards.o(i.bsp_board_led_off) for bsp_board_led_off
    boards.o(i.bsp_board_leds_on) refers to boards.o(i.bsp_board_led_on) for bsp_board_led_on
    boards.o(i.bsp_board_pin_to_button_idx) refers to boards.o(.constdata) for .constdata
    boards.o(i.bsp_board_pin_to_led_idx) refers to boards.o(.constdata) for .constdata
    nrf_drv_uart.o(i.nrf_drv_uart_init) refers to memcpya.o(.text) for __aeabi_memcpy4
    nrf_drv_uart.o(i.nrf_drv_uart_init) refers to nrfx_uarte.o(i.nrfx_uarte_init) for nrfx_uarte_init
    nrf_drv_uart.o(i.nrf_drv_uart_init) refers to nrfx_uart.o(i.nrfx_uart_init) for nrfx_uart_init
    nrf_drv_uart.o(i.nrf_drv_uart_init) refers to nrf_drv_uart.o(.data) for .data
    nrf_drv_uart.o(i.nrf_drv_uart_init) refers to nrf_drv_uart.o(i.uarte_evt_handler) for uarte_evt_handler
    nrf_drv_uart.o(i.nrf_drv_uart_init) refers to nrf_drv_uart.o(i.uart_evt_handler) for uart_evt_handler
    nrf_drv_uart.o(i.uart_evt_handler) refers to nrf_drv_uart.o(.data) for .data
    nrf_drv_uart.o(i.uarte_evt_handler) refers to nrf_drv_uart.o(.data) for .data
    nrfx_atomic.o(i.nrfx_atomic_flag_clear) refers to nrfx_atomic.o(i.nrfx_atomic_u32_and) for nrfx_atomic_u32_and
    nrfx_atomic.o(i.nrfx_atomic_flag_clear_fetch) refers to nrfx_atomic.o(i.nrfx_atomic_u32_fetch_and) for nrfx_atomic_u32_fetch_and
    nrfx_atomic.o(i.nrfx_atomic_flag_set) refers to nrfx_atomic.o(i.nrfx_atomic_u32_or) for nrfx_atomic_u32_or
    nrfx_atomic.o(i.nrfx_atomic_flag_set_fetch) refers to nrfx_atomic.o(i.nrfx_atomic_u32_fetch_or) for nrfx_atomic_u32_fetch_or
    nrfx_atomic.o(i.nrfx_atomic_u32_add) refers to nrfx_atomic.o(.emb_text) for __asm___13_nrfx_atomic_c_3bd32246__nrfx_atomic_internal_add
    nrfx_atomic.o(i.nrfx_atomic_u32_and) refers to nrfx_atomic.o(.emb_text) for __asm___13_nrfx_atomic_c_3bd32246__nrfx_atomic_internal_and
[...]
    ..\\..\\..\\..\\..\\..\\components\\libraries\\fifo\\app_fifo.c 0x00000000   Number         0  app_fifo.o ABSOLUTE
    ..\\..\\..\\..\\..\\..\\components\\libraries\\log\\src\\nrf_log_backend_rtt.c 0x00000000   Number         0  nrf_log_backend_rtt.o ABSOLUTE
    ..\\..\\..\\..\\..\\..\\components\\libraries\\log\\src\\nrf_log_backend_serial.c 0x00000000   Number         0  nrf_log_backend_serial.o ABSOLUTE
    ..\\..\\..\\..\\..\\..\\components\\libraries\\log\\src\\nrf_log_backend_uart.c 0x00000000   Number         0  nrf_log_backend_uart.o ABSOLUTE
    ..\\..\\..\\..\\..\\..\\components\\libraries\\log\\src\\nrf_log_default_backends.c 0x00000000   Number         0  nrf_log_default_backends.o ABSOLUTE
    ..\\..\\..\\..\\..\\..\\components\\libraries\\log\\src\\nrf_log_frontend.c 0x00000000   Number         0  nrf_log_frontend.o ABSOLUTE
    ..\\..\\..\\..\\..\\..\\components\\libraries\\log\\src\\nrf_log_str_formatter.c 0x00000000   Number         0  nrf_log_str_formatter.o ABSOLUTE
    ..\\..\\..\\..\\..\\..\\components\\libraries\\memobj\\nrf_memobj.c 0x00000000   Number         0  nrf_memobj.o ABSOLUTE
    ..\\..\\..\\..\\..\\..\\components\\libraries\\ringbuf\\nrf_ringbuf.c 0x00000000   Number         0  nrf_ringbuf.o ABSOLUTE
    ..\\..\\..\\..\\..\\..\\components\\libraries\\strerror\\nrf_strerror.c 0x00000000   Number         0  nrf_strerror.o ABSOLUTE
    ..\\..\\..\\..\\..\\..\\components\\libraries\\uart\\app_uart_fifo.c 0x00000000   Number         0  app_uart_fifo.o ABSOLUTE
    ..\\..\\..\\..\\..\\..\\components\\libraries\\uart\\retarget.c 0x00000000   Number         0  retarget.o ABSOLUTE
    ..\\..\\..\\..\\..\\..\\components\\libraries\\util\\app_error.c 0x00000000   Number         0  app_error.o ABSOLUTE
    ..\\..\\..\\..\\..\\..\\components\\libraries\\util\\app_error_handler_keil.c 0x00000000   Number         0  app_error_handler_keil.o ABSOLUTE
    ..\\..\\..\\..\\..\\..\\components\\libraries\\util\\app_error_weak.c 0x00000000   Number         0  app_error_weak.o ABSOLUTE
    ..\\..\\..\\..\\..\\..\\components\\libraries\\util\\app_util_platform.c 0x00000000   Number         0  app_util_platform.o ABSOLUTE
    ..\\..\\..\\..\\..\\..\\components\\libraries\\util\\nrf_assert.c 0x00000000   Number         0  nrf_assert.o ABSOLUTE
    ..\\..\\..\\..\\..\\..\\external\\fprintf\\nrf_fprintf.c 0x00000000   Number         0  nrf_fprintf.o ABSOLUTE
    ..\\..\\..\\..\\..\\..\\external\\fprintf\\nrf_fprintf_format.c 0x00000000   Number         0  nrf_fprintf_format.o ABSOLUTE
    ..\\..\\..\\..\\..\\..\\external\\segger_rtt\\SEGGER_RTT.c 0x00000000   Number         0  segger_rtt.o ABSOLUTE
    ..\\..\\..\\..\\..\\..\\external\\segger_rtt\\SEGGER_RTT_printf.c 0x00000000   Number         0  segger_rtt_printf.o ABSOLUTE
    ..\\..\\..\\..\\..\\..\\integration\\nrfx\\legacy\\nrf_drv_ppi.c 0x00000000   Number         0  nrf_drv_ppi.o ABSOLUTE
    ..\\..\\..\\..\\..\\..\\integration\\nrfx\\legacy\\nrf_drv_uart.c 0x00000000   Number         0  nrf_drv_uart.o ABSOLUTE
    ..\\..\\..\\..\\..\\..\\modules\\nrfx\\drivers\\src\\nrfx_comp.c 0x00000000   Number         0  nrfx_comp.o ABSOLUTE
    ..\\..\\..\\..\\..\\..\\modules\\nrfx\\drivers\\src\\nrfx_gpiote.c 0x00000000   Number         0  nrfx_gpiote.o ABSOLUTE
    ..\\..\\..\\..\\..\\..\\modules\\nrfx\\drivers\\src\\nrfx_ppi.c 0x00000000   Number         0  nrfx_ppi.o ABSOLUTE
    ..\\..\\..\\..\\..\\..\\modules\\nrfx\\drivers\\src\\nrfx_timer.c 0x00000000   Number         0  nrfx_timer.o ABSOLUTE
    ..\\..\\..\\..\\..\\..\\modules\\nrfx\\drivers\\src\\nrfx_uart.c 0x00000000   Number         0  nrfx_uart.o ABSOLUTE
    ..\\..\\..\\..\\..\\..\\modules\\nrfx\\drivers\\src\\nrfx_uarte.c 0x00000000   Number         0  nrfx_uarte.o ABSOLUTE
    ..\\..\\..\\..\\..\\..\\modules\\nrfx\\drivers\\src\\prs\\nrfx_prs.c 0x00000000   Number         0  nrfx_prs.o ABSOLUTE
    ..\\..\\..\\..\\..\\..\\modules\\nrfx\\soc\\nrfx_atomic.c 0x00000000   Number         0  nrfx_atomic.o ABSOLUTE
    ..\\..\\..\\main.c                       0x00000000   Number         0  main.o ABSOLUTE
    RTE\Device\nRF52832_xxAA\arm_startup_nrf52.s 0x00000000   Number         0  arm_startup_nrf52.o ABSOLUTE
    RTE\Device\nRF52832_xxAA\system_nrf52.c  0x00000000   Number         0  system_nrf52.o ABSOLUTE
    RTE\\Device\\nRF52832_xxAA\\system_nrf52.c 0x00000000   Number         0  system_nrf52.o ABSOLUTE
    cdrcmple.s                               0x00000000   Number         0  cdrcmple.o ABSOLUTE
    dc.s                                     0x00000000   Number         0  dc.o ABSOLUTE
    handlers.s                               0x00000000   Number         0  handlers.o ABSOLUTE
    init.s                                   0x00000000   Number         0  init.o ABSOLUTE
    .ARM.Collect$$$$00000000                 0x00000200   Section        0  entry.o(.ARM.Collect$$$$00000000)
    .ARM.Collect$$$$00000001                 0x00000200   Section        4  entry2.o(.ARM.Collect$$$$00000001)
    .ARM.Collect$$$$00000004                 0x00000204   Section        4  entry5.o(.ARM.Collect$$$$00000004)
    .ARM.Collect$$$$00000008                 0x00000208   Section        0  entry7b.o(.ARM.Collect$$$$00000008)
    .ARM.Collect$$$$0000000A                 0x00000208   Section        0  entry8b.o(.ARM.Collect$$$$0000000A)
    .ARM.Collect$$$$0000000B                 0x00000208   Section        8  entry9a.o(.ARM.Collect$$$$0000000B)
    .ARM.Collect$$$$0000000D                 0x00000210   Section        0  entry10a.o(.ARM.Collect$$$$0000000D)
    .ARM.Collect$$$$0000000F                 0x00000210   Section        0  entry11a.o(.ARM.Collect$$$$0000000F)
    .ARM.Collect$$$$00002712                 0x00000210   Section        4  entry2.o(.ARM.Collect$$$$00002712)
    __lit__00000000                          0x00000210   Data           4  entry2.o(.ARM.Collect$$$$00002712)
    .emb_text                                0x00000214   Section      226  nrf_atomic.o(.emb_text)
    $v0                                      0x00000214   Number         0  nrf_atomic.o(.emb_text)
    .text                                    0x000002f8   Section       36  arm_startup_nrf52.o(.text)
    $v0                                      0x000002f8   Number         0  arm_startup_nrf52.o(.text)
    .text                                    0x0000031c   Section        0  ctype_o.o(.text)
    .text                                    0x00000324   Section        0  memcpya.o(.text)
    .text                                    0x00000348   Section        0  memseta.o(.text)
    .text                                    0x0000036c   Section        0  strlen.o(.text)
    .text                                    0x0000037c   Section       36  init.o(.text)
    i.COMP_LPCOMP_IRQHandler                 0x000003a0   Section        0  nrfx_comp.o(i.COMP_LPCOMP_IRQHandler)
    i.GPIOTE_IRQHandler                      0x000003cc   Section        0  nrfx_gpiote.o(i.GPIOTE_IRQHandler)
    i.GPIOTE_PPI_init                        0x00000484   Section        0  main.o(i.GPIOTE_PPI_init)
    i.SystemInit                             0x00000520   Section        0  system_nrf52.o(i.SystemInit)
    i.TIMER0_IRQHandler                      0x000007f8   Section        0  nrfx_timer.o(i.TIMER0_IRQHandler)
    i.TIMER1_IRQHandler                      0x0000080c   Section        0  nrfx_timer.o(i.TIMER1_IRQHandler)
    i.TIMER2_IRQHandler                      0x00000820   Section        0  nrfx_timer.o(i.TIMER2_IRQHandler)
    i.UARTE0_UART0_IRQHandler                0x00000834   Section        0  nrfx_prs.o(i.UARTE0_UART0_IRQHandler)
    i.__0printf$bare                         0x00000840   Section        0  printfb.o(i.__0printf$bare)
    i.__scatterload_copy                     0x00000850   Section       14  handlers.o(i.__scatterload_copy)
    i.__scatterload_null                     0x0000085e   Section        2  handlers.o(i.__scatterload_null)
    i.__scatterload_zeroinit                 0x00000860   Section       14  handlers.o(i.__scatterload_zeroinit)
    i._printf_core                           0x0000086e   Section        0  printfb.o(i._printf_core)
    _printf_core                             0x0000086f   Thumb Code    34  printfb.o(i._printf_core)
    i.app_error_fault_handler                0x00000890   Section        0  app_error_weak.o(i.app_error_fault_handler)
    i.app_error_handler_bare                 0x00000914   Section        0  app_error.o(i.app_error_handler_bare)
    i.app_fifo_get                           0x0000092a   Section        0  app_fifo.o(i.app_fifo_get)
    i.app_fifo_init                          0x00000940   Section        0  app_fifo.o(i.app_fifo_init)
    i.app_fifo_put                           0x00000960   Section        0  app_fifo.o(i.app_fifo_put)
    i.app_uart_init                          0x0000097c   Section        0  app_uart_fifo.o(i.app_uart_init)
    i.app_uart_put                           0x00000a20   Section        0  app_uart_fifo.o(i.app_uart_put)
    i.app_util_critical_region_enter         0x00000a74   Section        0  app_util_platform.o(i.app_util_critical_region_enter)
    i.app_util_critical_region_exit          0x00000a78   Section        0  app_util_platform.o(i.app_util_critical_region_exit)
    i.app_util_disable_irq                   0x00000a7c   Section        0  app_util_platform.o(i.app_util_disable_irq)
    i.app_util_enable_irq                    0x00000a8c   Section        0  app_util_platform.o(i.app_util_enable_irq)
    i.apply_config                           0x00000aa0   Section        0  nrfx_uart.o(i.apply_config)
    apply_config                             0x00000aa1   Thumb Code   136  nrfx_uart.o(i.apply_config)
    i.apply_config                           0x00000b28   Section        0  nrfx_uarte.o(i.apply_config)
    apply_config                             0x00000b29   Thumb Code   136  nrfx_uarte.o(i.apply_config)
    i.buf_prealloc                           0x00000bb0   Section        0  nrf_log_frontend.o(i.buf_prealloc)
    buf_prealloc                             0x00000bb1   Thumb Code   132  nrf_log_frontend.o(i.buf_prealloc)
    i.buffer_add                             0x00000c3c   Section        0  nrf_fprintf_format.o(i.buffer_add)
    buffer_add                               0x00000c3d   Thumb Code    46  nrf_fprintf_format.o(i.buffer_add)
    i.buffer_is_empty                        0x00000c6c   Section        0  nrf_log_frontend.o(i.buffer_is_empty)
    i.channel_free                           0x00000c84   Section        0  nrfx_gpiote.o(i.channel_free)
    channel_free                             0x00000c85   Thumb Code    22  nrfx_gpiote.o(i.channel_free)
    i.channel_port_alloc                     0x00000ca0   Section        0  nrfx_gpiote.o(i.channel_port_alloc)
    channel_port_alloc                       0x00000ca1   Thumb Code    66  nrfx_gpiote.o(i.channel_port_alloc)
    i.channel_port_get                       0x00000ce8   Section        0  nrfx_gpiote.o(i.channel_port_get)
    channel_port_get                         0x00000ce9   Thumb Code    10  nrfx_gpiote.o(i.channel_port_get)
    i.comp_execute_handler                   0x00000cf8   Section        0  nrfx_comp.o(i.comp_execute_handler)
    comp_execute_handler                     0x00000cf9   Thumb Code    40  nrfx_comp.o(i.comp_execute_handler)
    i.dropped_sat16_get                      0x00000d28   Section        0  nrf_log_frontend.o(i.dropped_sat16_get)
    dropped_sat16_get                        0x00000d29   Thumb Code    16  nrf_log_frontend.o(i.dropped_sat16_get)
    i.fifo_get                               0x00000d3c   Section        0  app_fifo.o(i.fifo_get)
    fifo_get                                 0x00000d3d   Thumb Code    20  app_fifo.o(i.fifo_get)
    i.fifo_put                               0x00000d50   Section        0  app_fifo.o(i.fifo_put)
    fifo_put                                 0x00000d51   Thumb Code    18  app_fifo.o(i.fifo_put)
    i.fputc                                  0x00000d62   Section        0  retarget.o(i.fputc)
    i.int_print                              0x00000d70   Section        0  nrf_fprintf_format.o(i.int_print)
    int_print                                0x00000d71   Thumb Code   166  nrf_fprintf_format.o(i.int_print)
    i.interrupts_enable                      0x00000e18   Section        0  nrfx_uarte.o(i.interrupts_enable)
    interrupts_enable                        0x00000e19   Thumb Code   132  nrfx_uarte.o(i.interrupts_enable)
    i.invalid_packets_omit                   0x00000ea0   Section        0  nrf_log_frontend.o(i.invalid_packets_omit)
    invalid_packets_omit                     0x00000ea1   Thumb Code    52  nrf_log_frontend.o(i.invalid_packets_omit)
    i.irq_handler                            0x00000ed4   Section        0  nrfx_timer.o(i.irq_handler)
    irq_handler                              0x00000ed5   Thumb Code    70  nrfx_timer.o(i.irq_handler)
    i.is_allocated_channel                   0x00000f1c   Section        0  nrfx_ppi.o(i.is_allocated_channel)
    is_allocated_channel                     0x00000f1d   Thumb Code    20  nrfx_ppi.o(i.is_allocated_channel)
    i.is_programmable_app_channel            0x00000f34   Section        0  nrfx_ppi.o(i.is_programmable_app_channel)
    is_programmable_app_channel              0x00000f35   Thumb Code    12  nrfx_ppi.o(i.is_programmable_app_channel)
    i.log_pending_hook                       0x00000f40   Section        0  nrf_log_frontend.o(i.log_pending_hook)
    i.log_skip                               0x00000f44   Section        0  nrf_log_frontend.o(i.log_skip)
    log_skip                                 0x00000f45   Thumb Code   150  nrf_log_frontend.o(i.log_skip)
    i.main                                   0x00000fe8   Section        0  main.o(i.main)
    i.memobj_op                              0x000010c0   Section        0  nrf_memobj.o(i.memobj_op)
    memobj_op                                0x000010c1   Thumb Code   126  nrf_memobj.o(i.memobj_op)
    i.module_idx_get                         0x00001140   Section        0  nrf_log_frontend.o(i.module_idx_get)
    module_idx_get                           0x00001141   Thumb Code    42  nrf_log_frontend.o(i.module_idx_get)
    i.nrf_atomic_flag_clear_fetch            0x00001170   Section        0  nrf_atomic.o(i.nrf_atomic_flag_clear_fetch)
    i.nrf_atomic_flag_set                    0x00001176   Section        0  nrf_atomic.o(i.nrf_atomic_flag_set)
    i.nrf_atomic_u32_add                     0x0000117c   Section        0  nrf_atomic.o(i.nrf_atomic_u32_add)
    i.nrf_atomic_u32_fetch_and               0x00001188   Section        0  nrf_atomic.o(i.nrf_atomic_u32_fetch_and)
    i.nrf_atomic_u32_fetch_store             0x00001192   Section        0  nrf_atomic.o(i.nrf_atomic_u32_fetch_store)
    i.nrf_atomic_u32_or                      0x0000119c   Section        0  nrf_atomic.o(i.nrf_atomic_u32_or)
    i.nrf_atomic_u32_sub                     0x000011a8   Section        0  nrf_atomic.o(i.nrf_atomic_u32_sub)
    i.nrf_balloc_alloc                       0x000011b4   Section        0  nrf_balloc.o(i.nrf_balloc_alloc)
    i.nrf_balloc_free                        0x000011f2   Section        0  nrf_balloc.o(i.nrf_balloc_free)
    i.nrf_bitmask_bit_is_set                 0x0000121c   Section        0  nrfx_gpiote.o(i.nrf_bitmask_bit_is_set)
    nrf_bitmask_bit_is_set                   0x0000121d   Thumb Code    16  nrfx_gpiote.o(i.nrf_bitmask_bit_is_set)
    i.nrf_comp_event_clear                   0x0000122c   Section        0  nrfx_comp.o(i.nrf_comp_event_clear)
    nrf_comp_event_clear                     0x0000122d   Thumb Code    16  nrfx_comp.o(i.nrf_comp_event_clear)
    i.nrf_drv_ppi_init                       0x00001240   Section        0  nrf_drv_ppi.o(i.nrf_drv_ppi_init)
    i.nrf_drv_uart_init                      0x00001258   Section        0  nrf_drv_uart.o(i.nrf_drv_uart_init)
    i.nrf_drv_uart_rx                        0x000012c0   Section        0  app_uart_fifo.o(i.nrf_drv_uart_rx)
    nrf_drv_uart_rx                          0x000012c1   Thumb Code    26  app_uart_fifo.o(i.nrf_drv_uart_rx)
    i.nrf_drv_uart_tx                        0x000012e0   Section        0  app_uart_fifo.o(i.nrf_drv_uart_tx)
    nrf_drv_uart_tx                          0x000012e1   Thumb Code    26  app_uart_fifo.o(i.nrf_drv_uart_tx)
    i.nrf_fprintf                            0x00001300   Section        0  nrf_fprintf.o(i.nrf_fprintf)
    i.nrf_fprintf_buffer_flush               0x0000131a   Section        0  nrf_fprintf.o(i.nrf_fprintf_buffer_flush)
    i.nrf_fprintf_fmt                        0x00001332   Section        0  nrf_fprintf_format.o(i.nrf_fprintf_fmt)
    i.nrf_gpio_cfg                           0x0000150c   Section        0  nrfx_uart.o(i.nrf_gpio_cfg)
    nrf_gpio_cfg                             0x0000150d   Thumb Code    36  nrfx_uart.o(i.nrf_gpio_cfg)
    i.nrf_gpio_cfg                           0x00001530   Section        0  nrfx_uarte.o(i.nrf_gpio_cfg)
    nrf_gpio_cfg                             0x00001531   Thumb Code    36  nrfx_uarte.o(i.nrf_gpio_cfg)
    i.nrf_gpio_cfg                           0x00001554   Section        0  nrfx_gpiote.o(i.nrf_gpio_cfg)
    nrf_gpio_cfg                             0x00001555   Thumb Code    36  nrfx_gpiote.o(i.nrf_gpio_cfg)
    i.nrf_gpio_cfg_default                   0x00001578   Section        0  nrfx_uart.o(i.nrf_gpio_cfg_default)
    nrf_gpio_cfg_default                     0x00001579   Thumb Code    18  nrfx_uart.o(i.nrf_gpio_cfg_default)
    i.nrf_gpio_cfg_default                   0x0000158a   Section        0  nrfx_uarte.o(i.nrf_gpio_cfg_default)
    nrf_gpio_cfg_default                     0x0000158b   Thumb Code    18  nrfx_uarte.o(i.nrf_gpio_cfg_default)
    i.nrf_gpio_cfg_input                     0x0000159c   Section        0  nrfx_uart.o(i.nrf_gpio_cfg_input)
    nrf_gpio_cfg_input                       0x0000159d   Thumb Code    18  nrfx_uart.o(i.nrf_gpio_cfg_input)
    i.nrf_gpio_cfg_input                     0x000015ae   Section        0  nrfx_uarte.o(i.nrf_gpio_cfg_input)
    nrf_gpio_cfg_input                       0x000015af   Thumb Code    18  nrfx_uarte.o(i.nrf_gpio_cfg_input)
    i.nrf_gpio_cfg_output                    0x000015c0   Section        0  nrfx_uart.o(i.nrf_gpio_cfg_output)
    nrf_gpio_cfg_output                      0x000015c1   Thumb Code    22  nrfx_uart.o(i.nrf_gpio_cfg_output)
    i.nrf_gpio_cfg_output                    0x000015d6   Section        0  nrfx_uarte.o(i.nrf_gpio_cfg_output)
    nrf_gpio_cfg_output                      0x000015d7   Thumb Code    22  nrfx_uarte.o(i.nrf_gpio_cfg_output)
    i.nrf_gpio_cfg_sense_set                 0x000015ec   Section        0  nrfx_gpiote.o(i.nrf_gpio_cfg_sense_set)
    nrf_gpio_cfg_sense_set                   0x000015ed   Thumb Code    34  nrfx_gpiote.o(i.nrf_gpio_cfg_sense_set)
    i.nrf_gpio_latches_read_and_clear        0x00001610   Section        0  nrfx_gpiote.o(i.nrf_gpio_latches_read_and_clear)
    nrf_gpio_latches_read_and_clear          0x00001611   Thumb Code    38  nrfx_gpiote.o(i.nrf_gpio_latches_read_and_clear)
    i.nrf_gpio_pin_present_check             0x0000163c   Section        0  nrfx_gpiote.o(i.nrf_gpio_pin_present_check)
    nrf_gpio_pin_present_check               0x0000163d   Thumb Code    30  nrfx_gpiote.o(i.nrf_gpio_pin_present_check)
    i.nrf_gpiote_event_clear                 0x0000165c   Section        0  nrfx_gpiote.o(i.nrf_gpiote_event_clear)
    nrf_gpiote_event_clear                   0x0000165d   Thumb Code    16  nrfx_gpiote.o(i.nrf_gpiote_event_clear)
    i.nrf_gpiote_event_is_set                0x00001670   Section        0  nrfx_gpiote.o(i.nrf_gpiote_event_is_set)
    nrf_gpiote_event_is_set                  0x00001671   Thumb Code    12  nrfx_gpiote.o(i.nrf_gpiote_event_is_set)
    i.nrf_log_backend_serial_put             0x00001680   Section        0  nrf_log_backend_serial.o(i.nrf_log_backend_serial_put)
    i.nrf_log_backend_uart_flush             0x00001742   Section        0  nrf_log_backend_uart.o(i.nrf_log_backend_uart_flush)
    nrf_log_backend_uart_flush               0x00001743   Thumb Code     2  nrf_log_backend_uart.o(i.nrf_log_backend_uart_flush)
    i.nrf_log_backend_uart_panic_set         0x00001744   Section        0  nrf_log_backend_uart.o(i.nrf_log_backend_uart_panic_set)
    nrf_log_backend_uart_panic_set           0x00001745   Thumb Code    36  nrf_log_backend_uart.o(i.nrf_log_backend_uart_panic_set)
    i.nrf_log_backend_uart_put               0x00001770   Section        0  nrf_log_backend_uart.o(i.nrf_log_backend_uart_put)
    nrf_log_backend_uart_put                 0x00001771   Thumb Code    16  nrf_log_backend_uart.o(i.nrf_log_backend_uart_put)
    i.nrf_log_color_id_get                   0x00001788   Section        0  nrf_log_frontend.o(i.nrf_log_color_id_get)
    i.nrf_log_frontend_dequeue               0x000017b8   Section        0  nrf_log_frontend.o(i.nrf_log_frontend_dequeue)
    i.nrf_log_frontend_std_0                 0x000019e8   Section        0  nrf_log_frontend.o(i.nrf_log_frontend_std_0)
    i.nrf_log_hexdump_entry_process          0x000019f0   Section        0  nrf_log_str_formatter.o(i.nrf_log_hexdump_entry_process)
    i.nrf_log_module_cnt_get                 0x00001aa0   Section        0  nrf_log_frontend.o(i.nrf_log_module_cnt_get)
    i.nrf_log_module_name_get                0x00001ab4   Section        0  nrf_log_frontend.o(i.nrf_log_module_name_get)
    i.nrf_log_panic                          0x00001ad0   Section        0  nrf_log_frontend.o(i.nrf_log_panic)
    i.nrf_log_std_entry_process              0x00001af8   Section        0  nrf_log_str_formatter.o(i.nrf_log_std_entry_process)
    i.nrf_memobj_alloc                       0x00001bae   Section        0  nrf_memobj.o(i.nrf_memobj_alloc)
    i.nrf_memobj_free                        0x00001c0e   Section        0  nrf_memobj.o(i.nrf_memobj_free)
    i.nrf_memobj_get                         0x00001c40   Section        0  nrf_memobj.o(i.nrf_memobj_get)
    i.nrf_memobj_put                         0x00001c48   Section        0  nrf_memobj.o(i.nrf_memobj_put)
    i.nrf_memobj_read                        0x00001c66   Section        0  nrf_memobj.o(i.nrf_memobj_read)
    i.nrf_memobj_write                       0x00001c76   Section        0  nrf_memobj.o(i.nrf_memobj_write)
    i.nrf_timer_event_clear                  0x00001c86   Section        0  nrfx_timer.o(i.nrf_timer_event_clear)
    nrf_timer_event_clear                    0x00001c87   Thumb Code    12  nrfx_timer.o(i.nrf_timer_event_clear)
    i.nrf_uart_event_check                   0x00001c92   Section        0  nrfx_uart.o(i.nrf_uart_event_check)
    nrf_uart_event_check                     0x00001c93   Thumb Code    10  nrfx_uart.o(i.nrf_uart_event_check)
    i.nrf_uart_event_clear                   0x00001c9c   Section        0  nrfx_uart.o(i.nrf_uart_event_clear)
    nrf_uart_event_clear                     0x00001c9d   Thumb Code    12  nrfx_uart.o(i.nrf_uart_event_clear)
    i.nrf_uart_int_enable_check              0x00001ca8   Section        0  nrfx_uart.o(i.nrf_uart_int_enable_check)
    nrf_uart_int_enable_check                0x00001ca9   Thumb Code    12  nrfx_uart.o(i.nrf_uart_int_enable_check)
    i.nrf_uarte_event_check                  0x00001cb4   Section        0  nrfx_uarte.o(i.nrf_uarte_event_check)
    nrf_uarte_event_check                    0x00001cb5   Thumb Code    10  nrfx_uarte.o(i.nrf_uarte_event_check)
    i.nrf_uarte_event_clear                  0x00001cbe   Section        0  nrfx_uarte.o(i.nrf_uarte_event_clear)
    nrf_uarte_event_clear                    0x00001cbf   Thumb Code    12  nrfx_uarte.o(i.nrf_uarte_event_clear)
    i.nrfx_gpiote_clr_task_addr_get          0x00001ccc   Section        0  nrfx_gpiote.o(i.nrfx_gpiote_clr_task_addr_get)
    i.nrfx_gpiote_clr_task_get               0x00001cdc   Section        0  nrfx_gpiote.o(i.nrfx_gpiote_clr_task_get)
    i.nrfx_gpiote_init                       0x00001cec   Section        0  nrfx_gpiote.o(i.nrfx_gpiote_init)
    i.nrfx_gpiote_out_init                   0x00001d60   Section        0  nrfx_gpiote.o(i.nrfx_gpiote_out_init)
    i.nrfx_gpiote_out_task_enable            0x00001e20   Section        0  nrfx_gpiote.o(i.nrfx_gpiote_out_task_enable)
    i.nrfx_gpiote_set_task_addr_get          0x00001e44   Section        0  nrfx_gpiote.o(i.nrfx_gpiote_set_task_addr_get)
    i.nrfx_gpiote_set_task_get               0x00001e54   Section        0  nrfx_gpiote.o(i.nrfx_gpiote_set_task_get)
    i.nrfx_is_in_ram                         0x00001e64   Section        0  nrfx_uarte.o(i.nrfx_is_in_ram)
    nrfx_is_in_ram                           0x00001e65   Thumb Code    16  nrfx_uarte.o(i.nrfx_is_in_ram)
    i.nrfx_ppi_channel_alloc                 0x00001e74   Section        0  nrfx_ppi.o(i.nrfx_ppi_channel_alloc)
    i.nrfx_ppi_channel_assign                0x00001ed4   Section        0  nrfx_ppi.o(i.nrfx_ppi_channel_assign)
    i.nrfx_ppi_channel_enable                0x00001f18   Section        0  nrfx_ppi.o(i.nrfx_ppi_channel_enable)
    i.nrfx_prs_acquire                       0x00001f40   Section        0  nrfx_prs.o(i.nrfx_prs_acquire)
    i.nrfx_prs_release                       0x00001f70   Section        0  nrfx_prs.o(i.nrfx_prs_release)
    i.nrfx_uart_0_irq_handler                0x00001f84   Section        0  nrfx_uart.o(i.nrfx_uart_0_irq_handler)
    i.nrfx_uart_init                         0x00001f94   Section        0  nrfx_uart.o(i.nrfx_uart_init)
    i.nrfx_uart_rx                           0x00002068   Section        0  nrfx_uart.o(i.nrfx_uart_rx)
    i.nrfx_uart_tx                           0x00002154   Section        0  nrfx_uart.o(i.nrfx_uart_tx)
    i.nrfx_uart_tx_in_progress               0x000021fc   Section        0  nrfx_uart.o(i.nrfx_uart_tx_in_progress)
    i.nrfx_uart_uninit                       0x0000221c   Section        0  nrfx_uart.o(i.nrfx_uart_uninit)
    i.nrfx_uarte_0_irq_handler               0x000022dc   Section        0  nrfx_uarte.o(i.nrfx_uarte_0_irq_handler)
    i.nrfx_uarte_init                        0x000022ec   Section        0  nrfx_uarte.o(i.nrfx_uarte_init)
    i.nrfx_uarte_rx                          0x00002358   Section        0  nrfx_uarte.o(i.nrfx_uarte_rx)
    i.nrfx_uarte_tx                          0x0000245c   Section        0  nrfx_uarte.o(i.nrfx_uarte_tx)
    i.nrfx_uarte_tx_in_progress              0x00002508   Section        0  nrfx_uarte.o(i.nrfx_uarte_tx_in_progress)
    i.nrfx_uarte_uninit                      0x00002524   Section        0  nrfx_uarte.o(i.nrfx_uarte_uninit)
    i.nvmc_config                            0x0000262c   Section        0  system_nrf52.o(i.nvmc_config)
    i.pin_configured_set                     0x00002644   Section        0  nrfx_gpiote.o(i.pin_configured_set)
    pin_configured_set                       0x00002645   Thumb Code    22  nrfx_gpiote.o(i.pin_configured_set)
    i.port_event_handle                      0x00002660   Section        0  nrfx_gpiote.o(i.port_event_handle)
    port_event_handle                        0x00002661   Thumb Code   162  nrfx_gpiote.o(i.port_event_handle)
    i.port_handler_polarity_get              0x00002708   Section        0  nrfx_gpiote.o(i.port_handler_polarity_get)
    port_handler_polarity_get                0x00002709   Thumb Code    12  nrfx_gpiote.o(i.port_handler_polarity_get)
    i.postfix_process                        0x00002718   Section        0  nrf_log_str_formatter.o(i.postfix_process)
    postfix_process                          0x00002719   Thumb Code    48  nrf_log_str_formatter.o(i.postfix_process)
    i.prefix_process                         0x00002754   Section        0  nrf_log_str_formatter.o(i.prefix_process)
    prefix_process                           0x00002755   Thumb Code    90  nrf_log_str_formatter.o(i.prefix_process)
    i.prs_box_get                            0x000027ec   Section        0  nrfx_prs.o(i.prs_box_get)
    prs_box_get                              0x000027ed   Thumb Code    14  nrfx_prs.o(i.prs_box_get)
    i.rx_byte                                0x00002804   Section        0  nrfx_uart.o(i.rx_byte)
    rx_byte                                  0x00002805   Thumb Code    50  nrfx_uart.o(i.rx_byte)
    i.rx_done_event                          0x00002836   Section        0  nrfx_uart.o(i.rx_done_event)
    rx_done_event                            0x00002837   Thumb Code    22  nrfx_uart.o(i.rx_done_event)
    i.rx_done_event                          0x0000284c   Section        0  nrfx_uarte.o(i.rx_done_event)
    rx_done_event                            0x0000284d   Thumb Code    22  nrfx_uarte.o(i.rx_done_event)
    i.rx_enable                              0x00002862   Section        0  nrfx_uart.o(i.rx_enable)
    rx_enable                                0x00002863   Thumb Code    32  nrfx_uart.o(i.rx_enable)
    i.serial_tx                              0x00002884   Section        0  nrf_log_backend_uart.o(i.serial_tx)
    serial_tx                                0x00002885   Thumb Code    54  nrf_log_backend_uart.o(i.serial_tx)
    i.std_n                                  0x000028c4   Section        0  nrf_log_frontend.o(i.std_n)
    std_n                                    0x000028c5   Thumb Code   144  nrf_log_frontend.o(i.std_n)
    i.tx_byte                                0x0000295c   Section        0  nrfx_uart.o(i.tx_byte)
    tx_byte                                  0x0000295d   Thumb Code    32  nrfx_uart.o(i.tx_byte)
    i.tx_done_event                          0x0000297c   Section        0  nrfx_uart.o(i.tx_done_event)
    tx_done_event                            0x0000297d   Thumb Code    26  nrfx_uart.o(i.tx_done_event)
    i.tx_done_event                          0x00002996   Section        0  nrfx_uarte.o(i.tx_done_event)
    tx_done_event                            0x00002997   Thumb Code    26  nrfx_uarte.o(i.tx_done_event)
    i.uart_error_handle                      0x000029b0   Section        0  main.o(i.uart_error_handle)
    i.uart_event_handler                     0x000029c4   Section        0  app_uart_fifo.o(i.uart_event_handler)
    uart_event_handler                       0x000029c5   Thumb Code   156  app_uart_fifo.o(i.uart_event_handler)
    i.uart_evt_handler                       0x00002a68   Section        0  nrf_drv_uart.o(i.uart_evt_handler)
    uart_evt_handler                         0x00002a69   Thumb Code    42  nrf_drv_uart.o(i.uart_evt_handler)
    i.uart_evt_handler                       0x00002a98   Section        0  nrf_log_backend_uart.o(i.uart_evt_handler)
    uart_evt_handler                         0x00002a99   Thumb Code     8  nrf_log_backend_uart.o(i.uart_evt_handler)
    i.uart_init                              0x00002aa4   Section        0  nrf_log_backend_uart.o(i.uart_init)
    uart_init                                0x00002aa5   Thumb Code    66  nrf_log_backend_uart.o(i.uart_init)
    i.uart_irq_handler                       0x00002af4   Section        0  nrfx_uart.o(i.uart_irq_handler)
    uart_irq_handler                         0x00002af5   Thumb Code   298  nrfx_uart.o(i.uart_irq_handler)
    i.uarte_evt_handler                      0x00002c20   Section        0  nrf_drv_uart.o(i.uarte_evt_handler)
    uarte_evt_handler                        0x00002c21   Thumb Code    42  nrf_drv_uart.o(i.uarte_evt_handler)
    i.uarte_irq_handler                      0x00002c50   Section        0  nrfx_uarte.o(i.uarte_irq_handler)
    uarte_irq_handler                        0x00002c51   Thumb Code   274  nrfx_uarte.o(i.uarte_irq_handler)
    i.unsigned_print                         0x00002d64   Section        0  nrf_fprintf_format.o(i.unsigned_print)
    unsigned_print                           0x00002d65   Thumb Code   176  nrf_fprintf_format.o(i.unsigned_print)
    .constdata                               0x00002e18   Section       28  main.o(.constdata)
    .constdata                               0x00002e34   Section        4  nrfx_uart.o(.constdata)
    irq_handlers                             0x00002e34   Data           4  nrfx_uart.o(.constdata)
    .constdata                               0x00002e38   Section        4  nrfx_uarte.o(.constdata)
    irq_handlers                             0x00002e38   Data           4  nrfx_uarte.o(.constdata)
    .constdata                               0x00002e3c   Section        4  nrfx_gpiote.o(.constdata)
    .constdata                               0x00002e40   Section       16  nrf_fprintf_format.o(.constdata)
    _aV2C                                    0x00002e40   Data          16  nrf_fprintf_format.o(.constdata)
    .constdata                               0x00002e50   Section       32  app_uart_fifo.o(.constdata)
    .constdata                               0x00002e70   Section       12  nrf_log_backend_uart.o(.constdata)
    .constdata                               0x00002e7c   Section       32  nrf_log_backend_uart.o(.constdata)
    .constdata                               0x00002e9c   Section      129  ctype_o.o(.constdata)
    .constdata                               0x00002f20   Section        4  ctype_o.o(.constdata)
    table                                    0x00002f20   Data           4  ctype_o.o(.constdata)
    .conststring                             0x00002f24   Section      102  nrf_log_str_formatter.o(.conststring)
    .conststrlit                             0x00002f8c   Section        4  nrfx_prs.o(.conststrlit)
    .conststrlit                             0x00002f90   Section        5  nrfx_uart.o(.conststrlit)
    .conststrlit                             0x00002f98   Section        6  nrfx_uarte.o(.conststrlit)
    .conststrlit                             0x00002fa0   Section        5  nrfx_comp.o(.conststrlit)
    .conststrlit                             0x00002fa8   Section        7  nrfx_gpiote.o(.conststrlit)
    .conststrlit                             0x00002fb0   Section        4  nrfx_ppi.o(.conststrlit)
    .conststrlit                             0x00002fb4   Section        6  nrfx_timer.o(.conststrlit)
    .conststrlit                             0x00002fbc   Section       17  nrf_log_default_backends.o(.conststrlit)
    .conststrlit                             0x00002fd0   Section        4  nrf_log_frontend.o(.conststrlit)
    log_backends                             0x00002ff4   Section       16  nrf_log_default_backends.o(log_backends)
    __tagsym$$used                           0x00002ff4   Number         0  nrf_log_default_backends.o(log_backends)
    uart_log_backend                         0x00002ff4   Data          16  nrf_log_default_backends.o(log_backends)
    log_const_data                           0x00003004   Section        8  nrfx_prs.o(log_const_data)
    __tagsym$$used                           0x00003004   Number         0  nrfx_prs.o(log_const_data)
    log_const_data                           0x0000300c   Section        8  nrfx_uart.o(log_const_data)
    __tagsym$$used                           0x0000300c   Number         0  nrfx_uart.o(log_const_data)
    log_const_data                           0x00003014   Section        8  nrfx_uarte.o(log_const_data)
    __tagsym$$used                           0x00003014   Number         0  nrfx_uarte.o(log_const_data)
    log_const_data                           0x0000301c   Section        8  nrfx_comp.o(log_const_data)
    __tagsym$$used                           0x0000301c   Number         0  nrfx_comp.o(log_const_data)
    log_const_data                           0x00003024   Section        8  nrfx_gpiote.o(log_const_data)
    __tagsym$$used                           0x00003024   Number         0  nrfx_gpiote.o(log_const_data)
    log_const_data                           0x0000302c   Section        8  nrfx_ppi.o(log_const_data)
    __tagsym$$used                           0x0000302c   Number         0  nrfx_ppi.o(log_const_data)
    log_const_data                           0x00003034   Section        8  nrfx_timer.o(log_const_data)
    __tagsym$$used                           0x00003034   Number         0  nrfx_timer.o(log_const_data)
    log_const_data                           0x0000303c   Section        8  nrf_log_frontend.o(log_const_data)
    __tagsym$$used                           0x0000303c   Number         0  nrf_log_frontend.o(log_const_data)
    nrf_balloc                               0x00003044   Section       20  nrf_log_frontend.o(nrf_balloc)
    __tagsym$$used                           0x00003044   Number         0  nrf_log_frontend.o(nrf_balloc)
    .data                                    0x20000000   Section       12  nrf_drv_uart.o(.data)
    m_handlers                               0x20000004   Data           4  nrf_drv_uart.o(.data)
    m_contexts                               0x20000008   Data           4  nrf_drv_uart.o(.data)
    .data                                    0x2000000c   Section        8  nrfx_prs.o(.data)
    m_prs_box_4                              0x2000000c   Data           8  nrfx_prs.o(.data)
    .data                                    0x20000014   Section        8  nrfx_comp.o(.data)
    m_state                                  0x20000014   Data           1  nrfx_comp.o(.data)
    m_comp_event_handler                     0x20000018   Data           4  nrfx_comp.o(.data)
    .data                                    0x2000001c   Section        1  nrf_drv_ppi.o(.data)
    m_drv_state                              0x2000001c   Data           1  nrf_drv_ppi.o(.data)
    .data                                    0x20000020   Section        8  nrfx_ppi.o(.data)
    m_groups_allocated                       0x20000020   Data           1  nrfx_ppi.o(.data)
    m_channels_allocated                     0x20000024   Data           4  nrfx_ppi.o(.data)
    .data                                    0x20000028   Section        4  app_util_platform.o(.data)
    m_in_critical_region                     0x20000028   Data           4  app_util_platform.o(.data)
    .data                                    0x2000002c   Section       28  app_uart_fifo.o(.data)
    tx_buffer                                0x2000002c   Data           1  app_uart_fifo.o(.data)
    rx_buffer                                0x2000002d   Data           1  app_uart_fifo.o(.data)
    m_rx_ovf                                 0x2000002e   Data           1  app_uart_fifo.o(.data)
    m_event_handler                          0x20000030   Data           4  app_uart_fifo.o(.data)
    app_uart_inst                            0x20000034   Data          20  app_uart_fifo.o(.data)
    .data                                    0x20000048   Section        4  retarget.o(.data)
    .data                                    0x2000004c   Section       24  nrf_log_backend_uart.o(.data)
    m_xfer_done                              0x2000004c   Data           1  nrf_log_backend_uart.o(.data)
    m_async_mode                             0x2000004d   Data           1  nrf_log_backend_uart.o(.data)
    .data                                    0x20000064   Section        8  nrf_log_default_backends.o(.data)
    log_backend_cb_uart_log_backend          0x20000064   Data           8  nrf_log_default_backends.o(.data)
    .data                                    0x2000006c   Section        4  nrf_log_frontend.o(.data)
    m_buffer_mask                            0x2000006c   Data           4  nrf_log_frontend.o(.data)
    .data                                    0x20000070   Section        8  nrf_log_frontend.o(.data)
    log_mempool_nrf_balloc_pool_stack        0x20000070   Data           8  nrf_log_frontend.o(.data)
    .data                                    0x20000078   Section        8  nrf_log_frontend.o(.data)
    log_mempool_nrf_balloc_cb                0x20000078   Data           8  nrf_log_frontend.o(.data)
    .data                                    0x20000080   Section       64  nrf_log_str_formatter.o(.data)
    m_freq                                   0x20000080   Data           4  nrf_log_str_formatter.o(.data)
    m_timestamp_div                          0x20000084   Data           4  nrf_log_str_formatter.o(.data)
    severity_names                           0x20000088   Data          20  nrf_log_str_formatter.o(.data)
    m_colors                                 0x2000009c   Data          36  nrf_log_str_formatter.o(.data)
    .data                                    0x200000c0   Section        4  system_nrf52.o(.data)
    __tagsym$$used                           0x200000c0   Number         0  system_nrf52.o(.data)
    .bss                                     0x200000c4   Section      512  main.o(.bss)
    rx_buf                                   0x200000c4   Data         256  main.o(.bss)
    tx_buf                                   0x200001c4   Data         256  main.o(.bss)
    .bss                                     0x200002c4   Section       44  nrfx_uart.o(.bss)
    m_cb                                     0x200002c4   Data          44  nrfx_uart.o(.bss)
    .bss                                     0x200002f0   Section       36  nrfx_uarte.o(.bss)
    m_cb                                     0x200002f0   Data          36  nrfx_uarte.o(.bss)
    .bss                                     0x20000314   Section       76  nrfx_gpiote.o(.bss)
    m_cb                                     0x20000314   Data          76  nrfx_gpiote.o(.bss)
    .bss                                     0x20000360   Section       36  nrfx_timer.o(.bss)
    m_cb                                     0x20000360   Data          36  nrfx_timer.o(.bss)
    .bss                                     0x20000384   Section       32  app_uart_fifo.o(.bss)
    m_rx_fifo                                0x20000384   Data          16  app_uart_fifo.o(.bss)
    m_tx_fifo                                0x20000394   Data          16  app_uart_fifo.o(.bss)
    .bss                                     0x200003a4   Section       64  nrf_log_backend_uart.o(.bss)
    m_string_buff                            0x200003a4   Data          64  nrf_log_backend_uart.o(.bss)
    .bss                                     0x200003e4   Section      192  nrf_log_frontend.o(.bss)
    log_mempool_nrf_balloc_pool_mem          0x200003e4   Data         192  nrf_log_frontend.o(.bss)
    .bss                                     0x200004a4   Section     1056  nrf_log_frontend.o(.bss)
    m_log_data                               0x200004a4   Data        1056  nrf_log_frontend.o(.bss)
    STACK                                    0x200008c8   Section     8192  arm_startup_nrf52.o(STACK)

    Global Symbols

    Symbol Name                              Value     Ov Type        Size  Object(Section)

    BuildAttributes$$THM_ISAv4$E$P$D$K$B$S$7EM$VFPi3$EXTD16$VFPS$VFMA$PE$A:L22UL41UL21$X:L11$S22US41US21$IEEE1$IW$USESV6$~STKCKD$USESV7$~SHL$OSPACE$ROPI$EBA8$MICROLIB$REQ8$EABIv2 0x00000000   Number         0  anon$$obj.o ABSOLUTE
    __ARM_use_no_argv                        0x00000000   Number         0  main.o ABSOLUTE
    __Vectors                                0x00000000   Data           4  arm_startup_nrf52.o(RESET)
    __cpp_initialize__aeabi_                  - Undefined Weak Reference
    __cxa_finalize                            - Undefined Weak Reference
    __decompress                              - Undefined Weak Reference
    _clock_init                               - Undefined Weak Reference
    _microlib_exit                            - Undefined Weak Reference
    log_dynamic_data$$Base                    - Undefined Reference
    __Vectors_End                            0x00000200   Data           0  arm_startup_nrf52.o(RESET)
    __Vectors_Size                           0x00000200   Number         0  arm_startup_nrf52.o ABSOLUTE
    __main                                   0x00000201   Thumb Code     0  entry.o(.ARM.Collect$$$$00000000)
    _main_stk                                0x00000201   Thumb Code     0  entry2.o(.ARM.Collect$$$$00000001)
    _main_scatterload                        0x00000205   Thumb Code     0  entry5.o(.ARM.Collect$$$$00000004)
    __main_after_scatterload                 0x00000209   Thumb Code     0  entry5.o(.ARM.Collect$$$$00000004)
    _main_clock                              0x00000209   Thumb Code     0  entry7b.o(.ARM.Collect$$$$00000008)
    _main_cpp_init                           0x00000209   Thumb Code     0  entry8b.o(.ARM.Collect$$$$0000000A)
    _main_init                               0x00000209   Thumb Code     0  entry9a.o(.ARM.Collect$$$$0000000B)
    __rt_final_cpp                           0x00000211   Thumb Code     0  entry10a.o(.ARM.Collect$$$$0000000D)
    __rt_final_exit                          0x00000211   Thumb Code     0  entry11a.o(.ARM.Collect$$$$0000000F)
    __asm___12_nrf_atomic_c_85ca2469__nrf_atomic_internal_mov 0x00000215   Thumb Code    24  nrf_atomic.o(.emb_text)
    __asm___12_nrf_atomic_c_85ca2469__nrf_atomic_internal_orr 0x0000022d   Thumb Code    26  nrf_atomic.o(.emb_text)
    __asm___12_nrf_atomic_c_85ca2469__nrf_atomic_internal_and 0x00000247   Thumb Code    26  nrf_atomic.o(.emb_text)
    __asm___12_nrf_atomic_c_85ca2469__nrf_atomic_internal_eor 0x00000261   Thumb Code    26  nrf_atomic.o(.emb_text)
    __asm___12_nrf_atomic_c_85ca2469__nrf_atomic_internal_add 0x0000027b   Thumb Code    26  nrf_atomic.o(.emb_text)
    __asm___12_nrf_atomic_c_85ca2469__nrf_atomic_internal_sub 0x00000295   Thumb Code    26  nrf_atomic.o(.emb_text)
    __asm___12_nrf_atomic_c_85ca2469__nrf_atomic_internal_cmp_exch 0x000002af   Thumb Code    42  nrf_atomic.o(.emb_text)
    __asm___12_nrf_atomic_c_85ca2469__nrf_atomic_internal_sub_hs 0x000002d9   Thumb Code    30  nrf_atomic.o(.emb_text)
    Reset_Handler                            0x000002f9   Thumb Code     8  arm_startup_nrf52.o(.text)
    NMI_Handler                              0x00000301   Thumb Code     2  arm_startup_nrf52.o(.text)
    HardFault_Handler                        0x00000303   Thumb Code     2  arm_startup_nrf52.o(.text)
    MemoryManagement_Handler                 0x00000305   Thumb Code     2  arm_startup_nrf52.o(.text)
    BusFault_Handler                         0x00000307   Thumb Code     2  arm_startup_nrf52.o(.text)
    UsageFault_Handler                       0x00000309   Thumb Code     2  arm_startup_nrf52.o(.text)
    SVC_Handler                              0x0000030b   Thumb Code     2  arm_startup_nrf52.o(.text)
    DebugMon_Handler                         0x0000030d   Thumb Code     2  arm_startup_nrf52.o(.text)
    PendSV_Handler                           0x0000030f   Thumb Code     2  arm_startup_nrf52.o(.text)
    SysTick_Handler                          0x00000311   Thumb Code     2  arm_startup_nrf52.o(.text)
    CCM_AAR_IRQHandler                       0x00000313   Thumb Code     0  arm_startup_nrf52.o(.text)
    ECB_IRQHandler                           0x00000313   Thumb Code     0  arm_startup_nrf52.o(.text)
    FPU_IRQHandler                           0x00000313   Thumb Code     0  arm_startup_nrf52.o(.text)
    I2S_IRQHandler                           0x00000313   Thumb Code     0  arm_startup_nrf52.o(.text)
    MWU_IRQHandler                           0x00000313   Thumb Code     0  arm_startup_nrf52.o(.text)
    NFCT_IRQHandler                          0x00000313   Thumb Code     0  arm_startup_nrf52.o(.text)
    PDM_IRQHandler                           0x00000313   Thumb Code     0  arm_startup_nrf52.o(.text)
    POWER_CLOCK_IRQHandler                   0x00000313   Thumb Code     0  arm_startup_nrf52.o(.text)
    PWM0_IRQHandler                          0x00000313   Thumb Code     0  arm_startup_nrf52.o(.text)
    PWM1_IRQHandler                          0x00000313   Thumb Code     0  arm_startup_nrf52.o(.text)
    PWM2_IRQHandler                          0x00000313   Thumb Code     0  arm_startup_nrf52.o(.text)
    QDEC_IRQHandler                          0x00000313   Thumb Code     0  arm_startup_nrf52.o(.text)
    RADIO_IRQHandler                         0x00000313   Thumb Code     0  arm_startup_nrf52.o(.text)
    RNG_IRQHandler                           0x00000313   Thumb Code     0  arm_startup_nrf52.o(.text)
    RTC0_IRQHandler                          0x00000313   Thumb Code     0  arm_startup_nrf52.o(.text)
    RTC1_IRQHandler                          0x00000313   Thumb Code     0  arm_startup_nrf52.o(.text)
    RTC2_IRQHandler                          0x00000313   Thumb Code     0  arm_startup_nrf52.o(.text)
    SAADC_IRQHandler                         0x00000313   Thumb Code     0  arm_startup_nrf52.o(.text)
    SPIM0_SPIS0_TWIM0_TWIS0_SPI0_TWI0_IRQHandler 0x00000313   Thumb Code     0  arm_startup_nrf52.o(.text)
    SPIM1_SPIS1_TWIM1_TWIS1_SPI1_TWI1_IRQHandler 0x00000313   Thumb Code     0  arm_startup_nrf52.o(.text)
    SPIM2_SPIS2_SPI2_IRQHandler              0x00000313   Thumb Code     0  arm_startup_nrf52.o(.text)
    SWI0_EGU0_IRQHandler                     0x00000313   Thumb Code     0  arm_startup_nrf52.o(.text)
    SWI1_EGU1_IRQHandler                     0x00000313   Thumb Code     0  arm_startup_nrf52.o(.text)
    SWI2_EGU2_IRQHandler                     0x00000313   Thumb Code     0  arm_startup_nrf52.o(.text)
    SWI3_EGU3_IRQHandler                     0x00000313   Thumb Code     0  arm_startup_nrf52.o(.text)
    SWI4_EGU4_IRQHandler                     0x00000313   Thumb Code     0  arm_startup_nrf52.o(.text)
    SWI5_EGU5_IRQHandler                     0x00000313   Thumb Code     0  arm_startup_nrf52.o(.text)
    TEMP_IRQHandler                          0x00000313   Thumb Code     0  arm_startup_nrf52.o(.text)
    TIMER3_IRQHandler                        0x00000313   Thumb Code     0  arm_startup_nrf52.o(.text)
    TIMER4_IRQHandler                        0x00000313   Thumb Code     0  arm_startup_nrf52.o(.text)
    WDT_IRQHandler                           0x00000313   Thumb Code     0  arm_startup_nrf52.o(.text)
    __rt_ctype_table                         0x0000031d   Thumb Code     4  ctype_o.o(.text)
    __aeabi_memcpy                           0x00000325   Thumb Code    36  memcpya.o(.text)
    __aeabi_memcpy4                          0x00000325   Thumb Code     0  memcpya.o(.text)
    __aeabi_memcpy8                          0x00000325   Thumb Code     0  memcpya.o(.text)
    __aeabi_memset                           0x00000349   Thumb Code    14  memseta.o(.text)
    __aeabi_memset4                          0x00000349   Thumb Code     0  memseta.o(.text)
    __aeabi_memset8                          0x00000349   Thumb Code     0  memseta.o(.text)
    __aeabi_memclr                           0x00000357   Thumb Code     4  memseta.o(.text)
    __aeabi_memclr4                          0x00000357   Thumb Code     0  memseta.o(.text)
    __aeabi_memclr8                          0x00000357   Thumb Code     0  memseta.o(.text)
    _memset$wrapper                          0x0000035b   Thumb Code    18  memseta.o(.text)
    strlen                                   0x0000036d   Thumb Code    14  strlen.o(.text)
    __scatterload                            0x0000037d   Thumb Code    28  init.o(.text)
    __scatterload_rt2                        0x0000037d   Thumb Code     0  init.o(.text)
    COMP_LPCOMP_IRQHandler                   0x000003a1   Thumb Code    44  nrfx_comp.o(i.COMP_LPCOMP_IRQHandler)
    GPIOTE_IRQHandler                        0x000003cd   Thumb Code   160  nrfx_gpiote.o(i.GPIOTE_IRQHandler)
    GPIOTE_PPI_init                          0x00000485   Thumb Code   144  main.o(i.GPIOTE_PPI_init)
    SystemInit                               0x00000521   Thumb Code   660  system_nrf52.o(i.SystemInit)
    TIMER0_IRQHandler                        0x000007f9   Thumb Code    10  nrfx_timer.o(i.TIMER0_IRQHandler)
    TIMER1_IRQHandler                        0x0000080d   Thumb Code    10  nrfx_timer.o(i.TIMER1_IRQHandler)
    TIMER2_IRQHandler                        0x00000821   Thumb Code    10  nrfx_timer.o(i.TIMER2_IRQHandler)
    UARTE0_UART0_IRQHandler                  0x00000835   Thumb Code     6  nrfx_prs.o(i.UARTE0_UART0_IRQHandler)
    __0printf$bare                           0x00000841   Thumb Code     8  printfb.o(i.__0printf$bare)
    __1printf$bare                           0x00000841   Thumb Code     0  printfb.o(i.__0printf$bare)
    __2printf                                0x00000841   Thumb Code     0  printfb.o(i.__0printf$bare)
    __scatterload_copy                       0x00000851   Thumb Code    14  handlers.o(i.__scatterload_copy)
    __scatterload_null                       0x0000085f   Thumb Code     2  handlers.o(i.__scatterload_null)
    __scatterload_zeroinit                   0x00000861   Thumb Code    14  handlers.o(i.__scatterload_zeroinit)
    app_error_fault_handler                  0x00000891   Thumb Code    86  app_error_weak.o(i.app_error_fault_handler)
    app_error_handler_bare                   0x00000915   Thumb Code    22  app_error.o(i.app_error_handler_bare)
    app_fifo_get                             0x0000092b   Thumb Code    22  app_fifo.o(i.app_fifo_get)
    app_fifo_init                            0x00000941   Thumb Code    32  app_fifo.o(i.app_fifo_init)
    app_fifo_put                             0x00000961   Thumb Code    26  app_fifo.o(i.app_fifo_put)
    app_uart_init                            0x0000097d   Thumb Code   148  app_uart_fifo.o(i.app_uart_init)
    app_uart_put                             0x00000a21   Thumb Code    70  app_uart_fifo.o(i.app_uart_put)
    app_util_critical_region_enter           0x00000a75   Thumb Code     4  app_util_platform.o(i.app_util_critical_region_enter)
    app_util_critical_region_exit            0x00000a79   Thumb Code     4  app_util_platform.o(i.app_util_critical_region_exit)
    app_util_disable_irq                     0x00000a7d   Thumb Code    12  app_util_platform.o(i.app_util_disable_irq)
    app_util_enable_irq                      0x00000a8d   Thumb Code    14  app_util_platform.o(i.app_util_enable_irq)
    buffer_is_empty                          0x00000c6d   Thumb Code    18  nrf_log_frontend.o(i.buffer_is_empty)
    fputc                                    0x00000d63   Thumb Code    14  retarget.o(i.fputc)
    log_pending_hook                         0x00000f41   Thumb Code     2  nrf_log_frontend.o(i.log_pending_hook)
    main                                     0x00000fe9   Thumb Code   166  main.o(i.main)
    nrf_atomic_flag_clear_fetch              0x00001171   Thumb Code     6  nrf_atomic.o(i.nrf_atomic_flag_clear_fetch)
    nrf_atomic_flag_set                      0x00001177   Thumb Code     6  nrf_atomic.o(i.nrf_atomic_flag_set)
    nrf_atomic_u32_add                       0x0000117d   Thumb Code    12  nrf_atomic.o(i.nrf_atomic_u32_add)
    nrf_atomic_u32_fetch_and                 0x00001189   Thumb Code    10  nrf_atomic.o(i.nrf_atomic_u32_fetch_and)
    nrf_atomic_u32_fetch_store               0x00001193   Thumb Code    10  nrf_atomic.o(i.nrf_atomic_u32_fetch_store)
    nrf_atomic_u32_or                        0x0000119d   Thumb Code    12  nrf_atomic.o(i.nrf_atomic_u32_or)
    nrf_atomic_u32_sub                       0x000011a9   Thumb Code    12  nrf_atomic.o(i.nrf_atomic_u32_sub)
    nrf_balloc_alloc                         0x000011b5   Thumb Code    62  nrf_balloc.o(i.nrf_balloc_alloc)
    nrf_balloc_free                          0x000011f3   Thumb Code    42  nrf_balloc.o(i.nrf_balloc_free)
    nrf_drv_ppi_init                         0x00001241   Thumb Code    18  nrf_drv_ppi.o(i.nrf_drv_ppi_init)
    nrf_drv_uart_init                        0x00001259   Thumb Code    90  nrf_drv_uart.o(i.nrf_drv_uart_init)
    nrf_fprintf                              0x00001301   Thumb Code    26  nrf_fprintf.o(i.nrf_fprintf)
    nrf_fprintf_buffer_flush                 0x0000131b   Thumb Code    24  nrf_fprintf.o(i.nrf_fprintf_buffer_flush)
    nrf_fprintf_fmt                          0x00001333   Thumb Code   474  nrf_fprintf_format.o(i.nrf_fprintf_fmt)
    nrf_log_backend_serial_put               0x00001681   Thumb Code   194  nrf_log_backend_serial.o(i.nrf_log_backend_serial_put)
    nrf_log_color_id_get                     0x00001789   Thumb Code    42  nrf_log_frontend.o(i.nrf_log_color_id_get)
    nrf_log_frontend_dequeue                 0x000017b9   Thumb Code   518  nrf_log_frontend.o(i.nrf_log_frontend_dequeue)
    nrf_log_frontend_std_0                   0x000019e9   Thumb Code     8  nrf_log_frontend.o(i.nrf_log_frontend_std_0)
    nrf_log_hexdump_entry_process            0x000019f1   Thumb Code   150  nrf_log_str_formatter.o(i.nrf_log_hexdump_entry_process)
    nrf_log_module_cnt_get                   0x00001aa1   Thumb Code    10  nrf_log_frontend.o(i.nrf_log_module_cnt_get)
    nrf_log_module_name_get                  0x00001ab5   Thumb Code    24  nrf_log_frontend.o(i.nrf_log_module_name_get)
    nrf_log_panic                            0x00001ad1   Thumb Code    36  nrf_log_frontend.o(i.nrf_log_panic)
    nrf_log_std_entry_process                0x00001af9   Thumb Code   182  nrf_log_str_formatter.o(i.nrf_log_std_entry_process)
    nrf_memobj_alloc                         0x00001baf   Thumb Code    96  nrf_memobj.o(i.nrf_memobj_alloc)
    nrf_memobj_free                          0x00001c0f   Thumb Code    50  nrf_memobj.o(i.nrf_memobj_free)
    nrf_memobj_get                           0x00001c41   Thumb Code     8  nrf_memobj.o(i.nrf_memobj_get)
    nrf_memobj_put                           0x00001c49   Thumb Code    30  nrf_memobj.o(i.nrf_memobj_put)
    nrf_memobj_read                          0x00001c67   Thumb Code    16  nrf_memobj.o(i.nrf_memobj_read)
    nrf_memobj_write                         0x00001c77   Thumb Code    16  nrf_memobj.o(i.nrf_memobj_write)
    nrfx_gpiote_clr_task_addr_get            0x00001ccd   Thumb Code    12  nrfx_gpiote.o(i.nrfx_gpiote_clr_task_addr_get)
    nrfx_gpiote_clr_task_get                 0x00001cdd   Thumb Code    16  nrfx_gpiote.o(i.nrfx_gpiote_clr_task_get)
    nrfx_gpiote_init                         0x00001ced   Thumb Code   102  nrfx_gpiote.o(i.nrfx_gpiote_init)
    nrfx_gpiote_out_init                     0x00001d61   Thumb Code   178  nrfx_gpiote.o(i.nrfx_gpiote_out_init)
    nrfx_gpiote_out_task_enable              0x00001e21   Thumb Code    28  nrfx_gpiote.o(i.nrfx_gpiote_out_task_enable)
    nrfx_gpiote_set_task_addr_get            0x00001e45   Thumb Code    12  nrfx_gpiote.o(i.nrfx_gpiote_set_task_addr_get)
    nrfx_gpiote_set_task_get                 0x00001e55   Thumb Code    16  nrfx_gpiote.o(i.nrfx_gpiote_set_task_get)
    nrfx_ppi_channel_alloc                   0x00001e75   Thumb Code    88  nrfx_ppi.o(i.nrfx_ppi_channel_alloc)
    nrfx_ppi_channel_assign                  0x00001ed5   Thumb Code    62  nrfx_ppi.o(i.nrfx_ppi_channel_assign)
    nrfx_ppi_channel_enable                  0x00001f19   Thumb Code    36  nrfx_ppi.o(i.nrfx_ppi_channel_enable)
    nrfx_prs_acquire                         0x00001f41   Thumb Code    48  nrfx_prs.o(i.nrfx_prs_acquire)
    nrfx_prs_release                         0x00001f71   Thumb Code    18  nrfx_prs.o(i.nrfx_prs_release)
    nrfx_uart_0_irq_handler                  0x00001f85   Thumb Code     8  nrfx_uart.o(i.nrfx_uart_0_irq_handler)
    nrfx_uart_init                           0x00001f95   Thumb Code   200  nrfx_uart.o(i.nrfx_uart_init)
    nrfx_uart_rx                             0x00002069   Thumb Code   230  nrfx_uart.o(i.nrfx_uart_rx)
    nrfx_uart_tx                             0x00002155   Thumb Code   162  nrfx_uart.o(i.nrfx_uart_tx)
    nrfx_uart_tx_in_progress                 0x000021fd   Thumb Code    26  nrfx_uart.o(i.nrfx_uart_tx_in_progress)
    nrfx_uart_uninit                         0x0000221d   Thumb Code   182  nrfx_uart.o(i.nrfx_uart_uninit)
    nrfx_uarte_0_irq_handler                 0x000022dd   Thumb Code     8  nrfx_uarte.o(i.nrfx_uarte_0_irq_handler)
    nrfx_uarte_init                          0x000022ed   Thumb Code   100  nrfx_uarte.o(i.nrfx_uarte_init)
    nrfx_uarte_rx                            0x00002359   Thumb Code   256  nrfx_uarte.o(i.nrfx_uarte_rx)
    nrfx_uarte_tx                            0x0000245d   Thumb Code   166  nrfx_uarte.o(i.nrfx_uarte_tx)
    nrfx_uarte_tx_in_progress                0x00002509   Thumb Code    22  nrfx_uarte.o(i.nrfx_uarte_tx_in_progress)
    nrfx_uarte_uninit                        0x00002525   Thumb Code   254  nrfx_uarte.o(i.nrfx_uarte_uninit)
    nvmc_config                              0x0000262d   Thumb Code    14  system_nrf52.o(i.nvmc_config)
    uart_error_handle                        0x000029b1   Thumb Code    18  main.o(i.uart_error_handle)
    nrf_log_backend_uart_api                 0x00002e70   Data          12  nrf_log_backend_uart.o(.constdata)
    __ctype_table                            0x00002e9c   Data         129  ctype_o.o(.constdata)
    Region$$Table$$Base                      0x00002fd4   Number         0  anon$$obj.o(Region$$Table)
    Region$$Table$$Limit                     0x00002ff4   Number         0  anon$$obj.o(Region$$Table)
    log_const_data$$Base                     0x00003004   Number         0  nrfx_prs.o(log_const_data)
    m_nrf_log_PRS_logs_data_const            0x00003004   Data           8  nrfx_prs.o(log_const_data)
    m_nrf_log_UART_logs_data_const           0x0000300c   Data           8  nrfx_uart.o(log_const_data)
    m_nrf_log_UARTE_logs_data_const          0x00003014   Data           8  nrfx_uarte.o(log_const_data)
    m_nrf_log_COMP_logs_data_const           0x0000301c   Data           8  nrfx_comp.o(log_const_data)
    m_nrf_log_GPIOTE_logs_data_const         0x00003024   Data           8  nrfx_gpiote.o(log_const_data)
    m_nrf_log_PPI_logs_data_const            0x0000302c   Data           8  nrfx_ppi.o(log_const_data)
    m_nrf_log_TIMER_logs_data_const          0x00003034   Data           8  nrfx_timer.o(log_const_data)
    m_nrf_log_app_logs_data_const            0x0000303c   Data           8  nrf_log_frontend.o(log_const_data)
    log_const_data$$Limit                    0x00003044   Number         0  nrf_log_frontend.o(log_const_data)
    log_mempool                              0x00003044   Data          20  nrf_log_frontend.o(nrf_balloc)
    nrf_drv_uart_use_easy_dma                0x20000000   Data           1  nrf_drv_uart.o(.data)
    __stdout                                 0x20000048   Data           4  retarget.o(.data)
    m_uart                                   0x20000050   Data          20  nrf_log_backend_uart.o(.data)
    SystemCoreClock                          0x200000c0   Data           4  system_nrf52.o(.data)
    __initial_sp                             0x200028c8   Data           0  arm_startup_nrf52.o(STACK)



==============================================================================

Memory Map of the image

  Image Entry point : 0x00000201

  Load Region LR_IROM1 (Base: 0x00000000, Size: 0x0000311c, Max: 0x00080000, ABSOLUTE)

    Execution Region ER_IROM1 (Exec base: 0x00000000, Load base: 0x00000000, Size: 0x00003058, Max: 0x00080000, ABSOLUTE)

    Exec Addr    Load Addr    Size         Type   Attr      Idx    E Section Name        Object

    0x00000000   0x00000000   0x00000200   Data   RO         3189    RESET               arm_startup_nrf52.o
    0x00000200   0x00000200   0x00000000   Code   RO         3258  * .ARM.Collect$$$$00000000  mc_w.l(entry.o)
    0x00000200   0x00000200   0x00000004   Code   RO         3559    .ARM.Collect$$$$00000001  mc_w.l(entry2.o)
    0x00000204   0x00000204   0x00000004   Code   RO         3562    .ARM.Collect$$$$00000004  mc_w.l(entry5.o)
    0x00000208   0x00000208   0x00000000   Code   RO         3564    .ARM.Collect$$$$00000008  mc_w.l(entry7b.o)
    0x00000208   0x00000208   0x00000000   Code   RO         3566    .ARM.Collect$$$$0000000A  mc_w.l(entry8b.o)
    0x00000208   0x00000208   0x00000008   Code   RO         3567    .ARM.Collect$$$$0000000B  mc_w.l(entry9a.o)
    0x00000210   0x00000210   0x00000000   Code   RO         3569    .ARM.Collect$$$$0000000D  mc_w.l(entry10a.o)
    0x00000210   0x00000210   0x00000000   Code   RO         3571    .ARM.Collect$$$$0000000F  mc_w.l(entry11a.o)
    0x00000210   0x00000210   0x00000004   Code   RO         3560    .ARM.Collect$$$$00002712  mc_w.l(entry2.o)
    0x00000214   0x00000214   0x000000e2   Code   RO         1900    .emb_text           nrf_atomic.o
    0x000002f6   0x000002f6   0x00000002   PAD
    0x000002f8   0x000002f8   0x00000024   Code   RO         3190    .text               arm_startup_nrf52.o
    0x0000031c   0x0000031c   0x00000008   Code   RO         3261    .text               mc_w.l(ctype_o.o)
    0x00000324   0x00000324   0x00000024   Code   RO         3289    .text               mc_w.l(memcpya.o)
    0x00000348   0x00000348   0x00000024   Code   RO         3291    .text               mc_w.l(memseta.o)
    0x0000036c   0x0000036c   0x0000000e   Code   RO         3293    .text               mc_w.l(strlen.o)
    0x0000037a   0x0000037a   0x00000002   PAD
    0x0000037c   0x0000037c   0x00000024   Code   RO         3588    .text               mc_w.l(init.o)
    0x000003a0   0x000003a0   0x0000002c   Code   RO          996    i.COMP_LPCOMP_IRQHandler  nrfx_comp.o
    0x000003cc   0x000003cc   0x000000b8   Code   RO         1117    i.GPIOTE_IRQHandler  nrfx_gpiote.o
    0x00000484   0x00000484   0x0000009c   Code   RO            4    i.GPIOTE_PPI_init   main.o
    0x00000520   0x00000520   0x000002d8   Code   RO         3198    i.SystemInit        system_nrf52.o
    0x000007f8   0x000007f8   0x00000014   Code   RO         1565    i.TIMER0_IRQHandler  nrfx_timer.o
    0x0000080c   0x0000080c   0x00000014   Code   RO         1566    i.TIMER1_IRQHandler  nrfx_timer.o
    0x00000820   0x00000820   0x00000014   Code   RO         1567    i.TIMER2_IRQHandler  nrfx_timer.o
    0x00000834   0x00000834   0x0000000c   Code   RO          578    i.UARTE0_UART0_IRQHandler  nrfx_prs.o
    0x00000840   0x00000840   0x00000010   Code   RO         3300    i.__0printf$bare    mc_w.l(printfb.o)
    0x00000850   0x00000850   0x0000000e   Code   RO         3600    i.__scatterload_copy  mc_w.l(handlers.o)
    0x0000085e   0x0000085e   0x00000002   Code   RO         3601    i.__scatterload_null  mc_w.l(handlers.o)
    0x00000860   0x00000860   0x0000000e   Code   RO         3602    i.__scatterload_zeroinit  mc_w.l(handlers.o)
    0x0000086e   0x0000086e   0x00000022   Code   RO         3307    i._printf_core      mc_w.l(printfb.o)
    0x00000890   0x00000890   0x00000084   Code   RO         1783    i.app_error_fault_handler  app_error_weak.o
    0x00000914   0x00000914   0x00000016   Code   RO         1711    i.app_error_handler_bare  app_error.o
    0x0000092a   0x0000092a   0x00000016   Code   RO         2451    i.app_fifo_get      app_fifo.o
    0x00000940   0x00000940   0x00000020   Code   RO         2452    i.app_fifo_init     app_fifo.o
    0x00000960   0x00000960   0x0000001a   Code   RO         2454    i.app_fifo_put      app_fifo.o
    0x0000097a   0x0000097a   0x00000002   PAD
    0x0000097c   0x0000097c   0x000000a4   Code   RO         2332    i.app_uart_init     app_uart_fifo.o
    0x00000a20   0x00000a20   0x00000054   Code   RO         2333    i.app_uart_put      app_uart_fifo.o
    0x00000a74   0x00000a74   0x00000004   Code   RO         1811    i.app_util_critical_region_enter  app_util_platform.o
    0x00000a78   0x00000a78   0x00000004   Code   RO         1812    i.app_util_critical_region_exit  app_util_platform.o
    0x00000a7c   0x00000a7c   0x00000010   Code   RO         1813    i.app_util_disable_irq  app_util_platform.o
    0x00000a8c   0x00000a8c   0x00000014   Code   RO         1814    i.app_util_enable_irq  app_util_platform.o
    0x00000aa0   0x00000aa0   0x00000088   Code   RO          641    i.apply_config      nrfx_uart.o
    0x00000b28   0x00000b28   0x00000088   Code   RO          836    i.apply_config      nrfx_uarte.o
    0x00000bb0   0x00000bb0   0x0000008c   Code   RO         2681    i.buf_prealloc      nrf_log_frontend.o
    0x00000c3c   0x00000c3c   0x0000002e   Code   RO         2115    i.buffer_add        nrf_fprintf_format.o
    0x00000c6a   0x00000c6a   0x00000002   PAD
    0x00000c6c   0x00000c6c   0x00000018   Code   RO         2682    i.buffer_is_empty   nrf_log_frontend.o
    0x00000c84   0x00000c84   0x0000001c   Code   RO         1118    i.channel_free      nrfx_gpiote.o
    0x00000ca0   0x00000ca0   0x00000048   Code   RO         1119    i.channel_port_alloc  nrfx_gpiote.o
    0x00000ce8   0x00000ce8   0x00000010   Code   RO         1120    i.channel_port_get  nrfx_gpiote.o
    0x00000cf8   0x00000cf8   0x00000030   Code   RO          997    i.comp_execute_handler  nrfx_comp.o
    0x00000d28   0x00000d28   0x00000014   Code   RO         2683    i.dropped_sat16_get  nrf_log_frontend.o
    0x00000d3c   0x00000d3c   0x00000014   Code   RO         2457    i.fifo_get          app_fifo.o
    0x00000d50   0x00000d50   0x00000012   Code   RO         2458    i.fifo_put          app_fifo.o
    0x00000d62   0x00000d62   0x0000000e   Code   RO         2413    i.fputc             retarget.o
    0x00000d70   0x00000d70   0x000000a6   Code   RO         2116    i.int_print         nrf_fprintf_format.o
    0x00000e16   0x00000e16   0x00000002   PAD
    0x00000e18   0x00000e18   0x00000088   Code   RO          837    i.interrupts_enable  nrfx_uarte.o
    0x00000ea0   0x00000ea0   0x00000034   Code   RO         2684    i.invalid_packets_omit  nrf_log_frontend.o
    0x00000ed4   0x00000ed4   0x00000046   Code   RO         1568    i.irq_handler       nrfx_timer.o
    0x00000f1a   0x00000f1a   0x00000002   PAD
    0x00000f1c   0x00000f1c   0x00000018   Code   RO         1422    i.is_allocated_channel  nrfx_ppi.o
    0x00000f34   0x00000f34   0x0000000c   Code   RO         1425    i.is_programmable_app_channel  nrfx_ppi.o
    0x00000f40   0x00000f40   0x00000002   Code   RO         2685    i.log_pending_hook  nrf_log_frontend.o
    0x00000f42   0x00000f42   0x00000002   PAD
    0x00000f44   0x00000f44   0x000000a4   Code   RO         2686    i.log_skip          nrf_log_frontend.o
    0x00000fe8   0x00000fe8   0x000000d8   Code   RO            5    i.main              main.o
    0x000010c0   0x000010c0   0x0000007e   Code   RO         2155    i.memobj_op         nrf_memobj.o
    0x0000113e   0x0000113e   0x00000002   PAD
    0x00001140   0x00001140   0x00000030   Code   RO         2687    i.module_idx_get    nrf_log_frontend.o
    0x00001170   0x00001170   0x00000006   Code   RO         1902    i.nrf_atomic_flag_clear_fetch  nrf_atomic.o
    0x00001176   0x00001176   0x00000006   Code   RO         1903    i.nrf_atomic_flag_set  nrf_atomic.o
    0x0000117c   0x0000117c   0x0000000c   Code   RO         1905    i.nrf_atomic_u32_add  nrf_atomic.o
    0x00001188   0x00001188   0x0000000a   Code   RO         1909    i.nrf_atomic_u32_fetch_and  nrf_atomic.o
    0x00001192   0x00001192   0x0000000a   Code   RO         1911    i.nrf_atomic_u32_fetch_store  nrf_atomic.o
    0x0000119c   0x0000119c   0x0000000c   Code   RO         1915    i.nrf_atomic_u32_or  nrf_atomic.o
    0x000011a8   0x000011a8   0x0000000c   Code   RO         1917    i.nrf_atomic_u32_sub  nrf_atomic.o
    0x000011b4   0x000011b4   0x0000003e   Code   RO         2039    i.nrf_balloc_alloc  nrf_balloc.o
    0x000011f2   0x000011f2   0x0000002a   Code   RO         2040    i.nrf_balloc_free   nrf_balloc.o
    0x0000121c   0x0000121c   0x00000010   Code   RO         1121    i.nrf_bitmask_bit_is_set  nrfx_gpiote.o
    0x0000122c   0x0000122c   0x00000014   Code   RO          998    i.nrf_comp_event_clear  nrfx_comp.o
    0x00001240   0x00001240   0x00000018   Code   RO         1082    i.nrf_drv_ppi_init  nrf_drv_ppi.o
    0x00001258   0x00001258   0x00000068   Code   RO          387    i.nrf_drv_uart_init  nrf_drv_uart.o
    0x000012c0   0x000012c0   0x00000020   Code   RO         2334    i.nrf_drv_uart_rx   app_uart_fifo.o
    0x000012e0   0x000012e0   0x00000020   Code   RO         2335    i.nrf_drv_uart_tx   app_uart_fifo.o
    0x00001300   0x00001300   0x0000001a   Code   RO         2076    i.nrf_fprintf       nrf_fprintf.o
    0x0000131a   0x0000131a   0x00000018   Code   RO         2077    i.nrf_fprintf_buffer_flush  nrf_fprintf.o
    0x00001332   0x00001332   0x000001da   Code   RO         2117    i.nrf_fprintf_fmt   nrf_fprintf_format.o
    0x0000150c   0x0000150c   0x00000024   Code   RO          642    i.nrf_gpio_cfg      nrfx_uart.o
    0x00001530   0x00001530   0x00000024   Code   RO          838    i.nrf_gpio_cfg      nrfx_uarte.o
    0x00001554   0x00001554   0x00000024   Code   RO         1122    i.nrf_gpio_cfg      nrfx_gpiote.o
    0x00001578   0x00001578   0x00000012   Code   RO          643    i.nrf_gpio_cfg_default  nrfx_uart.o
    0x0000158a   0x0000158a   0x00000012   Code   RO          839    i.nrf_gpio_cfg_default  nrfx_uarte.o
    0x0000159c   0x0000159c   0x00000012   Code   RO          644    i.nrf_gpio_cfg_input  nrfx_uart.o
    0x000015ae   0x000015ae   0x00000012   Code   RO          840    i.nrf_gpio_cfg_input  nrfx_uarte.o
    0x000015c0   0x000015c0   0x00000016   Code   RO          645    i.nrf_gpio_cfg_output  nrfx_uart.o
    0x000015d6   0x000015d6   0x00000016   Code   RO          841    i.nrf_gpio_cfg_output  nrfx_uarte.o
    0x000015ec   0x000015ec   0x00000022   Code   RO         1124    i.nrf_gpio_cfg_sense_set  nrfx_gpiote.o
    0x0000160e   0x0000160e   0x00000002   PAD
    0x00001610   0x00001610   0x0000002c   Code   RO         1125    i.nrf_gpio_latches_read_and_clear  nrfx_gpiote.o
    0x0000163c   0x0000163c   0x0000001e   Code   RO         1126    i.nrf_gpio_pin_present_check  nrfx_gpiote.o
    0x0000165a   0x0000165a   0x00000002   PAD
    0x0000165c   0x0000165c   0x00000014   Code   RO         1127    i.nrf_gpiote_event_clear  nrfx_gpiote.o
    0x00001670   0x00001670   0x00000010   Code   RO         1128    i.nrf_gpiote_event_is_set  nrfx_gpiote.o
    0x00001680   0x00001680   0x000000c2   Code   RO         2538    i.nrf_log_backend_serial_put  nrf_log_backend_serial.o
    0x00001742   0x00001742   0x00000002   Code   RO         2578    i.nrf_log_backend_uart_flush  nrf_log_backend_uart.o
    0x00001744   0x00001744   0x0000002c   Code   RO         2580    i.nrf_log_backend_uart_panic_set  nrf_log_backend_uart.o
    0x00001770   0x00001770   0x00000018   Code   RO         2581    i.nrf_log_backend_uart_put  nrf_log_backend_uart.o
    0x00001788   0x00001788   0x00000030   Code   RO         2690    i.nrf_log_color_id_get  nrf_log_frontend.o
    0x000017b8   0x000017b8   0x00000230   Code   RO         2691    i.nrf_log_frontend_dequeue  nrf_log_frontend.o
    0x000019e8   0x000019e8   0x00000008   Code   RO         2693    i.nrf_log_frontend_std_0  nrf_log_frontend.o
    0x000019f0   0x000019f0   0x000000b0   Code   RO         2874    i.nrf_log_hexdump_entry_process  nrf_log_str_formatter.o
    0x00001aa0   0x00001aa0   0x00000014   Code   RO         2701    i.nrf_log_module_cnt_get  nrf_log_frontend.o
    0x00001ab4   0x00001ab4   0x0000001c   Code   RO         2704    i.nrf_log_module_name_get  nrf_log_frontend.o
    0x00001ad0   0x00001ad0   0x00000028   Code   RO         2705    i.nrf_log_panic     nrf_log_frontend.o
    0x00001af8   0x00001af8   0x000000b6   Code   RO         2875    i.nrf_log_std_entry_process  nrf_log_str_formatter.o
    0x00001bae   0x00001bae   0x00000060   Code   RO         2156    i.nrf_memobj_alloc  nrf_memobj.o
    0x00001c0e   0x00001c0e   0x00000032   Code   RO         2157    i.nrf_memobj_free   nrf_memobj.o
    0x00001c40   0x00001c40   0x00000008   Code   RO         2158    i.nrf_memobj_get    nrf_memobj.o
    0x00001c48   0x00001c48   0x0000001e   Code   RO         2160    i.nrf_memobj_put    nrf_memobj.o
    0x00001c66   0x00001c66   0x00000010   Code   RO         2161    i.nrf_memobj_read   nrf_memobj.o
    0x00001c76   0x00001c76   0x00000010   Code   RO         2162    i.nrf_memobj_write  nrf_memobj.o
    0x00001c86   0x00001c86   0x0000000c   Code   RO         1569    i.nrf_timer_event_clear  nrfx_timer.o
    0x00001c92   0x00001c92   0x0000000a   Code   RO          646    i.nrf_uart_event_check  nrfx_uart.o
    0x00001c9c   0x00001c9c   0x0000000c   Code   RO          647    i.nrf_uart_event_clear  nrfx_uart.o
    0x00001ca8   0x00001ca8   0x0000000c   Code   RO          648    i.nrf_uart_int_enable_check  nrfx_uart.o
    0x00001cb4   0x00001cb4   0x0000000a   Code   RO          842    i.nrf_uarte_event_check  nrfx_uarte.o
    0x00001cbe   0x00001cbe   0x0000000c   Code   RO          843    i.nrf_uarte_event_clear  nrfx_uarte.o
    0x00001cca   0x00001cca   0x00000002   PAD
    0x00001ccc   0x00001ccc   0x00000010   Code   RO         1129    i.nrfx_gpiote_clr_task_addr_get  nrfx_gpiote.o
    0x00001cdc   0x00001cdc   0x00000010   Code   RO         1130    i.nrfx_gpiote_clr_task_get  nrfx_gpiote.o
    0x00001cec   0x00001cec   0x00000074   Code   RO         1139    i.nrfx_gpiote_init  nrfx_gpiote.o
    0x00001d60   0x00001d60   0x000000c0   Code   RO         1142    i.nrfx_gpiote_out_init  nrfx_gpiote.o
    0x00001e20   0x00001e20   0x00000024   Code   RO         1146    i.nrfx_gpiote_out_task_enable  nrfx_gpiote.o
    0x00001e44   0x00001e44   0x00000010   Code   RO         1152    i.nrfx_gpiote_set_task_addr_get  nrfx_gpiote.o
    0x00001e54   0x00001e54   0x00000010   Code   RO         1153    i.nrfx_gpiote_set_task_get  nrfx_gpiote.o
    0x00001e64   0x00001e64   0x00000010   Code   RO          844    i.nrfx_is_in_ram    nrfx_uarte.o
    0x00001e74   0x00001e74   0x00000060   Code   RO         1426    i.nrfx_ppi_channel_alloc  nrfx_ppi.o
    0x00001ed4   0x00001ed4   0x00000044   Code   RO         1427    i.nrfx_ppi_channel_assign  nrfx_ppi.o
    0x00001f18   0x00001f18   0x00000028   Code   RO         1429    i.nrfx_ppi_channel_enable  nrfx_ppi.o
    0x00001f40   0x00001f40   0x00000030   Code   RO          579    i.nrfx_prs_acquire  nrfx_prs.o
    0x00001f70   0x00001f70   0x00000012   Code   RO          580    i.nrfx_prs_release  nrfx_prs.o
    0x00001f82   0x00001f82   0x00000002   PAD
    0x00001f84   0x00001f84   0x00000010   Code   RO          649    i.nrfx_uart_0_irq_handler  nrfx_uart.o
    0x00001f94   0x00001f94   0x000000d4   Code   RO          651    i.nrfx_uart_init    nrfx_uart.o
    0x00002068   0x00002068   0x000000ec   Code   RO          652    i.nrfx_uart_rx      nrfx_uart.o
    0x00002154   0x00002154   0x000000a8   Code   RO          657    i.nrfx_uart_tx      nrfx_uart.o
    0x000021fc   0x000021fc   0x00000020   Code   RO          659    i.nrfx_uart_tx_in_progress  nrfx_uart.o
    0x0000221c   0x0000221c   0x000000c0   Code   RO          660    i.nrfx_uart_uninit  nrfx_uart.o
    0x000022dc   0x000022dc   0x00000010   Code   RO          845    i.nrfx_uarte_0_irq_handler  nrfx_uarte.o
    0x000022ec   0x000022ec   0x0000006c   Code   RO          847    i.nrfx_uarte_init   nrfx_uarte.o
    0x00002358   0x00002358   0x00000104   Code   RO          848    i.nrfx_uarte_rx     nrfx_uarte.o
    0x0000245c   0x0000245c   0x000000ac   Code   RO          851    i.nrfx_uarte_tx     nrfx_uarte.o
    0x00002508   0x00002508   0x0000001c   Code   RO          853    i.nrfx_uarte_tx_in_progress  nrfx_uarte.o
    0x00002524   0x00002524   0x00000108   Code   RO          854    i.nrfx_uarte_uninit  nrfx_uarte.o
    0x0000262c   0x0000262c   0x00000018   Code   RO         3199    i.nvmc_config       system_nrf52.o
    0x00002644   0x00002644   0x0000001c   Code   RO         1158    i.pin_configured_set  nrfx_gpiote.o
    0x00002660   0x00002660   0x000000a8   Code   RO         1161    i.port_event_handle  nrfx_gpiote.o
    0x00002708   0x00002708   0x00000010   Code   RO         1162    i.port_handler_polarity_get  nrfx_gpiote.o
    0x00002718   0x00002718   0x0000003c   Code   RO         2877    i.postfix_process   nrf_log_str_formatter.o
    0x00002754   0x00002754   0x00000098   Code   RO         2878    i.prefix_process    nrf_log_str_formatter.o
    0x000027ec   0x000027ec   0x00000018   Code   RO          581    i.prs_box_get       nrfx_prs.o
    0x00002804   0x00002804   0x00000032   Code   RO          661    i.rx_byte           nrfx_uart.o
    0x00002836   0x00002836   0x00000016   Code   RO          662    i.rx_done_event     nrfx_uart.o
    0x0000284c   0x0000284c   0x00000016   Code   RO          855    i.rx_done_event     nrfx_uarte.o
    0x00002862   0x00002862   0x00000020   Code   RO          663    i.rx_enable         nrfx_uart.o
    0x00002882   0x00002882   0x00000002   PAD
    0x00002884   0x00002884   0x00000040   Code   RO         2582    i.serial_tx         nrf_log_backend_uart.o
    0x000028c4   0x000028c4   0x00000098   Code   RO         2707    i.std_n             nrf_log_frontend.o
    0x0000295c   0x0000295c   0x00000020   Code   RO          664    i.tx_byte           nrfx_uart.o
    0x0000297c   0x0000297c   0x0000001a   Code   RO          665    i.tx_done_event     nrfx_uart.o
    0x00002996   0x00002996   0x0000001a   Code   RO          856    i.tx_done_event     nrfx_uarte.o
    0x000029b0   0x000029b0   0x00000012   Code   RO            6    i.uart_error_handle  main.o
    0x000029c2   0x000029c2   0x00000002   PAD
    0x000029c4   0x000029c4   0x000000a4   Code   RO         2336    i.uart_event_handler  app_uart_fifo.o
    0x00002a68   0x00002a68   0x00000030   Code   RO          388    i.uart_evt_handler  nrf_drv_uart.o
    0x00002a98   0x00002a98   0x0000000c   Code   RO         2583    i.uart_evt_handler  nrf_log_backend_uart.o
    0x00002aa4   0x00002aa4   0x00000050   Code   RO         2584    i.uart_init         nrf_log_backend_uart.o
    0x00002af4   0x00002af4   0x0000012a   Code   RO          666    i.uart_irq_handler  nrfx_uart.o
    0x00002c1e   0x00002c1e   0x00000002   PAD
    0x00002c20   0x00002c20   0x00000030   Code   RO          389    i.uarte_evt_handler  nrf_drv_uart.o
    0x00002c50   0x00002c50   0x00000112   Code   RO          857    i.uarte_irq_handler  nrfx_uarte.o
    0x00002d62   0x00002d62   0x00000002   PAD
    0x00002d64   0x00002d64   0x000000b4   Code   RO         2118    i.unsigned_print    nrf_fprintf_format.o
    0x00002e18   0x00002e18   0x0000001c   Data   RO            8    .constdata          main.o
    0x00002e34   0x00002e34   0x00000004   Data   RO          669    .constdata          nrfx_uart.o
    0x00002e38   0x00002e38   0x00000004   Data   RO          860    .constdata          nrfx_uarte.o
    0x00002e3c   0x00002e3c   0x00000004   Data   RO         1164    .constdata          nrfx_gpiote.o
    0x00002e40   0x00002e40   0x00000010   Data   RO         2119    .constdata          nrf_fprintf_format.o
    0x00002e50   0x00002e50   0x00000020   Data   RO         2338    .constdata          app_uart_fifo.o
    0x00002e70   0x00002e70   0x0000000c   Data   RO         2586    .constdata          nrf_log_backend_uart.o
    0x00002e7c   0x00002e7c   0x00000020   Data   RO         2587    .constdata          nrf_log_backend_uart.o
    0x00002e9c   0x00002e9c   0x00000081   Data   RO         3262    .constdata          mc_w.l(ctype_o.o)
    0x00002f1d   0x00002f1d   0x00000003   PAD
    0x00002f20   0x00002f20   0x00000004   Data   RO         3263    .constdata          mc_w.l(ctype_o.o)
    0x00002f24   0x00002f24   0x00000066   Data   RO         2879    .conststring        nrf_log_str_formatter.o
    0x00002f8a   0x00002f8a   0x00000002   PAD
    0x00002f8c   0x00002f8c   0x00000004   Data   RO          583    .conststrlit        nrfx_prs.o
    0x00002f90   0x00002f90   0x00000005   Data   RO          672    .conststrlit        nrfx_uart.o
    0x00002f95   0x00002f95   0x00000003   PAD
    0x00002f98   0x00002f98   0x00000006   Data   RO          863    .conststrlit        nrfx_uarte.o
    0x00002f9e   0x00002f9e   0x00000002   PAD
    0x00002fa0   0x00002fa0   0x00000005   Data   RO         1006    .conststrlit        nrfx_comp.o
    0x00002fa5   0x00002fa5   0x00000003   PAD
    0x00002fa8   0x00002fa8   0x00000007   Data   RO         1168    .conststrlit        nrfx_gpiote.o
    0x00002faf   0x00002faf   0x00000001   PAD
    0x00002fb0   0x00002fb0   0x00000004   Data   RO         1451    .conststrlit        nrfx_ppi.o
    0x00002fb4   0x00002fb4   0x00000006   Data   RO         1586    .conststrlit        nrfx_timer.o
    0x00002fba   0x00002fba   0x00000002   PAD
    0x00002fbc   0x00002fbc   0x00000011   Data   RO         2646    .conststrlit        nrf_log_default_backends.o
    0x00002fcd   0x00002fcd   0x00000003   PAD
    0x00002fd0   0x00002fd0   0x00000004   Data   RO         2713    .conststrlit        nrf_log_frontend.o
    0x00002fd4   0x00002fd4   0x00000020   Data   RO         3598    Region$$Table       anon$$obj.o
    0x00002ff4   0x00002ff4   0x00000010   Data   RO         2648    log_backends        nrf_log_default_backends.o
    0x00003004   0x00003004   0x00000008   Data   RO          585    log_const_data      nrfx_prs.o
    0x0000300c   0x0000300c   0x00000008   Data   RO          673    log_const_data      nrfx_uart.o
    0x00003014   0x00003014   0x00000008   Data   RO          864    log_const_data      nrfx_uarte.o
    0x0000301c   0x0000301c   0x00000008   Data   RO         1008    log_const_data      nrfx_comp.o
    0x00003024   0x00003024   0x00000008   Data   RO         1169    log_const_data      nrfx_gpiote.o
    0x0000302c   0x0000302c   0x00000008   Data   RO         1453    log_const_data      nrfx_ppi.o
    0x00003034   0x00003034   0x00000008   Data   RO         1587    log_const_data      nrfx_timer.o
    0x0000303c   0x0000303c   0x00000008   Data   RO         2717    log_const_data      nrf_log_frontend.o
    0x00003044   0x00003044   0x00000014   Data   RO         2718    nrf_balloc          nrf_log_frontend.o


    Execution Region RW_IRAM1 (Exec base: 0x20000000, Load base: 0x00003058, Size: 0x000028c8, Max: 0x00010000, ABSOLUTE)

    Exec Addr    Load Addr    Size         Type   Attr      Idx    E Section Name        Object

    0x20000000   0x00003058   0x0000000c   Data   RW          390    .data               nrf_drv_uart.o
    0x2000000c   0x00003064   0x00000008   Data   RW          584    .data               nrfx_prs.o
    0x20000014   0x0000306c   0x00000008   Data   RW         1007    .data               nrfx_comp.o
    0x2000001c   0x00003074   0x00000001   Data   RW         1084    .data               nrf_drv_ppi.o
    0x2000001d   0x00003075   0x00000003   PAD
    0x20000020   0x00003078   0x00000008   Data   RW         1452    .data               nrfx_ppi.o
    0x20000028   0x00003080   0x00000004   Data   RW         1817    .data               app_util_platform.o
    0x2000002c   0x00003084   0x0000001c   Data   RW         2339    .data               app_uart_fifo.o
    0x20000048   0x000030a0   0x00000004   Data   RW         2414    .data               retarget.o
    0x2000004c   0x000030a4   0x00000018   Data   RW         2588    .data               nrf_log_backend_uart.o
    0x20000064   0x000030bc   0x00000008   Data   RW         2647    .data               nrf_log_default_backends.o
    0x2000006c   0x000030c4   0x00000004   Data   RW         2714    .data               nrf_log_frontend.o
    0x20000070   0x000030c8   0x00000008   Data   RW         2715    .data               nrf_log_frontend.o
    0x20000078   0x000030d0   0x00000008   Data   RW         2716    .data               nrf_log_frontend.o
    0x20000080   0x000030d8   0x00000040   Data   RW         2880    .data               nrf_log_str_formatter.o
    0x200000c0   0x00003118   0x00000004   Data   RW         3201    .data               system_nrf52.o
    0x200000c4        -       0x00000200   Zero   RW            7    .bss                main.o
    0x200002c4        -       0x0000002c   Zero   RW          667    .bss                nrfx_uart.o
    0x200002f0        -       0x00000024   Zero   RW          858    .bss                nrfx_uarte.o
    0x20000314        -       0x0000004c   Zero   RW         1163    .bss                nrfx_gpiote.o
    0x20000360        -       0x00000024   Zero   RW         1584    .bss                nrfx_timer.o
    0x20000384        -       0x00000020   Zero   RW         2337    .bss                app_uart_fifo.o
    0x200003a4        -       0x00000040   Zero   RW         2585    .bss                nrf_log_backend_uart.o
    0x200003e4        -       0x000000c0   Zero   RW         2708    .bss                nrf_log_frontend.o
    0x200004a4        -       0x00000420   Zero   RW         2711    .bss                nrf_log_frontend.o
    0x200008c4   0x0000311c   0x00000004   PAD
    0x200008c8        -       0x00002000   Zero   RW         3187    STACK               arm_startup_nrf52.o


==============================================================================

Image component sizes


      Code (inc. data)   RO Data    RW Data    ZI Data      Debug   Object Name

        22          0          0          0          0       2529   app_error.o
         0          0          0          0          0        392   app_error_handler_keil.o
       132         46          0          0          0      30925   app_error_weak.o
       118          0          0          0          0       4470   app_fifo.o
       476         50         32         28         32      15823   app_uart_fifo.o
        44         10          0          4          0       3356   app_util_platform.o
        36          8        512          0       8192        928   arm_startup_nrf52.o
         0          0          0          0          0        524   boards.o
       390         62         28          0        512      83906   main.o
       294          0          0          0          0       7891   nrf_atomic.o
       104          0          0          0          0       2782   nrf_balloc.o
        24          6          0          1          0        967   nrf_drv_ppi.o
       200         26          0         12          0      17844   nrf_drv_uart.o
        50          0          0          0          0       3541   nrf_fprintf.o
       866          4         16          0          0       6562   nrf_fprintf_format.o
       194          0          0          0          0      11633   nrf_log_backend_serial.o
       226         44         44         24         64       9338   nrf_log_backend_uart.o
         0          0         33          8          0       2529   nrf_log_default_backends.o
      1306        112         32         20       1248      26622   nrf_log_frontend.o
       570        108        102         64          0       5668   nrf_log_str_formatter.o
       342          0          0          0          0       8916   nrf_memobj.o
         0          0          0          0          0       1092   nrf_ringbuf.o
       112         12         13          8          0       7118   nrfx_comp.o
      1116        116         19          0         76      65176   nrfx_gpiote.o
       240         22         12          8          0      10677   nrfx_ppi.o
       102         16         12          8          0       5732   nrfx_prs.o
       142         30         14          0         36      11631   nrfx_timer.o
      1580         48         17          0         44      65127   nrfx_uart.o
      1574         46         18          0         36      27807   nrfx_uarte.o
        14          0          0          4          0       2878   retarget.o
       752         78          0          4          0      32353   system_nrf52.o

    ----------------------------------------------------------------------
     11056        844        952        196      10244     476737   Object Totals
         0          0         32          0          0          0   (incl. Generated)
        30          0         16          3          4          0   (incl. Padding)

    ----------------------------------------------------------------------

      Code (inc. data)   RO Data    RW Data    ZI Data      Debug   Library Member Name

         8          4        133          0          0         68   ctype_o.o
         0          0          0          0          0          0   entry.o
         0          0          0          0          0          0   entry10a.o
         0          0          0          0          0          0   entry11a.o
         8          4          0          0          0          0   entry2.o
         4          0          0          0          0          0   entry5.o
         0          0          0          0          0          0   entry7b.o
         0          0          0          0          0          0   entry8b.o
         8          4          0          0          0          0   entry9a.o
        30          0          0          0          0          0   handlers.o
        36          8          0          0          0         68   init.o
        36          0          0          0          0         68   memcpya.o
        36          0          0          0          0        108   memseta.o
        50          8          0          0          0        152   printfb.o
        14          0          0          0          0         68   strlen.o

    ----------------------------------------------------------------------
       232         28        136          0          0        532   Library Totals
         2          0          3          0          0          0   (incl. Padding)

    ----------------------------------------------------------------------

      Code (inc. data)   RO Data    RW Data    ZI Data      Debug   Library Name

       230         28        133          0          0        532   mc_w.l

    ----------------------------------------------------------------------
       232         28        136          0          0        532   Library Totals

    ----------------------------------------------------------------------

==============================================================================


      Code (inc. data)   RO Data    RW Data    ZI Data      Debug   

     11288        872       1088        196      10244     462969   Grand Totals
     11288        872       1088        196      10244     462969   ELF Image Totals
     11288        872       1088        196          0          0   ROM Totals

==============================================================================

    Total RO  Size (Code + RO Data)                12376 (  12.09kB)
    Total RW  Size (RW Data + ZI Data)             10440 (  10.20kB)
    Total ROM Size (Code + RO Data + RW Data)      12572 (  12.28kB)

==============================================================================

